The user logins into account 5HUL5OXZTJSIJVM43NIY5QMK6GLE2OV3QMUOPV2564OU34N6Q6XIPKA2R4
The advertiser logins into account U2VHSZL3LNGATL3IBCXFCPBTYSXYZBW2J4OGMPLTA4NA2CB4PR7AW7C77E
The advertiser logins into account VTCUKJ7XK2B2DMJXWLPYCB3WVPVHYJCHZTIQTQ6L7RADKYIRBALU7DYX6U
Money transferring transaction NBVAUWM32JYSB5D3RM7F2OJ2TJQ54Q343PZ4KFMVEA5JIMGT3DMA confirmed in round 11708462.
The advertiser logins into account B7LQUWXD45LLIGBCMJDJ2U3VPQITXL6O3XYOFMRTU47GVANRHKJYRHL3EQ
Money transferring transaction QG7S2C47JNBHO7RT3KSEPXG6KK5SVNWJN4JO7YSK2TNFFKIB7MTQ confirmed in round 11708465.
The advertiser logins into account JLWRFJVL6WQPLQ4Q6IOO3OBCK4FOACDHSVLEAM4CYYB6WY2PSZ4U7J6FIQ
Money transferring transaction RFPZCRSKJCLWBCUT7DZMHH7SEDMJWR2T7XRVCK2UTQXT6C7Z2UNQ confirmed in round 11708468.
The advertiser logins into account RNUYYKZX4H7GCP57WQBS2JB47O5HK2M6CC5Z25N7SNVJYYRZDOZP4U6E2I
Money transferring transaction 7FU5GAW4HBRGQHBAV7UFXPABSY4JHYHPNAU7V7LBZ4AY4EFPDLCQ confirmed in round 11708471.
The advertiser logins into account PAMOTPOU2IVNFSGZ3KBJRWN6DZSV3XBAILJTAD2ZQMRAJCG2K6GM2XE5GI
Money transferring transaction CSV23KEG2PW3W4UNRT5VFHVSBGRCVIYJE3Z6WKKOC2PAZMNFSQNA confirmed in round 11708474.
The advertiser logins into account V3CAP5R7Y2QCL2IWITMNKIGBHJRUSMB2H5KXCKLBY766KNQQG2HEWITYQM
Money transferring transaction STD4LDYTKUPCNNBVADUENDIRCO5DDJ7VSXHQMGEMQKWMNTUBJ5UA confirmed in round 11708477.
The advertiser logins into account SVOWHTQWPHDJJLRSKTOCHBN44WOZDV7WRWJYLHZWIDEJ5PEELH2CHH7UP4
Money transferring transaction MQYKA7BSVEB7XJYOY7WNQMNZ7DHSF6XUBUVE2LRCWATHL4R3QILA confirmed in round 11708480.
The advertiser logins into account APVNWED45IYRTNAUDB3C42LGQBLFW6QS6FSJG7YOTDDXJTYYWHZK4FM2UU
Money transferring transaction QQU5FKMTIGAQQ4GLOALHDOBGSKPAYZEY3IZITAVWCN2JRP2SKBIQ confirmed in round 11708483.
The advertiser logins into account 5RR3FR5XAQRPLMX7CTS7BZKXH4MBA5BHHZPRSLQR7DY3L3FBURN3VFQ5LU
Money transferring transaction 2OEPU7LWGFRJPD7LFTXJNQCXH2LQ73B5GJVZQHWKKYIV5HQQLMLQ confirmed in round 11708486.
The advertiser logins into account ABEX3FQ5IMN2BQI2CUSPZ2YZETGLEXYHRG2XOWEGCP77BS5UBT2TKRPWWQ
Money transferring transaction QTQI7TOZQWNEZMB6JCSNB6WL4NFYDJLZPLTMURULTJ76Q42NMRWA confirmed in round 11708489.
Waiting for confirmation...
Transaction HKIKEON7XIBI3Z6YNVS6JKMOHCC4UDLGPWUXSGYZPDEH3CFPPO2A confirmed in round 11708492.
Created new app:13374006
Waiting for confirmation...
Transaction BLXAFOF7W4PS2LYOUJ22HTJ6QOSPJPEFZDWVI654J2ZFZLF4DYVQ confirmed in round 11708494.
Created new app:13374007
Waiting for confirmation...
Transaction SGNMWZKPPTUHG6I3SR4XJT6O25AVITFKRWKMEXHX43TX6VGKAEGA confirmed in round 11708496.
Chain to app: 13374006
Waiting for confirmation...
Transaction 2SV64YQ47FTHIBBJXBC55AHYJMHP5JZOU4BLGC3T32KP5VSYNOOA confirmed in round 11708498.
Created new app:13374009
Waiting for confirmation...
Transaction FINCVSVMJTFB2OGQN265WZF3XC6UIYASFFBMQTWFPUFPCHMSH7EQ confirmed in round 11708500.
Chain to app: 13374007
Waiting for confirmation...
Transaction FJU6GQIRJR6FMNTKDPXL76BGLU35E2TDMGEOOWUAXJKYZHXZUGMA confirmed in round 11708502.
Created new app:13374011
Waiting for confirmation...
Transaction FMSTHCG3T6ZE36ZKKV4MN5EDVXLUWEFWEFRSOAAPH5ORYXV7423A confirmed in round 11708504.
Chain to app: 13374009
Waiting for confirmation...
Transaction BTNTTXYNGDKIQYRDUVO2VCYSYX3WTB3UKPIJMM3YQUO7NORN7U3A confirmed in round 11708506.
Created new app:13374014
Waiting for confirmation...
Transaction OQOVYIYFONVPTYYC5XYS3P6EABVFJ4EINSHINWNPPEFIUUJKO6RQ confirmed in round 11708508.
Chain to app: 13374011
Waiting for confirmation...
Transaction LSIQMGJWOWYS4HRZFJGDKCRPKOTXKJNO622QPCOK3QFX5RE3ZBTA confirmed in round 11708510.
Created new app:13374017
Waiting for confirmation...
Transaction NDTW4KACH6HDNCTXXY57FLVOKKZRQ2A6ZNNZ4MAE7NPM4DE52N3A confirmed in round 11708512.
Chain to app: 13374014
Waiting for confirmation...
Transaction 4MBFWWVP6QJII5QTC4RIA66TJBKQA5KWKNKAU3XA5J4NO3YSPWHA confirmed in round 11708514.
Created new app:13374019
Waiting for confirmation...
Transaction LJAFFGG7YB3QHAB6K2D7GRWNCILH3JRT64LVTR2TXS2YZ3TBM6YQ confirmed in round 11708516.
Chain to app: 13374017
Waiting for confirmation...
Transaction MZ7HELONK6BGPLAT5SKGQRS2HS3TO6EFBTD7HXPMERGU4ZO2KGMA confirmed in round 11708518.
Created new app:13374021
Waiting for confirmation...
Transaction MJKRYTVULEEPEC2J6BPQ6LEKC75YGGKHYCI5V4HPBVQDT5QBCL3A confirmed in round 11708520.
Chain to app: 13374019
Waiting for confirmation...
Transaction HB2GNJFY27VRT7EQNAQP6MXI26E3YTSCZGH3KMMRRZWLEDDV33XA confirmed in round 11708522.
Created new app:13374023
Waiting for confirmation...
Transaction K6GD6AKVTXOONLGE3TFUFC6A7NBRKV7OGJZQDCYGFNYPUNJ7L63Q confirmed in round 11708524.
Chain to app: 13374021
Waiting for confirmation...
Transaction VZOXA5I5HCTTFM6XZD5LHEKO7NX5RTDMRNDGYDVTKFAP34JXZPJQ confirmed in round 11708526.
Created new app:13374025
Waiting for confirmation...
Transaction GZMHU3RN566LMSC6EVQEJA3IQGRARBRKHPWM6C7ZTMYPOEVIPLOQ confirmed in round 11708528.
Chain to app: 13374023
Waiting for confirmation...
Transaction Q433NCJ2BJQSG7ACW5TUXZ42LDWKNTQ2OFNKENWAKJCTFZH4A6YQ confirmed in round 11708530.
Created new app:13374027
Waiting for confirmation...
Transaction ACX763YS22P44DBVNAWM6IQPVFTZY6QNSUXPSQFCYNBF3AQVJ7JA confirmed in round 11708532.
Created new app:13374028
Waiting for confirmation...
Transaction WR5VDDK7UPPC35IUMNSN5WQS6DO7NQHDVCA3IG36CYPPTB42V7LA confirmed in round 11708534.
Chain to app: 13374027
Waiting for confirmation...
Transaction G6A7UODBUZ4VWE6DQ26PH2L5AYK5Q6LFWJNLND62CQF7F5FDYPPQ confirmed in round 11708536.
Created new app:13374031
Waiting for confirmation...
Transaction 6GJIOZZSNMGSW4YM53Q2L67LTCGIJZJ7RPO63FDP72ONMLQSRTSQ confirmed in round 11708538.
Chain to app: 13374028
Waiting for confirmation...
Transaction A7O6FSG5TJK2GSVJ2PHBLMCVIWPUYBZ57YM5RWS7TMGKTWUSPTDA confirmed in round 11708540.
Created new app:13374033
Waiting for confirmation...
Transaction ZCQ6626JHABAZT3TATCEUVH4LTH75OBGRBCR2FJJERRLWDMQHAYQ confirmed in round 11708542.
Chain to app: 13374031
Waiting for confirmation...
Transaction 7H5YDEP4U2WYIQDNMZ5WB4YUCT2GDXAW76ATKPFSR5NQYOHCLNHQ confirmed in round 11708544.
Created new app:13374035
Waiting for confirmation...
Transaction 7C4L76OGA4TZFKIBTOUAJNSBNQYUESQKUNVX6RDNB7VAZHXEGQVQ confirmed in round 11708546.
Chain to app: 13374033
Waiting for confirmation...
Transaction CK5JQ424PFGSMEF3AICC5BMYS442LQSBR7W4ZGMR2WWTALJT7SPQ confirmed in round 11708548.
Created new app:13374037
Waiting for confirmation...
Transaction 7P5RL74PTB4VTY4BM4SI2BA5LJQONZEBCPL6HOL6GETKIWRFALVQ confirmed in round 11708550.
Chain to app: 13374035
Waiting for confirmation...
Transaction JMRZZMIZ2K5BWHAKRYDH7WOLTM7YNCQPJYCZFMKHWW7SNWFAF6WA confirmed in round 11708552.
Created new app:13374039
Waiting for confirmation...
Transaction SRDBPDYJBFRRVT3JUQOK52OBVLBZREB5G2HYJ75HVYDCDNXRBE6Q confirmed in round 11708554.
Chain to app: 13374037
Waiting for confirmation...
Transaction KZTILVW4YKX4SFT5JTAXFKQSZZSAHRHTUKRIULYHB3T4BYT4ISUQ confirmed in round 11708556.
Created new app:13374044
Waiting for confirmation...
Transaction OVLK2V4CSPA5BPER26U3GFTE7XMI3VAY2S2II2M67TEUS5AJONFQ confirmed in round 11708558.
Chain to app: 13374039
Waiting for confirmation...
Transaction J24TIMN37R2NE7H6BBYMJSH47545YMK4G663TXAQMAET7MAI657Q confirmed in round 11708560.
Created new app:13374046
Waiting for confirmation...
Transaction CNBJDJ3XJEXXBV6E4VTMG6J2ZVLGJSRDMMKW4PVDR2NIBTYBMOPA confirmed in round 11708562.
Chain to app: 13374044
Waiting for confirmation...
Transaction B4TNZGR74RYDMICYVHOYG2VPM5SFUW73LPHO6WMN2RBWSET7OZMA confirmed in round 11708564.
Created new app:13374049
Waiting for confirmation...
Transaction FT5ISI2NHCSBZ7IX4RJ4SKIKOZWPS26OEIOX474YDXPGHTSXEFGA confirmed in round 11708566.
Chain to app: 13374046
Waiting for confirmation...
Transaction CSUHWYF7EDA4OGBWCFXICOWCYYD63PYUPASSVHBQ6SQJMYZEQGAA confirmed in round 11708568.
Created new app:13374051
Waiting for confirmation...
Transaction K3QCGFLWZQ6FZFNDNFJ3LC66RJSJW3PKNBTYIOUKMLBWYQWKBIXQ confirmed in round 11708570.
Created new app:13374052
Waiting for confirmation...
Transaction DIPTCEX4347JDVHGGVYWQSTZQ5WNRSNRLDL3KFBGXSWRQ33EXX7Q confirmed in round 11708572.
Chain to app: 13374051
Waiting for confirmation...
Transaction LZ2AFD3MQTD4FRENTGLHTUFRQX3XNNE4I24E6LEGP2QCG4FTZEUQ confirmed in round 11708574.
Created new app:13374054
Waiting for confirmation...
Transaction JNEMUWQFWONG2S6JDCBSSANBSSVUIGBDPFSLXJUHEZU7FXEYKQGQ confirmed in round 11708576.
Chain to app: 13374052
Waiting for confirmation...
Transaction 6OES2HYIM4CGRRSXVBHZ6JMU6Q4IFE7XTYIMJOO7XCIMDGFV5CVA confirmed in round 11708578.
Created new app:13374056
Waiting for confirmation...
Transaction 37PVG3XRY7WDE62AWJ5SBMXVPBWATSKQL7UWJBWKOA2LJAXQWJAQ confirmed in round 11708580.
Chain to app: 13374054
Waiting for confirmation...
Transaction PAL7WVVWO4F2ZLT6UITOCX6O64FCPVOROZLLJJTTNSUSPM7FC2RQ confirmed in round 11708582.
Created new app:13374058
Waiting for confirmation...
Transaction WL7BOLBKHQAFHRWMNC5Z5Q2BZVKMYRZ4SN2ROCPTWG62LVOFBX6Q confirmed in round 11708584.
Chain to app: 13374056
Waiting for confirmation...
Transaction 76WEQAKEJ35O5I5Y2IXU6SDBYK3OL3GOZ3FTEPVOPULLY5B5XGOA confirmed in round 11708586.
Created new app:13374060
Waiting for confirmation...
Transaction NCYCJNGAAMONGYAPR5UDIK7VOORGIPQQJLQM7A4TDZQRFVFZWLHQ confirmed in round 11708588.
Chain to app: 13374058
Waiting for confirmation...
Transaction DOQBAPFGHAO5OT44L7KWAFGR47LE3Q3CTAOZFOZM4Y2VCBM74UPQ confirmed in round 11708590.
Created new app:13374062
Waiting for confirmation...
Transaction VUUDLDXFTIOOXJE4CACYKJZZJAZDEXPWCUB2JED2FWDT2FTL7CKQ confirmed in round 11708592.
Chain to app: 13374060
Waiting for confirmation...
Transaction 2WFPP2QNFP7OEF4S2NWJKDQESXQVTXQ3BTYZJ7I23AQADQCK55FQ confirmed in round 11708594.
Created new app:13374065
Waiting for confirmation...
Transaction VOH3XC6565WWEY6WCZIHHPWQ7EWH7MFOHEAS7IDMUNXY2LD3IZVA confirmed in round 11708596.
Chain to app: 13374062
Waiting for confirmation...
Transaction HV6LTCOZBUNBF35DVCOUOM35FYFB2XEDV7O2IUP5C6ZWIJCC4VIA confirmed in round 11708598.
Created new app:13374067
Waiting for confirmation...
Transaction RTCBBEDBTBYC74GP6TYWOVA44TRSVADOIYHVP264EUITFRS7F24A confirmed in round 11708600.
Chain to app: 13374065
Waiting for confirmation...
Transaction BHBWHZ7JEYXEY4UFRY5U7N74Y7LZPE3WRCSXE4OXCKA3LEGRCJ7A confirmed in round 11708602.
Created new app:13374069
Waiting for confirmation...
Transaction EX7HNMVTYCACG34VVLGCMVLN7FLOWGGRAXIUFDN6WYYQUVZVKKRQ confirmed in round 11708604.
Chain to app: 13374067
Waiting for confirmation...
Transaction QUJM2M73IVOVQD75FUM5A2CEHUBHVZNNT3C2S26BXFL7QDAWX7QQ confirmed in round 11708606.
Created new app:13374071
Waiting for confirmation...
Transaction ECOL5MNTVGTLDHQE65WG5KKAG4LP3WICFSYAKNFXUXDI2NPHECFA confirmed in round 11708608.
Created new app:13374072
Waiting for confirmation...
Transaction F5O42U5WEZ45I5WABFAC4TA5NC4ALRH6PENAN2MGX7EFIM5YFVVQ confirmed in round 11708610.
Chain to app: 13374071
Waiting for confirmation...
Transaction 5GX2W6KJ6MFVI4CY4K6STNRD4DIAGQVRAUFGYZ6QAENYJ324E4FA confirmed in round 11708612.
Created new app:13374074
Waiting for confirmation...
Transaction TBN5NBXWS52GH6E3AK7PV2JDSECATSFQ7HE2PXNZ22BZBQOGVRCA confirmed in round 11708614.
Chain to app: 13374072
Waiting for confirmation...
Transaction 4XVM5XUZXROHTEDIT35UVNS45EYXDGEFCZ57F6XZFWWFC3DNBOPA confirmed in round 11708616.
Created new app:13374076
Waiting for confirmation...
Transaction JQKIPNOQT6BX4HQSMUPHSSW7LOI3ND2ZRYXDITEWMK5IDJSVG7JQ confirmed in round 11708618.
Chain to app: 13374074
Waiting for confirmation...
Transaction 5UGIEGYDVRZCYAZFHNW6ZM2LHJFJQYIVDKZDQVQWN3X3QQT5ZGIQ confirmed in round 11708620.
Created new app:13374079
Waiting for confirmation...
Transaction B3SN5PFSNKL5WTA2QZCVSRX3BWKZS4TCTBHQ7JMIAYGXPEHFPNGQ confirmed in round 11708622.
Chain to app: 13374076
Waiting for confirmation...
Transaction 3YXPHKYEZR3DK73MALSDUDQNHJTANDZUPTKRLOTWNPRGQ2ROHHGA confirmed in round 11708624.
Created new app:13374081
Waiting for confirmation...
Transaction SHWH3J4RHS6XXL5LQNRNWLAECU6DBFJ6OEPHZKBAJPWYLAGS3VEQ confirmed in round 11708626.
Chain to app: 13374079
Waiting for confirmation...
Transaction GU6KMVY5EJIKW5TY3SYKT2HI5ZUMCNHG3RTZH2F4JGVKGMWT5UWQ confirmed in round 11708628.
Created new app:13374086
Waiting for confirmation...
Transaction GROVWIMBGDHIEVBIYGFYA6TBWZALQQVEUSZM5EH3BSZVVQTAD5LQ confirmed in round 11708630.
Chain to app: 13374081
Waiting for confirmation...
Transaction EIFLERSARWDSQ4UUQJBP724QZDE2RAT32GGVFVENXGLWGWYZF72Q confirmed in round 11708632.
Created new app:13374088
Waiting for confirmation...
Transaction A7JKDU6QG7YDDYYIJUTU4WFSVND4FUVLOPDKATWHAVFSANQCMMMA confirmed in round 11708634.
Chain to app: 13374086
Waiting for confirmation...
Transaction 5K5XHXEJFXY36VWVM53EV4O777L35XAUHPTDQ7FLBLEZYVHN4YWQ confirmed in round 11708636.
Created new app:13374090
Waiting for confirmation...
Transaction 5FWIPLNRH6CLEYJAEABVYCAJDHML5ILHSBYIUY7B4IA3EEBI4O4Q confirmed in round 11708638.
Chain to app: 13374088
Waiting for confirmation...
Transaction RO2SXSLGGB34ZSCIGLDWKKGGYSJBJZWSMY57WCXGQU36I6WLOAJA confirmed in round 11708640.
Created new app:13374092
Waiting for confirmation...
Transaction L6FFHGXWZ3BBIMNNOPKM4SY4JHIEEP4TD7AFHNQ2S3RRV5MDBA6A confirmed in round 11708642.
Chain to app: 13374090
Waiting for confirmation...
Transaction RL6KYQG5THZP2M2PQRM7XVIYT5VQ5ZWFLUEK2WFDDMBV23Q5DUWQ confirmed in round 11708644.
Created new app:13374094
Waiting for confirmation...
Transaction KXNFWWCKFLRELAJWWORUL34ZA5LMA5BRD6OZXHJAAZY5FN6IMPTA confirmed in round 11708646.
Created new app:13374095
Waiting for confirmation...
Transaction T4HCHC3URUI67C24EKK2SFTH6WDDMJWV74KPXQS5RRZ6OGRWKATA confirmed in round 11708648.
Chain to app: 13374094
Waiting for confirmation...
Transaction GZZSSRMEN3VZVFG7QHU4HLV4LSDBKAGP5HOEAJUIV5UVQKJCUZMA confirmed in round 11708650.
Created new app:13374098
Waiting for confirmation...
Transaction OCMUPOL33OA6NAQLYHVR73FFFIJUMJP3OKLXG4VWLTHB4CNZUNDQ confirmed in round 11708652.
Chain to app: 13374095
Waiting for confirmation...
Transaction P76OVBTTUB2DNWHYE43OQUDLAZPRQVHIW4O3VGR7KNWIQNE2Y64A confirmed in round 11708654.
Created new app:13374100
Waiting for confirmation...
Transaction L4MZWYWVVFEXXEQZK23HJXO5BVI5Z3JNSEGBCE7D6GEZYNGFRS6Q confirmed in round 11708656.
Chain to app: 13374098
Waiting for confirmation...
Transaction SEBHQDT3KD5JBSGP2RJZ5XOE4LZZFFLNFEKZAQOUFBJFVGV4SPKQ confirmed in round 11708658.
Created new app:13374102
Waiting for confirmation...
Transaction EDIQETZL3BFZRMJEJF5CQJDHCXU3ASBRHXQLPZEUB3NIM5KGGSFQ confirmed in round 11708660.
Chain to app: 13374100
Waiting for confirmation...
Transaction HTBPKQYQL3FS5H5LJFCZ7XDFX7YODIMOLTC27X42HHT7JWZCBHXQ confirmed in round 11708662.
Created new app:13374104
Waiting for confirmation...
Transaction HTNCRJCOJVGGPKA3NSAL6K37B3I4YIHVPUMSHUEZR3K4CJOQTK7A confirmed in round 11708664.
Chain to app: 13374102
Waiting for confirmation...
Transaction 3NIANFZ65AFQDNW5F5BVHI4PEFT72CHPUWNGEDKQ4FJMIC464PLQ confirmed in round 11708666.
Created new app:13374106
Waiting for confirmation...
Transaction LWY6776FWD7ZJ3NNOVLZ2C776NWS6PQOA6HYWZCMWNHUHGJXUUZA confirmed in round 11708668.
Chain to app: 13374104
Waiting for confirmation...
Transaction MTKB5F2HHCYTRZYOVSTUWUOIF5T5KED2LWMSJXB4A4LHZUYQQUMA confirmed in round 11708670.
Created new app:13374108
Waiting for confirmation...
Transaction BMMOJ5WRI6BL6YBNGIU4HBO2YEFHMS2AX3UDRYVEBJM5RFIJIOGQ confirmed in round 11708672.
Chain to app: 13374106
Waiting for confirmation...
Transaction MIEFT6N3FPTR5IUGNKQYNIKLIHUXVOKB4P7MO77F4BF6XLUJ4HAA confirmed in round 11708674.
Created new app:13374110
Waiting for confirmation...
Transaction 2FNTW47N6QIM5ASPRLGPPOS7OIXW4JU4CSUGV225P33EAZG7ZKLQ confirmed in round 11708676.
Chain to app: 13374108
Waiting for confirmation...
Transaction M4E4V4XHTO5VRF3HRYNRPUSZC3Y7TDJN7CTHKPDGBM5JDLI2KRVQ confirmed in round 11708678.
Created new app:13374113
Waiting for confirmation...
Transaction IZIEY7ZKSXFRTH4GPBAUENX4JHI72FO6IULNJHBFNJVRIYFUIZZQ confirmed in round 11708680.
Chain to app: 13374110
Waiting for confirmation...
Transaction JUZJDZGIYBVLAJI7V4EZ6JMORGRF4NY5ZZN5EQXSM3WOTJAZ5BEQ confirmed in round 11708682.
Created new app:13374116
Waiting for confirmation...
Transaction 6BQABT32OBDLXXGLJ6XGTJCFGYZLX2LKSAKWGPJL52AHOXWIHZXQ confirmed in round 11708684.
Created new app:13374117
Waiting for confirmation...
Transaction AESMQO22J5O5IR6YV37JM4RYUZOJ4JRHTXSNRFTQO3DC6QOSFJKA confirmed in round 11708686.
Chain to app: 13374116
Waiting for confirmation...
Transaction CZDKL2CWRJ4BS4QCOO5WP4MMH32NPZT3K3NB33ZZ3ROYVUPTNR7A confirmed in round 11708688.
Created new app:13374119
Waiting for confirmation...
Transaction GWLDHEVLNQQWGHXEMCS3DCCCYIB4MQPYOVXBXS5QXTH3ZRKGCIZQ confirmed in round 11708690.
Chain to app: 13374117
Waiting for confirmation...
Transaction SG2TASTNUXFZZ4INCKSKX7ZITVYRLXGRIQJCIVI2KIUJVUMPTRLA confirmed in round 11708692.
Created new app:13374121
Waiting for confirmation...
Transaction YL7PF3GBQY3YZ5RRPEFGKCCXXSRG3FIY2BINHPO7LPY2GRRXD34Q confirmed in round 11708694.
Chain to app: 13374119
Waiting for confirmation...
Transaction N6NG5S3OHW4UH7ZTI45QUOFGONA3ZPHDCIHMWACYEHU5QZQ73YEQ confirmed in round 11708696.
Created new app:13374126
Waiting for confirmation...
Transaction 2ZH6YW3RXPETCBGKLOEARXWUQ3OJMQPPNMZR3GDBMZGDHXKKEIAA confirmed in round 11708698.
Chain to app: 13374121
Waiting for confirmation...
Transaction 2JDRUZYR5BUH4R64IBMPAMPGHM42MPCNRZZ3M2JNCLANNIBBGBIQ confirmed in round 11708700.
Created new app:13374128
Waiting for confirmation...
Transaction Q5PFIN44Q7Y2BXC7472ZW2N4J5TN4NDPUY5VLJKLXVQFTRGX5UMQ confirmed in round 11708702.
Chain to app: 13374126
Waiting for confirmation...
Transaction 4EUE5BVEWRL2P5LRDGYKGF2JUM2FWMX46X3XR37RQA5GG4PD2BJQ confirmed in round 11708704.
Created new app:13374131
Waiting for confirmation...
Transaction XUO62THBNMBBJULJXTRWQJ2D3RYEQLF5APYWNWDZDXHDYJKDFCLQ confirmed in round 11708706.
Chain to app: 13374128
Waiting for confirmation...
Transaction ORWKW3EGF3WDVNZFXEN6FKFJL3U5M2CVEQNOURFXHTMGC374L7JQ confirmed in round 11708708.
Created new app:13374133
Waiting for confirmation...
Transaction 24D6SCGJCOZVTMGDPHC563JKNQS2D4T4GCNC5427KYWLXRSSSBKA confirmed in round 11708710.
Chain to app: 13374131
Waiting for confirmation...
Transaction 6DU3RZF3ZZNQO2AWW24NZHC5IVLPWQCRKYQTI4G3YHOOD7PYNS7Q confirmed in round 11708712.
Created new app:13374135
Waiting for confirmation...
Transaction O7DWMHRKPBYPMMIZ3MPH5UOJPFNXT2JFEZTG23XX6BWJRQ5BX5HQ confirmed in round 11708714.
Chain to app: 13374133
Waiting for confirmation...
Transaction S66ETAS7CHOLRQPJLTRKBZK6HZ6TMI7NXPXDFG7ZAVETWSEB4VWQ confirmed in round 11708716.
Created new app:13374137
Waiting for confirmation...
Transaction YHOC2C3RCMSHLZ6B2S3FJZPE3YIG3GFX7HWJVXYGXMSFH3ZSQVZA confirmed in round 11708718.
Chain to app: 13374135
Waiting for confirmation...
Transaction CWY44SFOPW35IV3VPALPV7KPOIGZRN3VF2SFELT4PLPOQYT2JP4Q confirmed in round 11708720.
Created new app:13374140
Waiting for confirmation...
Transaction CRQHI4H6ZSLXRIYNIUAKMJAHSI7LMG2AQED23ZP6P3UJBND7SCKA confirmed in round 11708722.
Created new app:13374141
Waiting for confirmation...
Transaction S5S2O6GVV4RJ2E63Q7C4SSYTPNNBXBWQIRXZTWFNBY33IK4EZ2HA confirmed in round 11708724.
Chain to app: 13374140
Waiting for confirmation...
Transaction OY6EZAZ5344KXYEKI6GZLBKXYMFY6QQA3N4XZB6DBVY43PYUBBOA confirmed in round 11708726.
Created new app:13374143
Waiting for confirmation...
Transaction CQZBGCUJ42DH35BA4WPMKYWDMI5GEGVDJGTQ2DPMCIJPDZBY3PRA confirmed in round 11708728.
Chain to app: 13374141
Waiting for confirmation...
Transaction POAPOQX3TVJ7FFACWEQVSGDKIKCN5RE7ISLSMUY5VHOMOKTWUSHA confirmed in round 11708730.
Created new app:13374145
Waiting for confirmation...
Transaction S74UXRL42G3VD6XQNOIOYGGSTDYWCQCE23IX5DNSUCW7XVRCXG3Q confirmed in round 11708732.
Chain to app: 13374143
Waiting for confirmation...
Transaction PP5RXIOQSZ7RXLWOFFAAZMUXEQVXARAPNCEPTLFIGIAMZB27A4IA confirmed in round 11708734.
Created new app:13374148
Waiting for confirmation...
Transaction IXZWRINKWSMEGJQDWIQT3EBUYR2PVKPHDDR4HWQR2DOIHYTCRM4Q confirmed in round 11708736.
Chain to app: 13374145
Waiting for confirmation...
Transaction 2BSYNJH4ZX3SYAAQUC4GKQTLCUF4HYQYLQXMCVFOTXTVDUOMQCEQ confirmed in round 11708738.
Created new app:13374150
Waiting for confirmation...
Transaction MYV3AM2YGHPMW2QAWR6UX3FIHPXPVENLNXZQQRKBY4NEAG4WXXBQ confirmed in round 11708740.
Chain to app: 13374148
Waiting for confirmation...
Transaction EONCBTJKDYPB3NL54WIDGLBQYWFAGVZ4WVAQRAR6RZ4KFOJ7YAOQ confirmed in round 11708742.
Created new app:13374152
Waiting for confirmation...
Transaction BXTSGCNSQTJOOHBO6LMK2YCS43KD7UGTFGL7D2BALEI6YCDQPENA confirmed in round 11708744.
Chain to app: 13374150
Waiting for confirmation...
Transaction E4M5QPAXCDQK7334BTM2R2X63Y7E2YRVWKLPTD4LKHMZEUYIVNWA confirmed in round 11708746.
Created new app:13374154
Waiting for confirmation...
Transaction ZSNA6PJK5OLMPXX5WVOF5344T4T5SJECCMY5JFKBOMEY2SML4GWQ confirmed in round 11708748.
Chain to app: 13374152
Waiting for confirmation...
Transaction 2D5VIQOLJP5WNKKFOJDSYQFMPTOPPYBFVOZK5UW7CSW7YL6MNX5A confirmed in round 11708750.
Created new app:13374156
Waiting for confirmation...
Transaction DWXBZLGIL4FJJTXFRGVOTESP3HGA5IWKHHVIO2OCGNLU4YS6KLRQ confirmed in round 11708752.
Chain to app: 13374154
Waiting for confirmation...
Transaction XAEPZGBG353JB4U2UDTVW62QSKWZOGMD2NPW5JXPAWXPVDBCN5QQ confirmed in round 11708754.
Created new app:13374158
Waiting for confirmation...
Transaction D4SGGUT2JNM6EXWAATJ66CUVILS4OD5Y54TFE7MRPMTKOZDED3AA confirmed in round 11708756.
Chain to app: 13374156
Waiting for confirmation...
Transaction YT6JNLM4ZKPR7SLTR5NJWFG2UUIDNZHCIVZTHHDD6LE63CRVCNVA confirmed in round 11708758.
Created new app:13374160
Waiting for confirmation...
Transaction 2QET5JPCDGOILIASJUVQV722LAV4ODSCCA53527BMFSBUGG54QBA confirmed in round 11708760.
Created new app:13374162
Waiting for confirmation...
Transaction 4SCWKXSKZWBSMLOGCEEYY6BVCXB5HZBQBS4C5MVSYLZWL62VLK6A confirmed in round 11708762.
Chain to app: 13374160
Waiting for confirmation...
Transaction ZAV7TAAY45ZY2BRFSNSJYGF4FZL6K2W6OWHPJZT6RHB2WICQAGSA confirmed in round 11708764.
Created new app:13374164
Waiting for confirmation...
Transaction 2BISZHVJ75JKFWTBP2SR4UXM7ULHKFU7L6IO37UHBU7HL2VDPJZA confirmed in round 11708766.
Chain to app: 13374162
Waiting for confirmation...
Transaction XSCLZHWKEIOOSGYIJAYASTCSERNTLUYP2JE7JFNDP2K6BXTPXADQ confirmed in round 11708768.
Created new app:13374169
Waiting for confirmation...
Transaction JJOAVQ5GMQYXOEDKIL2T4ULJS25N7NFC5R2DNRK6EMWPQMELM7ZQ confirmed in round 11708770.
Chain to app: 13374164
Waiting for confirmation...
Transaction FG3FXG2QSH75OJ44FCFGT435X2MJRPQWQP6PRCERX66KOBNCCSWQ confirmed in round 11708772.
Created new app:13374171
Waiting for confirmation...
Transaction FZITHG25MZJ7E4DWKV75VCLF6Q3YEBJDRUZWNKDRGWZURJIXX42Q confirmed in round 11708774.
Chain to app: 13374169
Waiting for confirmation...
Transaction CPNVW2G3SPSMIIJXIMFTREQ4UFOZLZLN4UYA3MOYLXVXF6CC4AWQ confirmed in round 11708776.
Created new app:13374173
Waiting for confirmation...
Transaction KPAA4ZL47CDJAQ2O3H3F7TZAD7UV5LPAGNI62RQPLENZBS6BVKXQ confirmed in round 11708778.
Chain to app: 13374171
Waiting for confirmation...
Transaction W5RWLGYTTMT3NHEHKKVI4Z7CGGAGQXZVPKECP3JICKI6CSQIJY3Q confirmed in round 11708780.
Created new app:13374175
Waiting for confirmation...
Transaction E3HG3ODLJIDQI3GLFRH7R6DJ3DVUYJEHS5RJLF3ZOQIMCD544SAQ confirmed in round 11708782.
Chain to app: 13374173
Waiting for confirmation...
Transaction QM6PNCA2AOP7LNMF7T75JDAQ7SMFXJXUQRML7NG5BGEQSIZBJSPA confirmed in round 11708784.
Created new app:13374177
Waiting for confirmation...
Transaction EXKGT25W4SYAUD7KFK3S3WYSQPBPQRMHOAOA2QBEYG6OW7VFMCYQ confirmed in round 11708786.
Chain to app: 13374175
Waiting for confirmation...
Transaction 42ZUTJSW36OPIQB7RJ62X74IIYAQZDQUMTPRYNYBLJCLMOYMR4TQ confirmed in round 11708788.
Created new app:13374179
Waiting for confirmation...
Transaction GL2CMO4DUU4WE45YRN356Y5I75EH755ILLA5KW2L63EGDCLHPIIA confirmed in round 11708790.
Chain to app: 13374177
Waiting for confirmation...
Transaction EXYTXZMOUAO7A6SVERKS35DGCANOXUNGGU2RPJPQEJGNPU7G2GBQ confirmed in round 11708792.
Created new app:13374182
Waiting for confirmation...
Transaction XKFPPM3E4NKXQDOOQNROXNY3AC5XU4WK7KN37HVAVNS5PIVULJCA confirmed in round 11708794.
Chain to app: 13374179
Waiting for confirmation...
Transaction EGZQLZQYYPS56JL3V5SNUY76OB2IPFXNDYA7IWG23KELPLN6W56Q confirmed in round 11708796.
Created new app:13374184
Waiting for confirmation...
Transaction V75BGTSKSSFPHIFOXXGWNBG546DK66II4WEIWNQVQV45TMJ6GHXA confirmed in round 11708798.
Created new app:13374185
Waiting for confirmation...
Transaction HN2VMZHLROWJFXFFVFLLPJSPV4AVYJU2UT42PA4CHNV225N6SRVQ confirmed in round 11708800.
Chain to app: 13374184
Waiting for confirmation...
Transaction SULGXERJPHNSEN6OU57SEWJQII5JWUIERIIUNPBRH25MFXGZ2CXQ confirmed in round 11708802.
Created new app:13374187
Waiting for confirmation...
Transaction P3CZNLOWQQCLXBZLS4VDB3RIFZWQSWHB5GGFNHMFHQZSBO43S3IQ confirmed in round 11708804.
Chain to app: 13374185
Waiting for confirmation...
Transaction DTJNKZMVOV7IWHTR5UJWF2LHDWGZT7O4NMRUGUBHRJDYFNZUGKTA confirmed in round 11708806.
Created new app:13374191
Waiting for confirmation...
Transaction DNULPJR7265ALQMXVJRW2JA3WTYMVEA7EFVPIILTRRNVP3JAEZUA confirmed in round 11708808.
Chain to app: 13374187
Waiting for confirmation...
Transaction 4WVQWBRU3KTCGUPAURXGIJLPPQ5MCY3I52MVOWE7JNV5P3CXL4JA confirmed in round 11708810.
Created new app:13374195
Waiting for confirmation...
Transaction 3Q6XQPIIJJVYM5R3S2ZOOM55AQBPUUZZMH3SMWUAO5TCCHFL5O2Q confirmed in round 11708812.
Chain to app: 13374191
Waiting for confirmation...
Transaction LN26A2R2MX5DSW236Y64P744LKXVCZKO7NLFZ4DTRP7GWTSVVFPA confirmed in round 11708814.
Created new app:13374197
Waiting for confirmation...
Transaction 7AHBFHLK3BS2RKMCXJB6ZBWWHLBT7IEXSUBTHZBDUEGIRJ45MB7A confirmed in round 11708816.
Chain to app: 13374195
Waiting for confirmation...
Transaction 2PGNSZXFU3XUCBTBYD6TEFRWRTQ5RDYUJB57GC564G5YKX7YGRNA confirmed in round 11708818.
Created new app:13374200
Waiting for confirmation...
Transaction EMUG3T7KRFU5OOHKFPTAVYBNEMT5CGVQ74WJUQZRRJHET3UYYGBQ confirmed in round 11708820.
Chain to app: 13374197
Waiting for confirmation...
Transaction PFO4HQ7MSAVAVTWHSVJR37HPE52JPOCUCC2QB6OLWN37M7W5EQ6A confirmed in round 11708822.
Created new app:13374202
Waiting for confirmation...
Transaction LQ5DPX3BSMZFOT5MRN3ODCKA7MFGQ5LUUDLSBVYJRIWPG4Z47MGA confirmed in round 11708824.
Chain to app: 13374200
Waiting for confirmation...
Transaction 7AAAXS6T4NSOEXFNFYBOYENAFW5B424ZT3UEYJTKJNJSVSHGRHOA confirmed in round 11708826.
Created new app:13374204
Waiting for confirmation...
Transaction SVBMXQZXIJQ45JSP4B7AHA4RQAB7VPQ3TRVBS7R4UQYCMNYUB6SA confirmed in round 11708828.
Chain to app: 13374202
Waiting for confirmation...
Transaction EUI5OMHBOBU4QJJ3UILKXWHJZEWBKPXHXH55M276TFFV54ARALBQ confirmed in round 11708830.
Created new app:13374206
Waiting for confirmation...
Transaction DA5A6WP6TVXF5RDKQV4376ZABAO7WE3HFWMV65HUE2XGJQ64QCFQ confirmed in round 11708832.
Chain to app: 13374204
Waiting for confirmation...
Transaction FAFJLKERUM4G6OVFVCEWGA2ETXBM3JGVELRQ4M2C27OPIT3FSBVA confirmed in round 11708834.
Created new app:13374208
Waiting for confirmation...
Transaction SPELTMZOP2A3I54EWG4ALDNAVGZYTF53C3AOB4SJ7PZDQP4J5OBQ confirmed in round 11708836.
Created new app:13374209
Waiting for confirmation...
Transaction 6HQUM77AJ43B4KBAUMN2A4LAVFEEEVX3EAXVSHV2KYWQI2Q4AOIA confirmed in round 11708838.
Chain to app: 13374208
Waiting for confirmation...
Transaction GE3EDILZOQFNHJNU32BNFRTBDUCZP6SWUIW3TSYZCNG3O2UIEYSA confirmed in round 11708840.
Created new app:13374214
Waiting for confirmation...
Transaction OY4L4YYYZ25PY66BW54TVA4LYYIZMAB222FYXPGERJVFMSEYH3VA confirmed in round 11708842.
Chain to app: 13374209
Waiting for confirmation...
Transaction E2F566N2CZGVK2GKJDPCLPTBHFIWLTJNF7ZFCYU7DLWHBZV5RFZQ confirmed in round 11708844.
Created new app:13374217
Waiting for confirmation...
Transaction YJXJ4XMVIVFKBUXGRC5YJZY2VKHD4RPJ7ONVVSP4B7JMWXZPOELQ confirmed in round 11708846.
Chain to app: 13374214
Waiting for confirmation...
Transaction 55SZZ56BLTJBKPK47JODUO4YYGOT4AW7MHTQKWVVLBU474T7EDHQ confirmed in round 11708848.
Created new app:13374220
Waiting for confirmation...
Transaction VICWB54XBYY7A2SM2XJOULJXRSXLBQV7VR7AJIJ5CXARDVY27COQ confirmed in round 11708850.
Chain to app: 13374217
Waiting for confirmation...
Transaction QZ65ECMNEHQ3PWJSWUVNA6AK724MNF46QO45QFQANXVENYRVD37A confirmed in round 11708852.
Created new app:13374222
Waiting for confirmation...
Transaction 224YG5ZVIPWGSVY5D3SPSND2ECTAFODVC33KG6J7WOHKES3WV55A confirmed in round 11708854.
Chain to app: 13374220
Waiting for confirmation...
Transaction NM3M7IBWCNBUL2LJY4DW36KNNMLYUUI5Z42HKKLG7CFW5REQ6QWA confirmed in round 11708856.
Created new app:13374224
Waiting for confirmation...
Transaction 74YINNV5T2GVZGAZ2Z36YBIUWSAVWTHCLQS5BK7BYEHYHL3EK7BQ confirmed in round 11708858.
Chain to app: 13374222
Waiting for confirmation...
Transaction E7ULMW3ZJCCWKNYLVJNR6DU5VAV64DFSX67O2CP2H52HFXHA5FXA confirmed in round 11708860.
Created new app:13374226
Waiting for confirmation...
Transaction AFQQE2MITXXH5CJSA6WHM4M467SB4MLRSGBMLRQFMI2NFMFVCVYQ confirmed in round 11708862.
Chain to app: 13374224
Waiting for confirmation...
Transaction BZ6L6LFUFLVJQ5HEM4BFVWN54C6TB7B67EIO4UOBYC3LVPRJ4TJQ confirmed in round 11708864.
Created new app:13374228
Waiting for confirmation...
Transaction 7I65LOMPABNWDDNYO6HJT4YDEQJV5WQ5VPQX4KEM5NKB6HOZ3WYQ confirmed in round 11708866.
Chain to app: 13374226
Waiting for confirmation...
Transaction CHGFTDULOBP747R4OKJ4UGCHNFQKEH6HEG6RSNWMYJXK5YFN3W2Q confirmed in round 11708868.
Created new app:13374230
Waiting for confirmation...
Transaction X4PQZ2QPNUPA3FWVSBVPYBTPSSI6CDXJ2BSFTDPFQCCOPUKRYHEQ confirmed in round 11708870.
Chain to app: 13374228
The time cost of initializing 10 contracts is: 1702.6794352531433
The advertiser logins into account ZXMRGYTP42K3ARHGMMKLJ2JWYD6RZHKMD4VRJI2O5FG2UNTUAP7VTCSSY4
The advertiser account is included in Category5 category
Money transferring transaction IYP3WAFUU3WBQX6ARPOC47O74QASE2AEUUTLS7MRGNBXIGVIPZYQ confirmed in round 11708872.
Searching blank area for category Category5
Searching blank area for category Category5
Waiting for confirmation...
Transaction ZZB24LRLXYJY6T5V2TWVELIPE7JWJOW4XP2VWOTEULUNZJ6KAJMA confirmed in round 11708876.
Opted-in to app: 13374006
Waiting for confirmation...
Transaction D47HCCTJ45V47XE4L3G6DJQXK6DB4WIZNITTXTV4FGOYBR5XJB3Q confirmed in round 11708878.
Write to app: 13374006
The time cost of opting in1 advertisers is: -466.3022665977478
The advertiser logins into account MNLM7FND3DVAX24KYIZ76YZVUO3H72O67YWKLW66P7KADI6XTMUGLKNPME
The advertiser account is included in Category6 category
Money transferring transaction WO74MB5IQ5WOUJFZQJGDT7MZVLX7I2LKUHPGPYLZ6JISWRX5TI6A confirmed in round 11708881.
Searching blank area for category Category6
Searching blank area for category Category6
Waiting for confirmation...
Transaction ZTKRTUVIERNLOXRJ56HZVTULLOCEFDPJLCPLMUINNJU7N4XRLILA confirmed in round 11708885.
Opted-in to app: 13374006
Waiting for confirmation...
Transaction K3FH3IXP6C3NB3C6I7IVMBBCRRR7KMNH64CXO3ZVBPOXFUVXBTVA confirmed in round 11708887.
Write to app: 13374006
The time cost of opting in2 advertisers is: -427.90065145492554
The advertiser logins into account A46SLUM3PAKFY2E2FY7TT6HTHZISQWCEH2WCKKBRMYPYIYZXIGOCGXD6S4
The advertiser account is included in Category0 category
Money transferring transaction IX7CAOQ4XKMP5BNMEAMGAOW4POXGDD6G3XQA42I7ZR2JGB3CD7GA confirmed in round 11708890.
Searching blank area for category Category0
Searching blank area for category Category0
Searching blank area for category Category0
Searching blank area for category Category0
Searching blank area for category Category0
Searching blank area for category Category0
Searching blank area for category Category0
Searching blank area for category Category0
Searching blank area for category Category0
Searching blank area for category Category0
The time cost of opting in3 advertisers is: 96.01339101791382
The advertiser logins into account B4264NAV2BALDQ66MD72VWE2BI7K3SJXZZZRVPZCR223DXLV4K6IFAXSAY
The advertiser account is included in Category1 category
Money transferring transaction 6MCFVIZULB7YHJCZMGZSV7VLOIMO3LEZDXN3J5SXQ64JF4WQ7GHQ confirmed in round 11709012.
Searching blank area for category Category1
Searching blank area for category Category1
Waiting for confirmation...
Transaction CZN32HDVBBSC7TJO4BOS64DBBYJT4HQFCNFKPKXYHG2HPN4SWBIQ confirmed in round 11709016.
Opted-in to app: 13374006
Waiting for confirmation...
Transaction IQFJNSZ2BAOGAE7X5XIO3IAKAD2N4FA2C4EII6WN2NEF4LZ7G34A confirmed in round 11709018.
Write to app: 13374006
The time cost of opting in4 advertisers is: 132.54809832572937
The advertiser logins into account 3QAJ65VSQBS723TU5CZTK643LV64SCP7ESPRT5QDNTKRJWDN2PEHGVJCZ4
The advertiser account is included in Category8 category
Money transferring transaction YD3M56W5QXRZHBTEVMRC2OFUMKCYTC2GKEIG5QDZRUJVVCJQWVKA confirmed in round 11709021.
Searching blank area for category Category8
Searching blank area for category Category8
Waiting for confirmation...
Transaction Q6DGDMXDW2ZZTDBSJUQH7ICGLZQ44LJOV6G7Q4UU6KC6XLFSISUQ confirmed in round 11709025.
Opted-in to app: 13374006
Waiting for confirmation...
Transaction 7KJ5YDT7GBOOF55TPSFYL46ENFQRZBQ6W7DKKFEKYYSDGT2OXK6Q confirmed in round 11709027.
Write to app: 13374006
The time cost of opting in5 advertisers is: 170.78591632843018
The advertiser logins into account RRE2WTDHKF3YCMFLX2VKQPZJ6URURIGVAVFH5L46QP4HEEADACX3CEJSEE
The advertiser account is included in Category7 category
Money transferring transaction C5FEETL6WO3RFGRWUSWHWAX2RZQ67FIABFLTUDJZW33URMSHL6XA confirmed in round 11709030.
Searching blank area for category Category7
Searching blank area for category Category7
Waiting for confirmation...
Transaction B6FJKMC2TYETMDEWYMSEIFCSFWD7WFLO45S23OBTX5TEUAK2TV4Q confirmed in round 11709034.
Opted-in to app: 13374006
Waiting for confirmation...
Transaction URZF7MCDOCLNV7WA4JTOTHKPHASWXUZUFZE34G37A62NFQS46NPA confirmed in round 11709036.
Write to app: 13374006
The time cost of opting in6 advertisers is: 209.24840378761292
The advertiser logins into account RS6DDWNP5H5H7Q2RCY7ZKWBJCVSC5BD5N3KCYEC3RVZFAQABDKZPZTV7ME
The advertiser account is included in Category6 category
Money transferring transaction 6OHWIB6CXLZEQ7R7WPSHLOTHZWNUN2HCSXOFNV5FPQPUFO62X5HQ confirmed in round 11709039.
Searching blank area for category Category6
Searching blank area for category Category6
Waiting for confirmation...
Transaction L4L5RZIX7262OFRJFRQZUWH6Z3LDFTJKUE7Z6DEAG7HPYUCLRGEA confirmed in round 11709045.
Opted-in to app: 13374007
Waiting for confirmation...
Transaction 63DTTZQOKAKLUXPM7UHKNMINDRIA66JWWCTM57CUCUVUAP42GATQ confirmed in round 11709047.
Write to app: 13374007
The time cost of opting in7 advertisers is: 256.4381728172302
The advertiser logins into account TA4QCKOJSCRBLAPJ4N65UBL5DOS5IXZII22A2I3I7HYB6OTHKYUZT6EGIY
The advertiser account is included in Category1 category
Money transferring transaction EVXL5OCBGX5XF7H5LSW4YY5THCL3FESTGUPI3JCULEAS4SJAJTKA confirmed in round 11709050.
Searching blank area for category Category1
Searching blank area for category Category1
Waiting for confirmation...
Transaction YMSDU2RX2HUFM4N5GCTWIIVEODX6Z6UDHEDJPWJYCYOXVJHS6N2Q confirmed in round 11709056.
Opted-in to app: 13374007
Waiting for confirmation...
Transaction F7EAMJVO7HIG276NBNT6TCFO64ZNSQYKBFSYKVIBMS4PUW23HE3Q confirmed in round 11709058.
Write to app: 13374007
The time cost of opting in8 advertisers is: 303.497615814209
The advertiser logins into account EWCO5PTRBS2F6AI2YATVNTLNA4OH4YKV7GAFUAVXTDXM4EQ2XI7BLVJNRA
The advertiser account is included in Category5 category
Money transferring transaction OIYZYX3ZJFJF66BHYGDYRPTNLSPXGEHO57WGP3PP25P6UND4732A confirmed in round 11709061.
Searching blank area for category Category5
Searching blank area for category Category5
Waiting for confirmation...
Transaction 3P4UNWUU6HXIEPFNYM2YY23ST2SIFJPUBC2YSVII5UH4CWRID2HA confirmed in round 11709067.
Opted-in to app: 13374007
Waiting for confirmation...
Transaction 6XAC2ZZTYD6DENDUARMSLYW74XUGNBEY6WXHDQITJIVUSQJJHR6Q confirmed in round 11709069.
Write to app: 13374007
The time cost of opting in9 advertisers is: 350.51922631263733
The advertiser logins into account 43PBBZMBRBXLAN5JLFGNTWHDPSUMDETCQORJ36RVMR2BAUQJGACDZUGRNU
The advertiser account is included in Category1 category
Money transferring transaction KJ27YQULIM3RAGYKZWZHE4MZ7SIZNHADFBQTU4RCCMGVOPOU3CWA confirmed in round 11709072.
Searching blank area for category Category1
Searching blank area for category Category1
Waiting for confirmation...
Transaction 72NC6I7IUKRQQHTRHUWFYJDOABKWB2A3NJBOTWQZBC3NL727LSNA confirmed in round 11709081.
Opted-in to app: 13374009
Waiting for confirmation...
Waiting for confirmation...
Transaction YWXY5CT45TLXCXK35C3NNTLU23Y6MFFH45OZBY5Q2GCRT6NGDK7A confirmed in round 11709083.
Write to app: 13374009
The time cost of opting in10 advertisers is: 414.3740200996399
The advertiser logins into account U4WQ2NQXDEXUDAXU5G6GEEFBCKN2P7Z7NOLZY7YXM4D7XAGPR3CDOX2TWI
The advertiser account is included in Category9 category
Money transferring transaction LTYR74FQFHX5WO2ROXHKYSJEFR5EXMTVHIGMQIDQLNWISNYRQRLQ confirmed in round 11709087.
Searching blank area for category Category9
Searching blank area for category Category9
Waiting for confirmation...
Transaction ZBKDHFDS7ZFITP5YTCDYWHEFRCGSHRACWOJVXTAB555E733LREFA confirmed in round 11709091.
Opted-in to app: 13374006
Waiting for confirmation...
Transaction I4GYJ4A3LF5RJRKYF4R2YNEO7YIMNDBENHD3NMJHSA467CNYYIKQ confirmed in round 11709093.
Write to app: 13374006
The time cost of opting in11 advertisers is: 452.6983630657196
The advertiser logins into account ADKJJJ6KURRZZPUCMZMS4NULX74COSRPPTFA3VAUR74AAEW3Q734WWCHMA
The advertiser account is included in Category5 category
Money transferring transaction AWAPFWDV7UJRQ5IVTPEZAH5IVFBCQ47NF2JIRW5ZIZOTM3YRIWWA confirmed in round 11709096.
Searching blank area for category Category5
Searching blank area for category Category5
Waiting for confirmation...
Transaction JHXO2WYAUDAWVULZKPFYQYHUD4JCCLY6Z52NLAGA5JH7J4ZY447Q confirmed in round 11709105.
Opted-in to app: 13374009
Waiting for confirmation...
Transaction 5LYOY4CRU3HKUVJAF2F7ND2DLFUZJRXRMVC6XUCUGL7KHKQ646HA confirmed in round 11709107.
Write to app: 13374009
The time cost of opting in12 advertisers is: 512.639702796936
The advertiser logins into account D4ODSWUA3XVV6WSPGUF5TESLH6LCDMOB57ZFFJISJP4PCLTXQTNJXX33LI
The advertiser account is included in Category1 category
Money transferring transaction Q7QMZY467SFUKLXMWWGBYB3F2HPCSMGLGASK4ODCPCMN4PLQQU5Q confirmed in round 11709110.
Searching blank area for category Category1
Searching blank area for category Category1
Waiting for confirmation...
Transaction AO6F3Z6MQHITTGYPUP3YP355SMVQQUHAVRJXGSMSI5QP4WIM5NCA confirmed in round 11709121.
Opted-in to app: 13374011
Waiting for confirmation...
Transaction RVUEJJT6MUV5ZTKK2O33PZVMXRKRMZZLYTKJQ7CFEK7HMMDBVDAA confirmed in round 11709123.
Write to app: 13374011
The time cost of opting in13 advertisers is: 580.972526550293
The advertiser logins into account N3UHXKV6EYYLLOKEGW6JFOOFVQ3TRW2PA7WBKOKTBFVMLZKT3OB2CRT6DE
The advertiser account is included in Category3 category
Money transferring transaction 26PTW4XFRZIBUFK3IUB4V4QNV5WVPZX3X2JJKACTR5AETHMLU4ZQ confirmed in round 11709126.
Searching blank area for category Category3
Searching blank area for category Category3
Waiting for confirmation...
Transaction VB7MKETN27R3J32MKBTBCZX3DWDDRL4MVF7LODC453PPO4Y2O3RA confirmed in round 11709130.
Opted-in to app: 13374006
Waiting for confirmation...
Transaction KP3CCK67YIE6CCZJENCFEUOS2PM5WDSNMEDORZRZYSAAF5UEQPIQ confirmed in round 11709132.
Write to app: 13374006
The time cost of opting in14 advertisers is: 619.5252025127411
The advertiser logins into account MII6CLUPGGRVUD77EH5UCUK7BDYUXCRXSP44332MF7ZFBHDRKWAKOYRUFQ
The advertiser account is included in Category9 category
Money transferring transaction Z6Z3AQTBUQNCCTOVS43EZQMFYMCZPN5DZVJHDGYG5Z47BPCRDA4A confirmed in round 11709135.
Searching blank area for category Category9
Searching blank area for category Category9
Waiting for confirmation...
Transaction 4VM62F5XR4VLLEUQZ35AD56DDSE62AFISJ3BCATIGKEIOBNDVJDA confirmed in round 11709141.
Opted-in to app: 13374007
Waiting for confirmation...
Transaction GTQSTNM25TFZOIRX5ZRYICJL54Y3LMNPKOG5O6UCHIXKLZNOFPXQ confirmed in round 11709143.
Write to app: 13374007
The time cost of opting in15 advertisers is: 666.6419188976288
The advertiser logins into account EHTIOHX5TLGFM5KZDMTP2YZCTNJT2EKIZCW7SJMOKDIYWFAJWC6AWFIBOQ
The advertiser account is included in Category11 category
Money transferring transaction 64J4VEW3KPXOH7VSW4DHUIKC7C7Q4QXCE57N23W7G36UGTDPAD3Q confirmed in round 11709146.
Searching blank area for category Category11
Searching blank area for category Category11
Waiting for confirmation...
Transaction RRTY4HWZY4U24E4IQD5RPRN5FF7VGA4346IFJMWQ5GNDHTTKV63A confirmed in round 11709150.
Opted-in to app: 13374006
Waiting for confirmation...
Transaction BYHPPSDO7T2UM5TBV7I4XWKG6C5T5DXXBFDXKOH2ZCY7C6PSAG4Q confirmed in round 11709152.
Write to app: 13374006
The time cost of opting in16 advertisers is: 705.042219877243
The advertiser logins into account XCBR3PXDZDKILP56HSLYIWZE7GANIZ75FJ3ZADZYYON6JPEYFIDCJIZGUY
The advertiser account is included in Category6 category
Money transferring transaction 7OQ3Q63RPSUNG5X6KEMBA4DHZL4QTUTEQTO2DWMAQUA4YPXO4ESA confirmed in round 11709155.
Searching blank area for category Category6
Searching blank area for category Category6
Waiting for confirmation...
Transaction W7NMQW2NLRM567EOMVSWBZ3OWZZSTOGFG5QRGAUGXHJSTFDTZ26Q confirmed in round 11709164.
Opted-in to app: 13374009
Waiting for confirmation...
Transaction MS4TUCQBISXR2B36AD4P6MKZQMLKAUQ3WWPEZRTXOP6UWINLFXOA confirmed in round 11709166.
Write to app: 13374009
The time cost of opting in17 advertisers is: 765.1086492538452
The advertiser logins into account WB3H5AAKYWDMTF7GHPHWQYRGLCJOSFO2TNEIZT6AWN5WKWGCKVFBXGXBUQ
The advertiser account is included in Category4 category
Money transferring transaction Y64RAHEK3XOVU6QVWRL2W3JZSE765FXVV5OZPYQTDHY7GJ4MV2VA confirmed in round 11709169.
Searching blank area for category Category4
Searching blank area for category Category4
Waiting for confirmation...
Transaction 5NTT3OEQ7KEX3L27PWMNZSO5A4TSCOTQYPMUE4R6HBTWTMU7BXCA confirmed in round 11709173.
Opted-in to app: 13374006
Waiting for confirmation...
Transaction MNMTQLF3S7VVRW6SLY6GUJEZAVVQVRW44VHG73ATB4NMMYYRDT4A confirmed in round 11709175.
Write to app: 13374006
The time cost of opting in18 advertisers is: 803.7489569187164
The advertiser logins into account WVBZDHXP5TMBIB6LJL2EXMPMJYEH7PMCBVG27XHB2Y2FXXBAMBNLNU77WM
The advertiser account is included in Category3 category
Money transferring transaction ZY5O5N2GYDM7VQUVIYLSD72YVRCHKBOVZRLFXNZG7WR2M5CBLWXQ confirmed in round 11709178.
Searching blank area for category Category3
Searching blank area for category Category3
Waiting for confirmation...
Transaction OGFDK4AKACS4OXALZ6LJUK3V4W66I2C2UF2AMGONHCXDWORXA2OQ confirmed in round 11709184.
Opted-in to app: 13374007
Waiting for confirmation...
Transaction RKSX5JMU47WXNVTVVHDVRDUZGEUBJ3G4ZV4QEGQAUAHUJ3WHCL4Q confirmed in round 11709186.
Write to app: 13374007
The time cost of opting in19 advertisers is: 851.0876364707947
The advertiser logins into account JUJNNT5YYRTI3GGK6IEHCHLKOSNAYJLE2MZWZL34F2OA2DPFYDCS726OFA
The advertiser account is included in Category11 category
Money transferring transaction 3NNK37BVVHEWSGGMZYMTXAHRU23SXDQFUCD6PIHX6WIRWJHOKIRA confirmed in round 11709189.
Searching blank area for category Category11
Searching blank area for category Category11
Waiting for confirmation...
Transaction OIRGQ3F23R3E3QVWQ7MMVBBAXJOWSLWVPM5E6FGIHMAF623EXVUQ confirmed in round 11709195.
Opted-in to app: 13374007
Waiting for confirmation...
Transaction CYWPD3M32OONCW7476OBKYKM7KIC2G6IWHVYMS34OHRERKL2W3QA confirmed in round 11709197.
Write to app: 13374007
The time cost of opting in20 advertisers is: 898.3795003890991
The advertiser logins into account 3XLEFX65PLQS2IZ3RJQTEKSXABKQ5V7MXPIG5TSR3Q47IXSQ2VFXQJWCJY
The advertiser account is included in Category11 category
Money transferring transaction EGXG2THLWBE3WTRVY4KIKRITRBOEB5VETRKJQXBCLM2MJ7PIMXHQ confirmed in round 11709200.
Searching blank area for category Category11
Searching blank area for category Category11
Waiting for confirmation...
Transaction HAGO7PSYTQCQLUIW4OLIX3F5UFKTGQWEPCK464XEVEQRNRTP2UMA confirmed in round 11709209.
Opted-in to app: 13374009
Waiting for confirmation...
Transaction KR37CCCRJ2VCD7GCKXUWDLOY4FJIJHMH2M7IMG2K5N7SR4ICT3WQ confirmed in round 11709211.
Write to app: 13374009
The time cost of opting in21 advertisers is: 958.636786699295
The advertiser logins into account 35HI6ZEBO2XEEJRIXT2BPX54NSN3CHI6UALXC2KH7HKTYW6SMJ2XV4ZUYE
The advertiser account is included in Category1 category
Money transferring transaction DQXJGJIVHIAB4VEXRKLIOQ44SLG265E3VO73VTC5TFT2WE7Y2LKQ confirmed in round 11709214.
Searching blank area for category Category1
Searching blank area for category Category1
Waiting for confirmation...
Transaction QGOC5QWDDQ3DCXVPH4J3P5FCCTIE4VTISM2P3QI7ZRRXZJC33IJQ confirmed in round 11709228.
Opted-in to app: 13374014
Waiting for confirmation...
Transaction XTMEF6ZFXHZFNTXB4IIWNL2KBXMLCJDNIN2HB6C4E63T2PCADFXA confirmed in round 11709230.
Write to app: 13374014
The time cost of opting in22 advertisers is: 1039.6689176559448
The advertiser logins into account LIGVEZIVFPAUCT3CO6ROYOLLEYUN5O2O3ZOEW6HQY6N46ICPKISO4H42XM
The advertiser account is included in Category2 category
Money transferring transaction IOHIBAECW7I2ZHV4VHFJCC5F2Z5KQHYHLKPZPIKGFTSPO2REPEKA confirmed in round 11709233.
Searching blank area for category Category2
Searching blank area for category Category2
Waiting for confirmation...
Transaction MC6VQAWHMXA6WZPILJPCV2LMHZLW6FOOEB65EYQ5JASH6OJ4NQ4A confirmed in round 11709237.
Opted-in to app: 13374006
Waiting for confirmation...
Transaction LPHDAX45LLDPZLES7GUBD3J4CCQ73J4DLSKOCMOXIREYX2CZJLFQ confirmed in round 11709239.
Write to app: 13374006
The time cost of opting in23 advertisers is: 1077.7810654640198
The advertiser logins into account QRBSMNQJC24XY6UFSINAJXP2NNFVCIM76ZRG2OHYIVMLADZAAEBRGLEINE
The advertiser account is included in Category4 category
Money transferring transaction OYF32C5DJ7HEIHAHHPY2EHZYKXWZUYLGGVTDZVXGVDLD3NH6BVTA confirmed in round 11709242.
Searching blank area for category Category4
Searching blank area for category Category4
Waiting for confirmation...
Transaction 34NZPH7DPJVY6SKPLIPGTQSNUR5LS457HQYJ7GBWMDM56MXJ52SA confirmed in round 11709248.
Opted-in to app: 13374007
Waiting for confirmation...
Transaction EPR3OYCSIREKKSSGLIZHR3ZKUHDF4VWS6URTFHXTOE5VWGN4B4MA confirmed in round 11709250.
Write to app: 13374007
The time cost of opting in24 advertisers is: 1124.5471835136414
The advertiser logins into account 4EWIKUE6CYJVVMHXTWQVJY463EUWEVWYLH34EEYDX6AGQC42BPNJ5RUEHM
The advertiser account is included in Category1 category
Money transferring transaction 4GB56FVMPFTTDZKSYZAMBY3QHXLTRDGQCKIBCCBQMLH3XUBDO3DA confirmed in round 11709253.
Searching blank area for category Category1
Searching blank area for category Category1
Waiting for confirmation...
Transaction 445SLHFEMMQSXKVLCHJFK6W2KARVNY63XNGZTVDLRYVNNSN2FD7Q confirmed in round 11709269.
Opted-in to app: 13374017
Waiting for confirmation...
Transaction IJF3HTER3HEJSJO7TARHMCLMFUKSFPP6YD3PDBDSQKQ3WNOV7FXA confirmed in round 11709271.
Write to app: 13374017
The time cost of opting in25 advertisers is: 1214.457914352417
The advertiser logins into account X6IBSB25ZEDYIOYX5RVEDBW7RNAHNFU37COZQKFJLS63GY3LS6HQ7FGIFE
The advertiser account is included in Category8 category
Money transferring transaction PWQXNUITU2LLVHZRSTJPFD2OYXBN5AMMN427ZXUHAAZYMIKVMDBQ confirmed in round 11709274.
Searching blank area for category Category8
Searching blank area for category Category8
Waiting for confirmation...
Transaction JJAGKSQENHLWQJMLXMCCQI2UKXBFWSFEI2M7BFYOTYDIWADQTE6A confirmed in round 11709280.
Opted-in to app: 13374007
Waiting for confirmation...
Transaction XAT5K36WCIENZINPBBEVURP62FEB55IO35GBEU6E6DO2M2XYME4A confirmed in round 11709282.
Write to app: 13374007
The time cost of opting in26 advertisers is: 1261.791607618332
The advertiser logins into account BF4AHTM4DIRTZ23TA6CWRADI25TYVIZGUP677BYWBAWZ6SKH3L6HTBF44M
The advertiser account is included in Category11 category
Money transferring transaction 4STOSHM2P5OJHSYGSWPQLA7RNRIVUWL2SK33UNGDTMRJUQ6CTMCA confirmed in round 11709285.
Searching blank area for category Category11
Searching blank area for category Category11
Waiting for confirmation...
Transaction 5MOZ4F2MRKIQZ76IMDKZDZKEJPVIL6SHEWERAEEOOS3ZSWCEFVOA confirmed in round 11709296.
Opted-in to app: 13374011
Waiting for confirmation...
Transaction DEOLOEL37MXZ4NUTRXPLGCSGCCH2DTLPS5RNH2YHDVJXXQAWULZQ confirmed in round 11709298.
Write to app: 13374011
The time cost of opting in27 advertisers is: 1330.559291601181
The advertiser logins into account FG4FZKX4WEI5EQFSZJ45QQH2ZCDU3MCZB55S5CLP4CDLICAYVX2OR65I2Y
The advertiser account is included in Category10 category
Money transferring transaction HH4IEAOTCHR5W5VXJZATI22BO37XLSPVYTX6WGFIP644QAZJ7WBQ confirmed in round 11709301.
Searching blank area for category Category10
Searching blank area for category Category10
Waiting for confirmation...
Transaction DCWR6X7FT4RJHJCWNEY7UHUQIHST3BFBS632LM5TQVJD5HCDB3QQ confirmed in round 11709305.
Opted-in to app: 13374006
Waiting for confirmation...
Transaction P5YFAHZC5Z7Q6EYWDODNAUIYI6DKIIKCB42FUNQVAUOB3KIUEGOA confirmed in round 11709307.
Write to app: 13374006
The time cost of opting in28 advertisers is: 1369.1671488285065
The advertiser logins into account O3CHMRZMWX5X6KLZ24XTHBAVUL5T44GPD2QEJOETSWMNX4B243VKSAIDZU
The advertiser account is included in Category7 category
Money transferring transaction UQXQIL2AWRXHA2W4I74M3ZDYQPGTEQNXRFO7L7AOJIEC4U4WNCRA confirmed in round 11709310.
Searching blank area for category Category7
Searching blank area for category Category7
Waiting for confirmation...
Transaction FUZD4RZUWCSZIG76SLBAQROQKPJRTBN6LNEYP7ZOOFO2RSV2TUEQ confirmed in round 11709316.
Opted-in to app: 13374007
Waiting for confirmation...
Transaction 2WKGYX7J6LAMDRBUGHEL7BRYIOIY2HTJA37SPU2I4YXTYJFVRRHA confirmed in round 11709318.
Write to app: 13374007
The time cost of opting in29 advertisers is: 1416.2641961574554
The advertiser logins into account Y45FPVFWDEMGCPBXIEST3M3YVS23VP7O3HPZ55RBZEP2UE6QPEGXHIY6ZA
The advertiser account is included in Category7 category
Money transferring transaction B744LBPB27T7YFJSENRZJKDPOMCHGAVXXVO4FRFMVGOJQICWV55A confirmed in round 11709321.
Searching blank area for category Category7
Searching blank area for category Category7
Waiting for confirmation...
Transaction F7N3ZVWHT5MDGVFHHNXRX25YV6NODHA5DWRR7AAUQE3M7IOVOESA confirmed in round 11709330.
Opted-in to app: 13374009
Waiting for confirmation...
Transaction KJJHFDZYGTMMWEG2BNLAUGKTBNA56TFVBTZDFEIHRYNZCMY453TA confirmed in round 11709332.
Write to app: 13374009
The time cost of opting in30 advertisers is: 1476.300424337387
The advertiser logins into account IJ76FHFJEZ6XP5OPUXQJSYI7YSBKKZM7SJYUYAT75W3KH6EVKV7LOQFFFE
The advertiser account is included in Category1 category
Money transferring transaction GYYCQCJF4XWREWY3FL6QUMDTHZU4HIY3T2SHBKMUGOQS2ACW4HDA confirmed in round 11709335.
Searching blank area for category Category1
Searching blank area for category Category1
Waiting for confirmation...
Transaction AXYMRUXP25REUZMM7GU35AVLYLG2R7O7DR4BLBWYEAC24QLWWMOQ confirmed in round 11709353.
Opted-in to app: 13374019
Waiting for confirmation...
Transaction QJX6LKSNKOODEMEJRBIYU4KAWSTFS67VLJRPUPIHA7IRVPVWXK7Q confirmed in round 11709355.
Write to app: 13374019
The time cost of opting in31 advertisers is: 1574.0346751213074
The advertiser logins into account TEEAZN7Z3MVM4BFLTOW6H3VGPJ5VRDNTFH5XOBBRVMDMH4YDMG4LVXXF6A
The advertiser account is included in Category8 category
Money transferring transaction L5UBJONBP7LSUFR7B7SNLF5A5H5UQLGQPBPJ5H6CQOEN46PHEERQ confirmed in round 11709358.
Searching blank area for category Category8
Searching blank area for category Category8
Waiting for confirmation...
Transaction HWGKL6HHOOPD2DNVMOE5PZQQK6LWS4FV22TMBT77JUNCW7ZJCBSQ confirmed in round 11709367.
Opted-in to app: 13374009
Waiting for confirmation...
Transaction 2XLJLDKHWRHZRPR4V4VUYGH4KFNJKXAJPO5MWOPMQMFDN6O6ISTQ confirmed in round 11709369.
Write to app: 13374009
The time cost of opting in32 advertisers is: 1633.371444940567
The advertiser logins into account XOISQ5HOZUCFVXEOZQNTDLMUHKRKRWSRF7HYMEEUL6YPWFINYAMZ73G3PM
The advertiser account is included in Category9 category
Money transferring transaction ADFY6E3P5EBR2NJELEPTR7Z6HN7SPNGMAHD6AF6H4ABA2RMKNVOQ confirmed in round 11709372.
Searching blank area for category Category9
Searching blank area for category Category9
Waiting for confirmation...
Transaction CSJ5RMQBNVMX5LEVW4CEI7XRE4AACYF46XDSD6JTSPUHVFIEDH2Q confirmed in round 11709381.
Opted-in to app: 13374009
Waiting for confirmation...
Transaction DB66EPT47M7X4QIK5IX5GXXHN5VLFUOTB6MLRRVOBNW2G3EPXZKQ confirmed in round 11709383.
Write to app: 13374009
The time cost of opting in33 advertisers is: 1692.8034286499023
The advertiser logins into account PJMHRSNHV22E7OS7TXTE776ESLRM3WFLTMMXCVNW45ORRWNKYTDZYMIT6I
The advertiser account is included in Category0 category
Money transferring transaction WFHI46C66SMNU4KP3UTLQZQA7WDZ3W552QJMAK5ERKE36RBNNGQQ confirmed in round 11709386.
Searching blank area for category Category0
Searching blank area for category Category0
Searching blank area for category Category0
Searching blank area for category Category0
Searching blank area for category Category0
Searching blank area for category Category0
Searching blank area for category Category0
Searching blank area for category Category0
Searching blank area for category Category0
Searching blank area for category Category0
The time cost of opting in34 advertisers is: 2215.3578412532806
The advertiser logins into account Z6K344OPWMKF45Y2L3OHQJ3I4DT6BIHNSVMQLR7JJ4TDKZ7YC2SG3NHKYA
The advertiser account is included in Category7 category
Money transferring transaction GP7GX7OGOKCVXDDWWU75TRWT6BOWWMEHWSFRHPLQWE6YPEOFK2EQ confirmed in round 11709508.
Searching blank area for category Category7
Searching blank area for category Category7
Waiting for confirmation...
Transaction KVZQRA2CRU32L4HJXYA4RZNXKSTXBZZ4322GILOHTLQ5U5HBCBVA confirmed in round 11709519.
Opted-in to app: 13374011
Waiting for confirmation...
Transaction FEQEBPQ3MZWW3G7ZKATWM5VQU6K4KRLF32PATSI4YYEYZ2D26LAQ confirmed in round 11709521.
Write to app: 13374011
The time cost of opting in35 advertisers is: 2280.9456107616425
The advertiser logins into account JE4T3HPRY3PRGWSJNW5JAZSP5YCPXZYQWJRBCTCMPDEXHZVVDRZBSRR2FM
The advertiser account is included in Category2 category
Money transferring transaction LSQOJ7EXWIOQ2Z7FU6M5KFTHYW27WWXHMJ7U7PLXBH6EMY2NZSEQ confirmed in round 11709524.
Searching blank area for category Category2
Searching blank area for category Category2
Waiting for confirmation...
Transaction 7GUKU65DLYJMBJXGNLIPOTSIIKTMI5A3R5GTMEZJQQUQDIKWYSIA confirmed in round 11709530.
Opted-in to app: 13374007
Waiting for confirmation...
Transaction 7YF2S47N4L2Y3TDH7SJJNCEPACT5HDKCMBLTKA4QZ66B2H7SF6PA confirmed in round 11709532.
Write to app: 13374007
The time cost of opting in36 advertisers is: 2327.5584921836853
The advertiser logins into account LA5HLMZV2JFSKAY4AZ5GODSB2ILE5WA6J5VEXCVX4BP4FFBT7U4KQRC3MQ
The advertiser account is included in Category9 category
Money transferring transaction GKI4GA4BQJHT7NHHNTKXB2UOMWL4VRIJECD24HANO6B2GAZCQM5Q confirmed in round 11709535.
Searching blank area for category Category9
Searching blank area for category Category9
Waiting for confirmation...
Transaction OC67H2RJON34F2TUPFPK3WKZRHAGA73SO5V3QIHW3ZHBBGPF2ITA confirmed in round 11709546.
Opted-in to app: 13374011
Waiting for confirmation...
Transaction XCVGUIFE7UG4MQSM3IQVKGM37SEKFTOOFRLLJTKKPCGWYHVGFS5Q confirmed in round 11709548.
Write to app: 13374011
The time cost of opting in37 advertisers is: 2395.4915969371796
The advertiser logins into account FKKV22NATBWZZLH4FY25TZMTJRR7XQF2OKQDGHZCSVSN77SNGKLXCLTUAI
The advertiser account is included in Category0 category
Money transferring transaction KGZY7WPGK7ID4E6KR6YQXKBD64SNRV4H2ORKUWMJQN7YJAU7AHCQ confirmed in round 11709551.
Searching blank area for category Category0
Searching blank area for category Category0
Searching blank area for category Category0
Searching blank area for category Category0
Searching blank area for category Category0
Searching blank area for category Category0
Searching blank area for category Category0
Searching blank area for category Category0
Searching blank area for category Category0
Searching blank area for category Category0
The time cost of opting in38 advertisers is: 2918.624336004257
The advertiser logins into account 2CIOMZKIK7EPUJ2JFWGBWOYXRDEXXW6CT5SFRI773QHPVBYXDNFWB6ZKKM
The advertiser account is included in Category0 category
Money transferring transaction I2ZE6RCMUHLYRR725X3MK4XFWS6RJIJ5FFHXEKCBQZRNG4SFVY6A confirmed in round 11709674.
Searching blank area for category Category0
Searching blank area for category Category0
Searching blank area for category Category0
Searching blank area for category Category0
Searching blank area for category Category0
Searching blank area for category Category0
Searching blank area for category Category0
Searching blank area for category Category0
Searching blank area for category Category0
Searching blank area for category Category0
The time cost of opting in39 advertisers is: 3441.1830582618713
The advertiser logins into account VA5DEJ5NUSU6N5N4UOV7WPBS4WOIZYURSGCJ2GQGA7EQLFVAVMAC5UMDXA
The advertiser account is included in Category4 category
Money transferring transaction YOBXXNJVJNZLHSM6WK3DEW4L3EE2LQDLE2RBCFPFJNQ47TBR744Q confirmed in round 11709797.
Searching blank area for category Category4
Searching blank area for category Category4
Waiting for confirmation...
Transaction OHI733HJZJW2LB5GSKFLS7NT7FZP52D7YXDR5V43QA27YMEU57CA confirmed in round 11709806.
Opted-in to app: 13374009
Waiting for confirmation...
Transaction 64LTKDEJKHOZEHZYMZUCROV56R2ZMTU5KIV6JVDFSVXWH22Z6RCA confirmed in round 11709808.
Write to app: 13374009
The time cost of opting in40 advertisers is: 3498.940472841263
The advertiser logins into account ONMGVMTJHJSFG5LG5F5SCU6PNZKGOYJMPKAH7YESUSPXZ56DHKFXHJJMDE
The advertiser account is included in Category6 category
Money transferring transaction 4YHKY76MC7CXU3FQJ3BZCGKOX3DXDHCOV376XHGRYCZDQGQKJCDA confirmed in round 11709811.
Searching blank area for category Category6
Searching blank area for category Category6
Waiting for confirmation...
Transaction OKP2VM6ZWGJT5LISYLSWGOXUWLL7KXRPPKAS6O4WG5YRYB5ZBFZQ confirmed in round 11709822.
Opted-in to app: 13374011
Waiting for confirmation...
Transaction 7HXF2BB4WID5Z3RRRQN42ACRNVDOPLH4JHFXCUM6MCTRU2DTQL5A confirmed in round 11709824.
Write to app: 13374011
The time cost of opting in41 advertisers is: 3567.247216939926
The advertiser logins into account IQMF3GZS2QCDYU3EMQLBVXYW54DVOCU55GP5MHTM2SYINCTHE3N2HFRSDU
The advertiser account is included in Category0 category
Money transferring transaction BKD2KXJ5TVI57UZKS2MPRFIEJF4LAJNWSD6DYHUR5Y3XYEPXTJIQ confirmed in round 11709827.
Searching blank area for category Category0
Searching blank area for category Category0
Searching blank area for category Category0
Searching blank area for category Category0
Searching blank area for category Category0
Searching blank area for category Category0
Searching blank area for category Category0
Searching blank area for category Category0
Searching blank area for category Category0
Searching blank area for category Category0
The time cost of opting in42 advertisers is: 4090.107417345047
The advertiser logins into account E43WA3J4UC2XBOFYWZQHH2MUWKKP24M7VWHBU4URILRSTLV3SGQ5FBJQZY
The advertiser account is included in Category3 category
Money transferring transaction V6WXVMS7J55JAIDQZQZIMB6HIRBHZUSBLN7ZZPXLC7KTH3CDQ62Q confirmed in round 11709950.
Searching blank area for category Category3
Searching blank area for category Category3
Waiting for confirmation...
Transaction RTG5HHD543YP2DLPHGQWV654J5YJXQEX5T3PH5W5UACILQ4GTNZA confirmed in round 11709959.
Opted-in to app: 13374009
Waiting for confirmation...
Transaction KUTFDPYUULMUIYM3ANDAACOALYCLBFC3LSW5LLI253TDTLA5J3CA confirmed in round 11709961.
Write to app: 13374009
The time cost of opting in43 advertisers is: 4150.035091876984
The advertiser logins into account ZI7ZL4XFOSSKQZWTDGVOXSN2HYZN2CG74N566ACVNPZX7S2EJZYK3Y56HM
The advertiser account is included in Category5 category
Money transferring transaction Y3S5U6DWDMGU6LUJ4PEFTPTZMKCVT63RFWJKSHOLNQDTRKZNZCCQ confirmed in round 11709964.
Searching blank area for category Category5
Searching blank area for category Category5
Waiting for confirmation...
Transaction 4NK44CFMAXN6A2CCAUWXQ36B4RPMDXBD7ROGW6KLCJMX37B5UVNA confirmed in round 11709975.
Opted-in to app: 13374011
Waiting for confirmation...
Transaction ELRJ5VZ7SUZCUYCFI472SPG4CPJZUUGTVYMR4KJ7XUD7HUIZ4EZA confirmed in round 11709977.
Write to app: 13374011
The time cost of opting in44 advertisers is: 4217.943026304245
The advertiser logins into account EJSLQ3APS3RJPS6IQZCC5OWW4ENICDP6LWD2X3YFP7MM5EP3FCJRISLAXY
The advertiser account is included in Category0 category
Money transferring transaction CWEX3EWIITZHPPNVUGPHTPFH47FF6V55HARCEQDR74VZU6P4LG4A confirmed in round 11709980.
Searching blank area for category Category0
Searching blank area for category Category0
Searching blank area for category Category0
Searching blank area for category Category0
Searching blank area for category Category0
Searching blank area for category Category0
Searching blank area for category Category0
Searching blank area for category Category0
Searching blank area for category Category0
Searching blank area for category Category0
The time cost of opting in45 advertisers is: 4741.676756620407
The advertiser logins into account 3HP2D4YZS5KODILF5L6DTXUHR4CKUIETEFT7JMD3HVBWHUVTKMFXINP3J4
The advertiser account is included in Category2 category
Money transferring transaction WRP4OERL26IKJJRJDGXHAAJ3ZYI6YZ5K2CCKNRRDF3YL56HSHM6A confirmed in round 11710103.
Searching blank area for category Category2
Searching blank area for category Category2
Waiting for confirmation...
Transaction PJPJIQVHWIERKBSUD7NNEIR45P7ATWXR7ZLZVCT5S5PU6FIQEYTA confirmed in round 11710112.
Opted-in to app: 13374009
Waiting for confirmation...
Transaction MSB745KQ5ZDX7SUIXWIHH5BWBOBQX45KH7N2AOLIGFVMKHIPOIIQ confirmed in round 11710114.
Write to app: 13374009
The time cost of opting in46 advertisers is: 4802.354423999786
The advertiser logins into account 5RU64BPMNZ34WSB6XJSIEYTTINCXMNQMPBLOJWODGLT5JPN2DDBJE67GOY
The advertiser account is included in Category11 category
Money transferring transaction 6U7RFDFZATZCHLC7WKHT43GQMJKHHEI3UPDK5EBDHTX2ZRJ7LUCA confirmed in round 11710117.
Searching blank area for category Category11
Searching blank area for category Category11
Waiting for confirmation...
Transaction AIZNGHRUDDWBYBAHBKR5S6NDA4IYTGXMW2Y6PELEZYRFMJR2GOPA confirmed in round 11710131.
Opted-in to app: 13374014
Waiting for confirmation...
Transaction B4XWV454K2T2UUYC2KGHA3CZ22WNHMHQ37CRMJZ6VRZFCR3RL7ZQ confirmed in round 11710133.
Write to app: 13374014
The time cost of opting in47 advertisers is: 4883.326835870743
The advertiser logins into account 3H3LA4QWCDO3TDENBM5FRY5Z7EP24R6HS5MNZEDEK3JJLOYXR6RR567JHI
The advertiser account is included in Category6 category
Money transferring transaction HLU72XZEAR5FLIKRDVPEQM7GHJPNSILPGMKU3ZK7QBCKY7YSSWUA confirmed in round 11710136.
Searching blank area for category Category6
Searching blank area for category Category6
Waiting for confirmation...
Transaction 6DPXLBXCODMGERVJCWEF2VGUFPI7VDZAZGDNI5XTB3MJ2EPWRPJA confirmed in round 11710150.
Opted-in to app: 13374014
Waiting for confirmation...
Transaction EQLDA7PYQZNR65QYZJ2E6KEBVD4VYL7H34ODWE5RH3WB62ZCSPJQ confirmed in round 11710152.
Write to app: 13374014
The time cost of opting in48 advertisers is: 4964.388393163681
The advertiser logins into account L3Y6GMLJXWJJ2XDOQIY3K2SUP2HR43R4452A6L4PQSNK4VTPWTUZUL3KQI
The advertiser account is included in Category5 category
Money transferring transaction U3XWWF3TSE4HBT54W5RTIXE7NLZBBQHRTYF2SYCKEUL5MQYPWITA confirmed in round 11710155.
Searching blank area for category Category5
Searching blank area for category Category5
Waiting for confirmation...
Transaction DIL75URYEFSV3PRQACNAVFRJTQTLSXGFI65NBV2PHHHHB2AQ26SQ confirmed in round 11710169.
Opted-in to app: 13374014
Waiting for confirmation...
Transaction EOARB2PZRDNMCA4IP66SIXUILWMGJ4MKUGPKUF3QVKOI2JJGJQ6A confirmed in round 11710171.
Write to app: 13374014
The time cost of opting in49 advertisers is: 5045.204131364822
The advertiser logins into account 2NGOZCWSRS6TTHEJDAXZWEHYLJGKXMVZ7U6JIIDNV6VN3PGOHICA74ISEI
The advertiser account is included in Category10 category
Money transferring transaction VQLGFURZTZ2E6QYLTM54IUIM75XNGHYROSBEM4DZKTOAABINVAXQ confirmed in round 11710174.
Searching blank area for category Category10
Searching blank area for category Category10
Waiting for confirmation...
Transaction TU7RR4OZGSJXGQNGSCRSUVFJGET3P32LW4UQVCKPTTL2ES237JCA confirmed in round 11710180.
Opted-in to app: 13374007
Waiting for confirmation...
Transaction PC2OS5PFJBD6FTNJSNCXF35U6QLCMWWMAYOURI6OBP7LP3YQ5PIQ confirmed in round 11710182.
Write to app: 13374007
The time cost of opting in50 advertisers is: 5092.162918806076
The advertiser logins into account GUSF7HEDKHTY5DU2KUM4NH26ITWWKHPGMSII2ZGKMFKVYINXNH5Z4KJUII
The advertiser account is included in Category9 category
Money transferring transaction FI4Q3NDIH3EUTPAIJ7U2GZNBF4EXNASGNI4TFO3IH3UORJCABEUA confirmed in round 11710185.
Searching blank area for category Category9
Searching blank area for category Category9
Waiting for confirmation...
Transaction HNNKDLZZ7PBV54B3HNQX3CUFDRQHWWRW7G545VPY7R4EFQJKXCEQ confirmed in round 11710199.
Opted-in to app: 13374014
Waiting for confirmation...
Transaction YPSERYRAPCS4NXAGZ32ERMAMOR2EX5C3FQKI6J25JWUU3UHJEJKA confirmed in round 11710201.
Write to app: 13374014
The time cost of opting in51 advertisers is: 5173.275313138962
The advertiser logins into account RQZV5KTLVQ7KVRFTNF4LD7V3SVL2J2BB2WTQNFQESHZY3Z7SAETOYRYSRM
The advertiser account is included in Category10 category
Money transferring transaction 7FI4MXMIEULZYS2YPN4OKJZSBWXX3C25D5R5E45HHTXV2E5RHVMA confirmed in round 11710204.
Searching blank area for category Category10
Searching blank area for category Category10
Waiting for confirmation...
Transaction J3ANV2RRQKO3ATFZCJ37OCLQVAZGERMC3IBJRE2MC3HGWHZ2LDEQ confirmed in round 11710213.
Opted-in to app: 13374009
Waiting for confirmation...
Transaction JYWMTWCQL4BW5CTBPW6MC4WH6ZYMXAC3YC63QYF3OD6LZB67E34A confirmed in round 11710215.
Write to app: 13374009
The time cost of opting in52 advertisers is: 5233.464142799377
The advertiser logins into account BJIEZT2P3DAR6OGJ4BNNTDLRBF2PXWQLEKLLMFSEM3LXZLXIKFO2G5WEKY
The advertiser account is included in Category5 category
Money transferring transaction CXCLEC24A4OHSSHSG7KAJV6E7F45JVBJ5O7UIFL7I5EOYIZ5E2NA confirmed in round 11710218.
Searching blank area for category Category5
Searching blank area for category Category5
Waiting for confirmation...
Transaction XDA6SRP5UW2NVTD6KV47Y67NSPBKWZEUCSSUHVNSQY2CG4V2U32Q confirmed in round 11710234.
Opted-in to app: 13374017
Waiting for confirmation...
Transaction TVG2YHMZZINO5DKRPNDSGBPBVGBG5E7KF5FMTWSD6RNCGXDKCOPA confirmed in round 11710236.
Write to app: 13374017
The time cost of opting in53 advertisers is: 5324.115533828735
The advertiser logins into account 3D3LNUCPAEWHZ3T7LMVNKTXXYQ7K7QV7F34BQRHBX6OCOFRI367FQUOWBU
The advertiser account is included in Category4 category
Money transferring transaction 2UYWFRLJE5P4PE7S2ULGJZG5SIQL5CWEM4UASFNYISFJ5F57DDDQ confirmed in round 11710239.
Searching blank area for category Category4
Searching blank area for category Category4
Waiting for confirmation...
Transaction RSB3KSDH3P4NY2NRUXVJQ6ZWS2JPPVEHMR4SDVPVWYEIZILVK4QA confirmed in round 11710250.
Opted-in to app: 13374011
Waiting for confirmation...
Transaction UP4TRT62WYV5OEXBWMTS3ZXNHHVUQRIBDE54XOL7JQNXBZFPH7NA confirmed in round 11710252.
Write to app: 13374011
The time cost of opting in54 advertisers is: 5392.724971532822
The advertiser logins into account ZZWHBTTLJZTSJGAWEKXRASFSUWSJIWPUANMNP5I5H7BLX4E6LY4X66UTHE
The advertiser account is included in Category10 category
Money transferring transaction JFJLBRDTRGYTJ37VFKJALOZKXDUWHM7BZBE77NDXWMQQHK5DZUDA confirmed in round 11710255.
Searching blank area for category Category10
Searching blank area for category Category10
Waiting for confirmation...
Transaction HW2OKY2PFB5JVIVZ2GTG4NS7YW6T4XLW4YEVTJPVV6GNEEDDOUGA confirmed in round 11710266.
Opted-in to app: 13374011
Waiting for confirmation...
Transaction JUQJCTF6QAK77GFMUZ3BDVLA7NPBPBEPAGKGS2T43WPV3WV2ID5A confirmed in round 11710268.
Write to app: 13374011
The time cost of opting in55 advertisers is: 5461.695660829544
The advertiser logins into account D356PECCS4LUNEMWNB4C4QE37C6HA7TZD26COJNPWIZOOG2I2IF6GMYDJE
The advertiser account is included in Category8 category
Money transferring transaction 4R3KFKLQND33EYX5KW3NNELMAHHZC627NFRA4OE7R5RRPWWJG7JA confirmed in round 11710271.
Searching blank area for category Category8
Searching blank area for category Category8
Waiting for confirmation...
Transaction BLCJKAFRTOCCP4BQTA5SZYB7J4NM7FH2HURIV5TV6N3RSBFNEY4Q confirmed in round 11710282.
Opted-in to app: 13374011
Waiting for confirmation...
Transaction JUN43K6BL2ULV4O4O643IE7BSNUHX5DTD5DATAWXYNS6DAIIQGNQ confirmed in round 11710284.
Write to app: 13374011
The time cost of opting in56 advertisers is: 5530.428853273392
The advertiser logins into account 6Y7YP23A3XVPELGQTTOTSLC3V452NL3PXPFWRD5CS36DUT3UZ6TMCRKRNU
The advertiser account is included in Category9 category
Money transferring transaction 5TXKFAFT7KN3VC2MJWNCB5H46XDQMUS6RWZ4HZ565MA62JO6A4HQ confirmed in round 11710287.
Searching blank area for category Category9
Searching blank area for category Category9
Waiting for confirmation...
Transaction 36NO3JIBBRF22TPT6RO4UJZVEBSNL66NHXB2RK3B4PGBDCQQWDVA confirmed in round 11710303.
Opted-in to app: 13374017
Waiting for confirmation...
Transaction YDOFLVTQ4HTFJEZW7EGXU3OSAVNTYENV5MZVHJJZGCLYG75ENJFQ confirmed in round 11710305.
Write to app: 13374017
The time cost of opting in57 advertisers is: 5620.555857419968
The advertiser logins into account CKYDVZDWPO5HXARBV7Z4FQL5IGJLRLZ64N7HC4L6LEN4EOAFFBWU652GXI
The advertiser account is included in Category3 category
Money transferring transaction AJLAO5X342TNYWXITVDTW6ENDIEXPRCT5MPDQ2C4U2IWKAMH6IVA confirmed in round 11710308.
Searching blank area for category Category3
Searching blank area for category Category3
Waiting for confirmation...
Transaction 5OUYMPGQFTUX2DHARI6KOLW47GAMEHIQZMDFSTK4ZF3TPMKYKSBQ confirmed in round 11710319.
Opted-in to app: 13374011
Waiting for confirmation...
Transaction LOZJBTVNL34CPYJCPOCHX6BBOV44GCU2XMUHPZCYDM3FPYZFK3DQ confirmed in round 11710321.
Write to app: 13374011
The time cost of opting in58 advertisers is: 5689.312981128693
The advertiser logins into account SZSSHOFOAON6G52UDPVULRY75ZBBAX6DWIYFC6W2XDGLT6JRV2DKXP65Z4
The advertiser account is included in Category9 category
Money transferring transaction VI53MUTT4RCZN7KQHLTJ2PQ63QBX6NWISPI44VYALBZETIRG4VLQ confirmed in round 11710324.
Searching blank area for category Category9
Searching blank area for category Category9
Waiting for confirmation...
Transaction C5H3R3HAAWAYPAGURNUUVVG6UCVCUNYXY2ZTAL3ZKYGDOAUX7WNA confirmed in round 11710342.
Opted-in to app: 13374019
Waiting for confirmation...
Transaction 53GUOWHHWHZNJYS4PHQ3L56ESNZ4AJOMU32TXU76D5T274TUKT3Q confirmed in round 11710344.
Write to app: 13374019
The time cost of opting in59 advertisers is: 5787.8526520729065
The advertiser logins into account 7TT62KXINCIACHVAI566O7LXKIZJUBCXWJYBAYZJ5FOMSSDPXF2TARYVGU
The advertiser account is included in Category2 category
Money transferring transaction VHGXSSZGKIUS6FA2O5LAFTKACU5BBAEH2JA7NEA2LVUJ5ZCOW62A confirmed in round 11710347.
Searching blank area for category Category2
Searching blank area for category Category2
Waiting for confirmation...
Transaction NZ7YE6CAL3ZNSXNM5LI6EYLHSYY37XK735ICMKJCXLEVJJ7VWGHA confirmed in round 11710358.
Opted-in to app: 13374011
Waiting for confirmation...
Transaction ROQW3ZVK6I7QSCMJ3EPG535QF54OFX4DPYBRYBX34IFO3FA4PRZQ confirmed in round 11710360.
Write to app: 13374011
The time cost of opting in60 advertisers is: 5856.586377859116
The advertiser logins into account N3JBIOTVIFK2BDQMBGBQJB6KEWIVRO2AZMTW6KPCAXPKTAPECRIF5EM7KQ
The advertiser account is included in Category11 category
Money transferring transaction ERDTAYWEKHJ2TRERTOU4GI26V3DSTMBDQ4J57P2ZQPARJGAS537Q confirmed in round 11710363.
Searching blank area for category Category11
Searching blank area for category Category11
Waiting for confirmation...
Transaction USR2TJAQG2EAKBURDGUXIR2EOYV464QA7FKENSCNHU3YO5DGKSRQ confirmed in round 11710379.
Opted-in to app: 13374017
Waiting for confirmation...
Transaction UB6FZKH6UONM5YT2Z3M4LYYNIGESJG3LGTJRWNDPOE6CHNEQFBXA confirmed in round 11710381.
Write to app: 13374017
The time cost of opting in61 advertisers is: 5946.976787567139
The advertiser logins into account KO2ZW6GWWOYRNIMAGMC4QOEK26G4XDNWTB6P3ZIC4SCO7TFKIR3TOSY5EA
The advertiser account is included in Category9 category
Money transferring transaction VNS7KMHQELYILUJNA6MQJQF5IGLT7TTCKIO6AUYBH2GUXQES3IDQ confirmed in round 11710384.
Searching blank area for category Category9
Searching blank area for category Category9
Waiting for confirmation...
Transaction DG47ZOMVTLAS57HFCCKRFXBZFCH6W4LJ4WJT2SMABHMIOTWUCR5Q confirmed in round 11710405.
Opted-in to app: 13374021
Waiting for confirmation...
Transaction FNNJZPTJ3J2UIGM4KBYFNL62XDZSHYJC5VNEO3EIITB6GGP6MV6Q confirmed in round 11710407.
Write to app: 13374021
The time cost of opting in62 advertisers is: 6059.00025510788
The advertiser logins into account QHVGYNWGVDCXPH22OLUPFCA3FSNVNQMV7JW7EGE54Q2YITDJJAOL6MH4MI
The advertiser account is included in Category0 category
Money transferring transaction 5ISZYZCWBS5OKVVZH3BOBCGKDZIF2KJWZIHTFJJEDMXHGYMYUTPA confirmed in round 11710410.
Searching blank area for category Category0
Searching blank area for category Category0
Searching blank area for category Category0
Searching blank area for category Category0
Searching blank area for category Category0
Searching blank area for category Category0
Searching blank area for category Category0
Searching blank area for category Category0
Searching blank area for category Category0
Searching blank area for category Category0
The time cost of opting in63 advertisers is: 6583.791120052338
The advertiser logins into account D7CEVWGXLS4XLICEOMKEE4LNBHHO2HYTJR6ZQYZL3QUVUBMNVNLDIZSTZA
The advertiser account is included in Category10 category
Money transferring transaction STCIWSOYXRHWH76M3Z7J34M4XLROTOFZZKMUBCJHRNMBPYWIX7IQ confirmed in round 11710532.
Searching blank area for category Category10
Searching blank area for category Category10
Waiting for confirmation...
Transaction SM2F5CGIDXK2QFEYH726DIF6WQM2CV7M6BBYAAAM4LIYDAX4VCGQ confirmed in round 11710546.
Opted-in to app: 13374014
Waiting for confirmation...
Transaction ZS62TSW65DEFXPESQJ2SJGTRIZILP4URUD6QHIJL3X5YVR7W7UGA confirmed in round 11710548.
Write to app: 13374014
The time cost of opting in64 advertisers is: 6663.530744075775
The advertiser logins into account 4V7SNQ5HDYPXQOZNJILBON44BIV6KG5OPCPMKUE2YHDC7YRPCX6EVVISNA
The advertiser account is included in Category8 category
Money transferring transaction YRJKD7GE3XYYIAUWTSHSJGEBLK5XUGHOG3KBJOVMYB3SIL2SH7AA confirmed in round 11710551.
Searching blank area for category Category8
Searching blank area for category Category8
Waiting for confirmation...
Transaction E3RL5TVZXZLHCELD54IFSUKXW4MABRE3QNIGYXU6MUJZMKW4T62Q confirmed in round 11710565.
Opted-in to app: 13374014
Waiting for confirmation...
Transaction FVH5JRWTFOWUS5NU4J7ZYTVAOJX3R3GCML5JG37Z57U6IHQC65VA confirmed in round 11710567.
Write to app: 13374014
The time cost of opting in65 advertisers is: 6744.369287729263
The advertiser logins into account CS2TOOVXDLISLLDRA6QZVVVRR4AQOO3JEJDQHVMDR4VJVIZDNOOHBT3GBI
The advertiser account is included in Category4 category
Money transferring transaction OQARNF7CSNBMW7HRD73EN3YTMLGTOF26SP4VRXVGT3HQM2U6FA7A confirmed in round 11710570.
Searching blank area for category Category4
Searching blank area for category Category4
Waiting for confirmation...
Transaction 2WYAPVA5HOR3VHMBSCKZP2BXVX4KBIS2HLV3G5IICEZLWYOJNQWQ confirmed in round 11710584.
Opted-in to app: 13374014
Waiting for confirmation...
Transaction LDGR5644WEE3PDIC5526LQ5IPGF3ILRMPXN5RMM5MCSKS4NROBNA confirmed in round 11710586.
Write to app: 13374014
The time cost of opting in66 advertisers is: 6825.361077308655
The advertiser logins into account BANEK3HFCEZOSRX76YK3ILEX42ZMOSTSRWKY65AVHJKYEOQKOIXNSXVYJI
The advertiser account is included in Category2 category
Money transferring transaction 5PKGBFCZVTVAGTVXR3SH7XAZM6FNXCRWMFPAVZWURXJ75MBSL3TA confirmed in round 11710589.
Searching blank area for category Category2
Searching blank area for category Category2
Waiting for confirmation...
Transaction FOAX6DRATUT7XTY3GW7EWY2AIMCXPUSXLPCDWJUYWP53KRFOE3VQ confirmed in round 11710603.
Opted-in to app: 13374014
Waiting for confirmation...
Transaction LZVUCNS2Q3CPVNIXMO26SEIR2YZKAYMFMH4PKBPTQVMB5OQP7FEA confirmed in round 11710605.
Write to app: 13374014
The time cost of opting in67 advertisers is: 6905.9651510715485
The advertiser logins into account JLGGCF2SIB3YCUXCOMQDVMI4NZ3XRX4JGMJPURYXKLBAF7HAPLQP4WMAIM
The advertiser account is included in Category8 category
Money transferring transaction 5WLGROJX6HL4NVSPY2L76W6WRDJQD752U2IBUO5A3YMNNAWSHRNA confirmed in round 11710608.
Searching blank area for category Category8
Searching blank area for category Category8
Waiting for confirmation...
Transaction FWADENX64K4FXOGYDH2LTTRDGYRFIFYO4RFK5X55E2GVA6VIVSDA confirmed in round 11710624.
Opted-in to app: 13374017
Waiting for confirmation...
Transaction IGZGDBJZOTXYDFXQGH7H2XSSTFSZK2453NQNR5JMFUFMSADXNLLQ confirmed in round 11710626.
Write to app: 13374017
The time cost of opting in68 advertisers is: 6995.72819519043
The advertiser logins into account V5WTECIGEPFYQCUMJDZ67T6WAA3AFGOVNYWA7KBSKXHL2GLZNYIQ2DO7XI
The advertiser account is included in Category4 category
Money transferring transaction NNI4YH4GIRXNYVJUFJMPWHE5AHC6P6GN7X7E2FZL24MN2IPKMUWQ confirmed in round 11710629.
Searching blank area for category Category4
Searching blank area for category Category4
Waiting for confirmation...
Transaction 5ZSOWKBI2IYCWIAG5WNFBPAKI73EMDGKBXX6JPVKSLKSXVXHMBOA confirmed in round 11710645.
Opted-in to app: 13374017
Waiting for confirmation...
Transaction TFX4BNLNEL5DCXVLKE7W742OV3PMAXYZS6IHN5R7I4ME7WRN3POQ confirmed in round 11710647.
Write to app: 13374017
The time cost of opting in69 advertisers is: 7084.900085449219
The advertiser logins into account TV2W23R5ORPEACLXXULDMOYOK53UZ3SU4GQL4X44DMUS2P5RD2LQOCYSOU
The advertiser account is included in Category4 category
Money transferring transaction 46K7HJGKMR4V7N4MHVGTGMURRRJGXIBYTC5VQ23MVRS2JE3CHZNA confirmed in round 11710650.
Searching blank area for category Category4
Searching blank area for category Category4
Waiting for confirmation...
Transaction IFMLLTJRQTBK672RFC3JTTISRIMVL6ZRXQHQ3T3NZN7BKBIGXT5A confirmed in round 11710669.
Opted-in to app: 13374019
Waiting for confirmation...
Transaction JUL6UELTLR5RMNRLAR2X6CWWTY2ATGQSRYDI3I7UD5JTMAK5YLDA confirmed in round 11710671.
Write to app: 13374019
The time cost of opting in70 advertisers is: 7187.011919260025
The advertiser logins into account W5VZ3GUAWXBWRPEI4BHT5O4UPTAZ7R4D7NOTHNM7L6OF52QJ6BX6ILT6PA
The advertiser account is included in Category8 category
Money transferring transaction YKXY35AQQNKYXF6K4FIE3QDHSGGTCUSFL3OYLLZN6PZADV6ZQVGA confirmed in round 11710674.
Searching blank area for category Category8
Searching blank area for category Category8
Waiting for confirmation...
Transaction DNKF76TF4MOFRMPJMWDFYNK22PM6SM4JX33MOM4IV74RJMWWPEKA confirmed in round 11710693.
Opted-in to app: 13374019
Waiting for confirmation...
Transaction HXTY5PIY4BOEI5J3CL4GUPJKVHBTRWVT5HMNNEEU2UXRPA7LDADQ confirmed in round 11710695.
Write to app: 13374019
The time cost of opting in71 advertisers is: 7288.785462856293
The advertiser logins into account S3FHAWBXQSZLD3ABS2LV3XSJWID4XWFGFYPNV22DR5GREVW4VZZBJAQT4A
The advertiser account is included in Category6 category
Money transferring transaction GJEY5FAWX6IKOPGWBK7BBBLD5NPJ37W6SFK2KHNZ2I2PKCZHGOFA confirmed in round 11710698.
Searching blank area for category Category6
Searching blank area for category Category6
Waiting for confirmation...
Transaction QDEI36SUYTBNIHXOZ2LZKQD2WYDNTT3QJBNDK4IRRXVKHKUM66TQ confirmed in round 11710714.
Opted-in to app: 13374017
Waiting for confirmation...
Transaction E7IXEQR743W2I5Z7OVQHUGTNZ6PAAMT6GDFYMQJWZ5CFMW4TKHCA confirmed in round 11710716.
Write to app: 13374017
The time cost of opting in72 advertisers is: 7378.003954648972
The advertiser logins into account ZY7TM2FS5IRVIPBE4BRRQNUSH3XOXUMYIQKVKH3QGKPSHEZBRDUIOSNNEA
The advertiser account is included in Category5 category
Money transferring transaction CQ4KIOTSIASAOWSLU5J7YU4P47CCI6WRFACLOOHP4SNU7WERWOVA confirmed in round 11710719.
Searching blank area for category Category5
Searching blank area for category Category5
Waiting for confirmation...
Transaction BRJDKW52OWZ4TY2E5N2XALVKYD7RDPUHX2OCS4ZOO4P223L2FFZA confirmed in round 11710738.
Opted-in to app: 13374019
Waiting for confirmation...
Transaction WCTFJYXXJ6PWSRQMKAQFVUDATH2YJIHSP67Z3PTCPAJBSLCEI3TQ confirmed in round 11710740.
Write to app: 13374019
The time cost of opting in73 advertisers is: 7479.862695217133
The advertiser logins into account G5EEFPSA6CQEY2N4MD723LALRYWWCOU42IMFCKKZJMTHL5PIRHBZT4DQTA
The advertiser account is included in Category3 category
Money transferring transaction BAROGM7KZX3SJXCNBCQUXYD5VJPJN6U4LUL5ZOKT2DAL2UFCS4SA confirmed in round 11710743.
Searching blank area for category Category3
Searching blank area for category Category3
Waiting for confirmation...
Transaction AXUV6FSVU7R35V3VJCVBNCXP33CQPOKQ43CBRCVKHQYEEQFWPRDQ confirmed in round 11710757.
Opted-in to app: 13374014
Waiting for confirmation...
Transaction IZODJVTXLOUSKJQK2KMDRLZXCYU3J5IMG233FML6YUTVBZT6VLGA confirmed in round 11710759.
Write to app: 13374014
The time cost of opting in74 advertisers is: 7560.552996873856
The advertiser logins into account 3JX27H5S2NY2MD4VQYLGW4YEVO42O6RKYMCGU4CUA2EHYPI7TPMGN7LYTA
The advertiser account is included in Category3 category
Money transferring transaction B4OSGKKCLDMLHT5MOWPBADTL4MV7KLCPDUIT5LZB6ZSRZQLCM34Q confirmed in round 11710762.
Searching blank area for category Category3
Searching blank area for category Category3
Waiting for confirmation...
Transaction ZSEMUCSEGWDRBTIDZSAHCG6BQ6J35NY32TDLEK5QPU5ELET7I5XQ confirmed in round 11710778.
Opted-in to app: 13374017
Waiting for confirmation...
Transaction 7T5LAMJ45YJWWRVIFQTOJWPLSG4FTDU4J7AIYPPXYUZX6VP4XF4A confirmed in round 11710780.
Write to app: 13374017
The time cost of opting in75 advertisers is: 7649.514907121658
The advertiser logins into account FTXJT7R7M4FZ3GJNQCI3HVXY5RDTYRSEKPOEV4QLNTOIB23Q2CTQTLXYI4
The advertiser account is included in Category6 category
Money transferring transaction HVPIWMQ6AMVEMJJPEPPHNIGWVRJ4Y7FJR7Q4YVTCF54S35BPHCJQ confirmed in round 11710783.
Searching blank area for category Category6
Searching blank area for category Category6
Waiting for confirmation...
Transaction MQUZUKEKVWSTC323RTYWRT5GKWFBESGVIPA2BTKXHTFAKONKMCQQ confirmed in round 11710802.
Opted-in to app: 13374019
Waiting for confirmation...
Transaction 7254LCH4WSRNFF4UOSXBYGNVNMVTO5KCX6MPQLL7GFK6WYAAUZFQ confirmed in round 11710804.
Write to app: 13374019
The time cost of opting in76 advertisers is: 7751.329898118973
The advertiser logins into account Z7L5ZGAYXK3RKWCNKYPDZKZKQOMCII3EMZ4ZTKMK6VKBBJDAOYIS72OVKA
The advertiser account is included in Category1 category
Money transferring transaction AKU5ZLFJWJWN2452GJJVL7DV3OLRRP6E55HZLT2ENXL6RSZPTCBQ confirmed in round 11710807.
Searching blank area for category Category1
Searching blank area for category Category1
Waiting for confirmation...
Transaction 5C2SP2GEQNZA25Q4IMC23PVHC6AWKPXQBPEMUCS5HMA3A6DGA7XQ confirmed in round 11710828.
Opted-in to app: 13374021
Waiting for confirmation...
Transaction 25YGIXN5Z2WMNTPVHQEPAX5LLMGP6KOZ3JTP43CL3C43WLJCZTCQ confirmed in round 11710830.
Write to app: 13374021
The time cost of opting in77 advertisers is: 7861.835871696472
The advertiser logins into account XAOMWIZEVUBYP4YPCBO2FAFIWGWEITTHKSR6ARXJVU47FNSSUR4XI6WGI4
The advertiser account is included in Category11 category
Money transferring transaction CNDBR2ZMMSXPXH7UP2VWI2VK6TVPXE4RFAUTDCIOEUZUP4NVKWNA confirmed in round 11710833.
Searching blank area for category Category11
Searching blank area for category Category11
Waiting for confirmation...
Transaction RIEU3GWSTDONTVY7A6VBHYV4D36NWDM6MJREEAEVDBHFWQ6BQPCQ confirmed in round 11710851.
Opted-in to app: 13374019
Waiting for confirmation...
Transaction ALS3RKXR44WLG6HHFWZ4UKYLT7K3IMWAZOKV5B5VCDUFZJ3NOPXA confirmed in round 11710853.
Write to app: 13374019
The time cost of opting in78 advertisers is: 7960.6286408901215
The advertiser logins into account JJ4ZVLU4P5BGXO6RNL5HOMCY22FHBIEYYRQQVX65Z7HO74AM25MOLRZ2EQ
The advertiser account is included in Category3 category
Money transferring transaction 2KDQ5WLTLLOFGZ5NOMM6UF5FGBI67PGPLNFA4QNRA3DTRZUVJXWA confirmed in round 11710856.
Searching blank area for category Category3
Searching blank area for category Category3
Waiting for confirmation...
Transaction NRATWJKHSLDHR7R7MJW2JVMPNCST7AVVVJ3COVQ7H3SCEVIMQHDA confirmed in round 11710874.
Opted-in to app: 13374019
Waiting for confirmation...
Transaction TYPZFUGSKCF5PKC24RWDBGHL63AUUSNFO5OB7YKJ4JLTQUHPMCSA confirmed in round 11710876.
Write to app: 13374019
The time cost of opting in79 advertisers is: 8059.252819299698
The advertiser logins into account PNP7ZI7HJ74JXXPC2AHMQXXZ5POO2AMS72I5KM542VITDGWBYHGYK6W7KA
The advertiser account is included in Category11 category
Money transferring transaction GXFCVFES37WFSJYEI4TN6X6COAWBG545VNC2AJT7UTAYDYSL23WQ confirmed in round 11710879.
Searching blank area for category Category11
Searching blank area for category Category11
Waiting for confirmation...
Transaction JYDB5WQEDOEQGPE3JSNDGU2QMMRHMQFHNIFD4HWOUUBNQKHU44YA confirmed in round 11710900.
Opted-in to app: 13374021
Waiting for confirmation...
Transaction SDKPO7G6TI7UREFZBVXK2BM6EZFVFSRLPHCHZJEUCTKZCRI47RZQ confirmed in round 11710902.
Write to app: 13374021
The time cost of opting in80 advertisers is: 8170.681793451309
The advertiser logins into account PYEGOXQTQGRMRJ3VSIUS34RE4ZPXNDRIHCD2GI4Z7ASPIE46YLHM5MGEKM
The advertiser account is included in Category5 category
Money transferring transaction XD5HQ2EKJQ2OAGP5RBAOXKCNUUOY2VZXYROPKIJZAYVKMC5623WA confirmed in round 11710905.
Searching blank area for category Category5
Searching blank area for category Category5
Waiting for confirmation...
Transaction YYX6M6JS4GTE63TD24ORUHRBXMSWXIEDNZUBCK36MYVI6EZIWRHQ confirmed in round 11710926.
Opted-in to app: 13374021
Waiting for confirmation...
Transaction NQ7NSUVOLYKJCVKQKJB4KDQXEJCF3KYVJ562I6NGBCDU3DH6VXRA confirmed in round 11710928.
Write to app: 13374021
The time cost of opting in81 advertisers is: 8282.095495223999
The advertiser logins into account C6ZP2EKU7M5LUKLSQUGFCMSKLANWHQH3MUDGYCHCMPO563BPVESJV4FXNA
The advertiser account is included in Category7 category
Money transferring transaction CN3YUDUCMHEKG3UNCNRM5EJ6LJTMMLEZKNJCQNDIH55VVV66VCVA confirmed in round 11710931.
Searching blank area for category Category7
Searching blank area for category Category7
Waiting for confirmation...
Transaction 6ZVU7BFWY7J53CYEDNT4Z73SNK53CON5MWCZTFUVEP3BB5TBJI5A confirmed in round 11710945.
Opted-in to app: 13374014
Waiting for confirmation...
Transaction QZJ5BOS4GEPSPKV7DNTFYJ5SG6MPB5YZGMLTUI4BS763TMVKX5SQ confirmed in round 11710947.
Write to app: 13374014
The time cost of opting in82 advertisers is: 8363.096585035324
The advertiser logins into account L72HLXNHXCJW7JZXISBNHPSC72RICWBZTV4RUYRUXPZFIBV7443NTDX3OQ
The advertiser account is included in Category4 category
Money transferring transaction CT7ARRITYH7PZB4CACQJVDDDZJ42CR7HC645JE2WDXDRVFRLLW2A confirmed in round 11710950.
Searching blank area for category Category4
Searching blank area for category Category4
Waiting for confirmation...
Transaction 6GXGCE4G4Z6GXSNJYLMXQ4GPF3LJINZENCYKYTNDOAR2CH2K2YMA confirmed in round 11710971.
Opted-in to app: 13374021
Waiting for confirmation...
Transaction BP5SOE3CCOVJ6KI57QQXPOZA63IMP2YKNL7IJ3XOHJUMVVC6RDHA confirmed in round 11710973.
Write to app: 13374021
The time cost of opting in83 advertisers is: 8474.627848625183
The advertiser logins into account 5N7QS2TBIQLG6OJD6PHBRXLFGXRP2ID5NUKX7X6FOIFJ3O7FQF73RZYHEQ
The advertiser account is included in Category7 category
Money transferring transaction FRSBOGIBJCWDN7KPQO5DESVQAT4UDUUE642XJ66AEBCYU7IK4EKA confirmed in round 11710976.
Searching blank area for category Category7
Searching blank area for category Category7
Waiting for confirmation...
Transaction B2G44SCMUQ6Q55BZL2BHRXBGAUGSFTZX4OQEWK54CUAYEHKUY3BQ confirmed in round 11710992.
Opted-in to app: 13374017
Waiting for confirmation...
Transaction XAXZY2ZBF5ZKCG5SOVHAADRXX5IKJI7FEDBYP6MI3K2KLBPFEQTQ confirmed in round 11710994.
Write to app: 13374017
The time cost of opting in84 advertisers is: 8564.501389980316
The advertiser logins into account A66Q4QY2HRAUVED5UC3HXYC6UMJCQFPJ2TXHWHV5SJLI5UWYUB5XRSU5JA
The advertiser account is included in Category1 category
Money transferring transaction K7J4ES5DBSKDH65PPYAI5A3RPTWAYO4BRDGWI27PMZWCZPIK3IVQ confirmed in round 11710997.
Searching blank area for category Category1
Searching blank area for category Category1
Waiting for confirmation...
Transaction 6RYJHP77OVGC6YXMFUUDN6YTOJAPZJIQPDKCZHGJRQL7OKNGX2DQ confirmed in round 11711020.
Opted-in to app: 13374023
Waiting for confirmation...
Transaction SK4GJJYX2NCMXZA3OU2NCG7FDYILBJGK7GBA3X23M6KCUUP5RDIQ confirmed in round 11711022.
Write to app: 13374023
The time cost of opting in85 advertisers is: 8683.487347602844
The advertiser logins into account QR4NGJNHC7KBUWH7A6LRBYWDQ6L24U6T2HG66CMBDWXL2BXPIC4WHO7VDE
The advertiser account is included in Category0 category
Money transferring transaction S6BXANM4VEETTR2333EXOUFCBYT5POEHGXRVWI55OFCRTJ2NGH3Q confirmed in round 11711025.
Searching blank area for category Category0
Searching blank area for category Category0
Searching blank area for category Category0
Searching blank area for category Category0
Searching blank area for category Category0
Searching blank area for category Category0
Searching blank area for category Category0
Searching blank area for category Category0
Searching blank area for category Category0
Searching blank area for category Category0
The time cost of opting in86 advertisers is: 9206.414551734924
The advertiser logins into account IOTGXSHJD2HBIE274BUAYPFTYMDJQQJS4AIYH7VCQ33KQ447N7SRCXRRHI
The advertiser account is included in Category7 category
Money transferring transaction GBALPLGMT3VMOTUDYKQI6GXWJB36AMFDOYAQ6A74NXCNILJAHWKA confirmed in round 11711147.
Searching blank area for category Category7
Searching blank area for category Category7
Waiting for confirmation...
Transaction GGOL47Q2NEN5OVMFG2YOUWMJTZ4SRXG32YWYN63UCUOG52F5BDWQ confirmed in round 11711165.
Opted-in to app: 13374019
Waiting for confirmation...
Transaction H3M4IYKF5EEADEFJAYW665TKHHNWRD7VW3DQEAA4E26RT6TC4BWQ confirmed in round 11711167.
Write to app: 13374019
The time cost of opting in87 advertisers is: 9302.527925014496
The advertiser logins into account I42B7EZ3OLQQZOJXJOBGQTDVAFXB2AE64HERR353DR54YWT4FNP44GDEV4
The advertiser account is included in Category3 category
Money transferring transaction KIOJBXZ2DETN4QZ5FF3EV54FF4A7QCCCNG7ZUFFXP5UE4AZ2G3KQ confirmed in round 11711170.
Searching blank area for category Category3
Searching blank area for category Category3
Waiting for confirmation...
Transaction 5VPXJRUTJJBWRALJDNU6LJGW722H2BHZK63VTZPGSNUAIDASQUTA confirmed in round 11711191.
Opted-in to app: 13374021
Waiting for confirmation...
Transaction NREHVKCGEBCZQSTQOZEEKFNNGOPBP7SMT6OREPSBE577XVSMJX3A confirmed in round 11711193.
Write to app: 13374021
The time cost of opting in88 advertisers is: 9413.433414936066
The advertiser logins into account 6HD4ZGQTK6IXNAF7YBGSZJA4RMRMKRYNBRPR2RLVON5P2BQHZW3HFWI6CA
The advertiser account is included in Category10 category
Money transferring transaction EQZWG7342GFQBMUBXA4EQKTJQL6EXX7IQYR2XT34VIV6G4WE53ZQ confirmed in round 11711196.
Searching blank area for category Category10
Searching blank area for category Category10
Waiting for confirmation...
Transaction MZIQ7HHJJ4JLQTSDJ3A2CKCHX2XZJM5J5LFA3J2QWO77K4PRK3BA confirmed in round 11711212.
Opted-in to app: 13374017
Waiting for confirmation...
Transaction 5BUPASNIZYJLV7F5M5N56Q3ALG6ENPWF7SWFLK7DEZG22RCKDNFA confirmed in round 11711214.
Write to app: 13374017
The time cost of opting in89 advertisers is: 9502.902177810669
The advertiser logins into account 5TKODEERGODK33MUYXET6B7ILX5EKLPIVTANWDVDDTCPH43FK77GVLHVZQ
The advertiser account is included in Category2 category
Money transferring transaction 4OBCPIZW5RSJOD7ADA24DR5GERJPX2WLGT7H5WYD4KAUZTYDRWMQ confirmed in round 11711217.
Searching blank area for category Category2
Searching blank area for category Category2
Waiting for confirmation...
Transaction FG6QKIRXA7T4T3VWBFINXUAK5MTZBIV5O6RQXFNYGHWSGGP5RI4Q confirmed in round 11711233.
Opted-in to app: 13374017
Waiting for confirmation...
Transaction EQGUB3MXW4PBOM7XMY6GFOSPVSIB36366G33F2QHDEXXS7QXR4GQ confirmed in round 11711235.
Write to app: 13374017
The time cost of opting in90 advertisers is: 9591.70900607109
The advertiser logins into account AINGEQUEFNJ7RT5NI2I2ETU4JG6IQMH34FLK7YYXGLN6SZ7DKVU2E354R4
The advertiser account is included in Category3 category
Money transferring transaction EHO55UUIQNCPDNL6LBA2IJO7FRYFSSLMV3E5E4KP2XHIERWGYWPA confirmed in round 11711238.
Searching blank area for category Category3
Searching blank area for category Category3
Waiting for confirmation...
Transaction JMR2TXGA76GZEOGJW6MAIDH6DTQTFAM34MXEFGK4CMMP2Z3X7FSQ confirmed in round 11711261.
Opted-in to app: 13374023
Waiting for confirmation...
Transaction ZBPP62PFURTUYVCNSNU7MO2FMC7LWAA36ZNPHKZNS3I4AAPEM3KQ confirmed in round 11711263.
Write to app: 13374023
The time cost of opting in91 advertisers is: 9710.602424383163
The advertiser logins into account P7ICFNCPIG4BGN4XLXRH2S6ORSEHCXTYL5TUA226JCBTO3PBLT4SJUBASQ
The advertiser account is included in Category2 category
Money transferring transaction YTSRBVQO7G7LI2EHPZEFVPV6JSSQJ3H2HCCVDD7ZHUG4USC2WS6Q confirmed in round 11711266.
Searching blank area for category Category2
Searching blank area for category Category2
Waiting for confirmation...
Transaction X7M3I5JFQBI4IWJO37XSZZ4DCODM7K7GWNJCWWEKEGI7656GBCGQ confirmed in round 11711285.
Opted-in to app: 13374019
Waiting for confirmation...
Transaction IL7WMWU6U667K5UPX73VCQHBB6B7DCSMW5EZT26YQ7RM3GCDU2CQ confirmed in round 11711287.
Write to app: 13374019
The time cost of opting in92 advertisers is: 9812.408919811249
The advertiser logins into account BGMZU5LOLQEICNZEW6VH723KQQEWKHMOD7YA7AMZGSGDY6WYSOSZNQHSMM
The advertiser account is included in Category2 category
Money transferring transaction 4II7YCLHUZXEH4KWACRJ4UJOMZAJUKTJNGCV6YINOERQN3JFMSDQ confirmed in round 11711290.
Searching blank area for category Category2
Searching blank area for category Category2
Waiting for confirmation...
Transaction RRX7D7256LEBEE3NYA2FWCVZX2PE5KRTNJ6SPKNSDSLXCPARTD4Q confirmed in round 11711311.
Opted-in to app: 13374021
Waiting for confirmation...
Transaction YXXT4IPRFHRUWLSD6VNJHPFIK4FNDNCDEVMO5LNHAWVYFBT6AOQA confirmed in round 11711313.
Write to app: 13374021
The time cost of opting in93 advertisers is: 9922.851665019989
The advertiser logins into account DSVO7ESHVJEGEO3Y4XD7GPQUAX2GQYF7454HL3SBPRAQS6FYXJ2JZEKLBA
The advertiser account is included in Category6 category
Money transferring transaction 3HTZYXLGRVGZGTIN44RYUBNP3D6EFXCPFL3CJ324VGVNZV627MFQ confirmed in round 11711316.
Searching blank area for category Category6
Searching blank area for category Category6
Waiting for confirmation...
Transaction TE5XNIRYZFS4HO4ASEHPZVYBT6J3REPMRR36NJC6MME7X4K34QWA confirmed in round 11711337.
Opted-in to app: 13374021
Waiting for confirmation...
Transaction 7UDFQRCHIPNXRWQAI5WDQLG7G22SSKICLKXMWM55FNS624F4I6ZQ confirmed in round 11711339.
Write to app: 13374021
The time cost of opting in94 advertisers is: 10033.008543014526
The advertiser logins into account TFLONXCKGTK53RHH6JPG7DEAY6CFKWH4IBAR5LT4ZCDK4VDZ7PD3LJB26I
The advertiser account is included in Category2 category
Money transferring transaction WGQ7FRDP5UKD6R2QKUYK5R36PW3SVIGC62H5ZUZONKAYB7XNYATQ confirmed in round 11711342.
Searching blank area for category Category2
Searching blank area for category Category2
Waiting for confirmation...
Transaction TFENQD54BIBFV42QO233HYNUCC27JN7YB2PPTXONNCRRUV4I5LFA confirmed in round 11711365.
Opted-in to app: 13374023
Waiting for confirmation...
Transaction FT57DBOYWMAY2RVBBETIEBU7W5ZMP6QMX2SSFUT2WHPQBR6YUSQA confirmed in round 11711367.
Write to app: 13374023
The time cost of opting in95 advertisers is: 10151.77416586876
The advertiser logins into account NZGDGMH4ZWOCI7V5KQ7PO3E2NTZICLL6JVILZ2NQM4PVFGL3D5F6UBG7HA
The advertiser account is included in Category7 category
Money transferring transaction 6JRYOGHOISS3NEXLIGGJNBGVLYQWIJSHTH7JE2ZGJD6VBRL4TEFQ confirmed in round 11711370.
Searching blank area for category Category7
Searching blank area for category Category7
Waiting for confirmation...
Transaction YYJMLXJI2ZLZERTRF6TVOIZ2XIQVV6LCBDEYMULBKM2ZGEDGZNZA confirmed in round 11711391.
Opted-in to app: 13374021
Waiting for confirmation...
Transaction BOCW7MLVNQDJPMYK4B5VOLWFGFYDFFWRQC63W4CJPMPU6ECQOK4A confirmed in round 11711393.
Write to app: 13374021
The time cost of opting in96 advertisers is: 10262.014934062958
The advertiser logins into account YUQEJL6TNUXTNELHCDPLRDWEZ6T7U3EXC7OIFSFSQLB4IMQIHGTA5XIRPE
The advertiser account is included in Category10 category
Money transferring transaction EZZSV52DAKKY6PMPUVY3IWGB4NRUAHZH4VDII4XLPCSEFF64CXMA confirmed in round 11711396.
Searching blank area for category Category10
Searching blank area for category Category10
Waiting for confirmation...
Transaction P2OC56ZTHZHE5BV56NYD2QCNWKU65JY7AMAMJXXF24BKP7ZUOTEQ confirmed in round 11711414.
Opted-in to app: 13374019
Waiting for confirmation...
Transaction RD67IGO5KJDZWH4MIER6MOWMMTUG7XIEPF6XEFXP2VXYSV6SD3UQ confirmed in round 11711416.
Write to app: 13374019
The time cost of opting in97 advertisers is: 10359.600041389465
The advertiser logins into account 5LLROP3USG2EEOATXSUJJSRFW6ZNR63RXMLLNDINJO76QZKAYJT5KMG2TA
The advertiser account is included in Category8 category
Money transferring transaction EIUXAXD4UWD35LPZBKAJ7JFUZVBYPEPNYO7G3SDORBEJMJ2F3CJA confirmed in round 11711419.
Searching blank area for category Category8
Searching blank area for category Category8
Waiting for confirmation...
Transaction FOJ6UVL4BIGRDST75RFDZTMASKROFKGKGQ2ZLLIUQRCAGFJANMRQ confirmed in round 11711440.
Opted-in to app: 13374021
Waiting for confirmation...
Transaction RVJZWLUTRJNYDSEB4EZ46Y6EZUQARSBBB4PV4O6B6UG5DO534BDQ confirmed in round 11711442.
Write to app: 13374021
The time cost of opting in98 advertisers is: 10469.813350200653
The advertiser logins into account THDA4G26EW5T6TU6JXTCMUCVKNEVHTYSDH5SUTQILYE6E2FDP4DLCRBUOM
The advertiser account is included in Category10 category
Money transferring transaction GMPMXXBVBSC253VFGRO7LCJ3IQS3MSKD2PRX5YKNWZ5KYAP3NR6Q confirmed in round 11711445.
Searching blank area for category Category10
Searching blank area for category Category10
Waiting for confirmation...
Transaction 2PGIFDAZBCTEQIMFMKANW3CXWDEUXS4NZ6T2H6SMZUBAGDRWX6DA confirmed in round 11711466.
Opted-in to app: 13374021
Waiting for confirmation...
Transaction 2BHGIB2D2CYSYND3JSUMLIH24NDNJBIQBE4EQEYQHO7VC2M2D5NQ confirmed in round 11711468.
Write to app: 13374021
The time cost of opting in99 advertisers is: 10579.90444970131
The advertiser logins into account NTP45DVJTU46IKWPD4JLWRZVOTEWRB63LHYT4Y4XSCHT7A2L4HKNFEWFGE
The advertiser account is included in Category4 category
Money transferring transaction 4F4YTX4GLESBCVUPW7I4GGNV4LIOWBT65C734INAOBMZQYMSXIPQ confirmed in round 11711471.
Searching blank area for category Category4
Searching blank area for category Category4
Waiting for confirmation...
Transaction ZLQTPUCGVWLNYO3DJ6IRO7N2UMOGXQOTFT7X6CY35KGM6ZB5GI3Q confirmed in round 11711494.
Opted-in to app: 13374023
Waiting for confirmation...
The user logins into account XDYWZ6Y5YI7SC26JF5PKJNXCQZIIXU7DIRXTENLEVS2VRNNGL35E7SULGE
The advertiser logins into account U2VHSZL3LNGATL3IBCXFCPBTYSXYZBW2J4OGMPLTA4NA2CB4PR7AW7C77E
The user logins into account IS2YQYJAF6DS53BCG6M75267GKVQCMKQSNLQSUA5I3AM44BVFZWIOJEXYQ
The advertiser logins into account U2VHSZL3LNGATL3IBCXFCPBTYSXYZBW2J4OGMPLTA4NA2CB4PR7AW7C77E
The user logins into account RCSIDLOPHL3G2OKFGCPZMGAFVA4MUIDUDPRL6ZLQAXBNFTZPHMSL7BLMMI
The advertiser logins into account U2VHSZL3LNGATL3IBCXFCPBTYSXYZBW2J4OGMPLTA4NA2CB4PR7AW7C77E
The user logins into account F7EAGPL26DC6Z42DEEDEA676C3FITJOWMFI6MRU6E2USIF5XETQAHCK3NY
The advertiser logins into account U2VHSZL3LNGATL3IBCXFCPBTYSXYZBW2J4OGMPLTA4NA2CB4PR7AW7C77E
The advertiser logins into account ADIVWBD6FZNEEPPSDV4AU7DPMYHW3AO265VHCP522A3KWY2ND55MNHRQRI
Money transferring transaction AM7NSGQTMMV3WYYULULQCAAUXQHWX26XQLMAQT2I5Y5POPLVLL5Q confirmed in round 11711596.
The advertiser logins into account YPDI3H4BOZUASDMOZ37LRE3PAE24D32HJBJSNQNQJKVXSCK62OMQSXFLTE
Money transferring transaction QPIZJYWPOTUTRQDKOBUFCUYLHKIKGOCFXQOJCWFS2F3UDGPXRNZA confirmed in round 11711599.
The advertiser logins into account 3AIWOW4OLFL3HWOZCEQF3EJK5QOACMWDJQZ4C25WWZFUB3WTS3NSKJK62U
Money transferring transaction 7VYMVIJJTA43VBMLEXGSUNOVHD5BK5U7Y72T2AGKPJOKQXJFBUPA confirmed in round 11711602.
The advertiser logins into account 3PG7QBKCLJ4NTNIVQG3ZIRGDDVMHR6LU6SEPOZLDTYA7FNDFCQSA5LGT2E
Money transferring transaction TPGXMXRCSJPQAAWDCOGAD3KKUKX74OHPMALNC37ZNTA2K6CT6FBQ confirmed in round 11711605.
The advertiser logins into account V2ROKA5LHIB2NAZOHCXOKETU5NQBIREUY3GVGI5QVDMGATYYZC747RS3FI
Money transferring transaction KAHXTLPJ4UCXY72FIOLQAEGNQBISJDLYYWHBJ3M5OEBUY2BAFHBA confirmed in round 11711608.
Waiting for confirmation...
Transaction 75UDYLXNSELVXAIMEARFQF6OAND5BMPJIUJ7XYLBMYBCZ3H6CAUQ confirmed in round 11711611.
Created new app:13374852
Waiting for confirmation...
Transaction B5ODUPA2HLLE3CRMX7LSDDHBFH5DUDVFDUF3PVKE4U7IHQRACSEA confirmed in round 11711613.
Created new app:13374853
Waiting for confirmation...
Transaction CBTHVHHAUJJWH4L5NVMSKJK6OQPMR5RQNSGRLZ5VLAK7OVEHAFQQ confirmed in round 11711615.
Chain to app: 13374852
Waiting for confirmation...
Transaction JI2XCOL7CWTDKHDTLENMH5YDNGH4DS2EPLQBN4XPF6LBYCYGWKPQ confirmed in round 11711617.
Created new app:13374855
Waiting for confirmation...
Transaction RPPQVHRX7JB6EWGJ2DYTYVPUMBBVDJHD2TLAQLWG2UZSZACML46Q confirmed in round 11711619.
Chain to app: 13374853
Waiting for confirmation...
Transaction JGXIPSJZSB7DV47ORREWMALVCMHARLWHFVYSN73Y4CCREUK4TIWA confirmed in round 11711621.
Created new app:13374857
Waiting for confirmation...
Transaction NU7NXH7RMTAHCKS3U644KROV77TMZ2WWPTH5T6NT3BT6RGWAJJKA confirmed in round 11711623.
Chain to app: 13374855
Waiting for confirmation...
Transaction 5YKHG4BBGTTTQHWGE7G7RSVIHJEZVCQDUOJYDJE2N77UYJ6F75PA confirmed in round 11711625.
Created new app:13374859
Waiting for confirmation...
Transaction I5ZBG3X4KFEGWGPTWEVWZZK6U6BKA2BAMLGRNXN5SJDHPPF5BDQA confirmed in round 11711627.
Chain to app: 13374857
Waiting for confirmation...
Transaction SLXEANRGWPDNIZKN77UQXJLWVW6634NYZN2O3QKHZEAUK54QUZNQ confirmed in round 11711629.
Created new app:13374861
Waiting for confirmation...
Transaction FFTPBPVCBQBNDWMQ5V42A3NOLBHKLXMQ3D5YEG24JIFOYX5TNA6A confirmed in round 11711631.
Chain to app: 13374859
Waiting for confirmation...
Transaction 32HXSY7Z7LZJ5DSW4OCXY2PK64ONIHVMRF6MAXU5YBGNKJXNMTUA confirmed in round 11711633.
Created new app:13374865
Waiting for confirmation...
Transaction X4XKI4Q3AFA7IRK36MYWXTUHWLCLOFOFP33PW54EYB3S5GTCW5CQ confirmed in round 11711635.
Chain to app: 13374861
Waiting for confirmation...
Transaction SJ54RDMBHLX2UFKQDB7H7CWPM4BJ2P52B6TL5GX2ZW3W4EUFYRXQ confirmed in round 11711637.
Created new app:13374867
Waiting for confirmation...
Transaction 5R22KHFCVUB7JKK3VESNPU5SA6VLEYMQUXCXFEQHDSQQIF55DPUA confirmed in round 11711639.
Chain to app: 13374865
Waiting for confirmation...
Transaction EGXTSQQDJEMTKZ3EEDWHKMVYTZFYH7N35TADGCPID5TTFP6SOGAA confirmed in round 11711641.
Created new app:13374872
Waiting for confirmation...
Transaction CB3FHFJKWP2NMWSFKE4VSVL6WMRIM2INJHAZFE4UWFMPDXFCJNMQ confirmed in round 11711643.
Chain to app: 13374867
Waiting for confirmation...
Transaction QU62ULCY76DSHP2CCWS2VV3ZB7YNM3DOMAMH5QFZP5LR4WGPAHCA confirmed in round 11711645.
Created new app:13374874
Waiting for confirmation...
Transaction ZUDW2JOG4Q4HGRN6LCORROUJO43VRO62KGGHFGDX7DT4MOILJ6KA confirmed in round 11711647.
Chain to app: 13374872
Waiting for confirmation...
Transaction YGANQJBWZCS6KUUEPRS2DX3GGYVX7TLJ5XXJZI3MAK2UFXSVCYVA confirmed in round 11711649.
Created new app:13374876
Waiting for confirmation...
Transaction ZG4CGZGKK3MEGORZ3FHYQGO537ZEYRQCR3F5ORXESS2VBAUFIO7Q confirmed in round 11711651.
Created new app:13374877
Waiting for confirmation...
Transaction NKYS7QT6DZ66RMYQMWYILBEQATVOLCRSKOXAKE7UKBH6FANQMXXQ confirmed in round 11711653.
Chain to app: 13374876
Waiting for confirmation...
Transaction RFHBQ3WY56JJO7XTUKSPGLVHP4DZUOUXDYAUMJJXUXDTHY3AES6A confirmed in round 11711655.
Created new app:13374879
Waiting for confirmation...
Transaction WABDAB4CQKMVPLH45LJTOCSSOD235UHFWAQQ7EKBZ6ZSGCMOQTDQ confirmed in round 11711657.
Chain to app: 13374877
Waiting for confirmation...
Transaction GHZHAT5D4SLCPHLRJUFU3BLJVQXEWRPNO3PTLTAX5HODSLQUIFWQ confirmed in round 11711659.
Created new app:13374882
Waiting for confirmation...
Transaction DL32U6XXSWV55CXO757QFH6M3M5QRNYDFJ2YEADB4UIT66AFHJAQ confirmed in round 11711661.
Chain to app: 13374879
Waiting for confirmation...
Transaction ROULF526N5GEX4LHGUQE3YFTKJ5UIDWJ3AF4O4YNHGW36UUJXQUA confirmed in round 11711663.
Created new app:13374884
Waiting for confirmation...
Transaction SOOP3P57Q7KSLT6YG5W7GVRTOXHE5NN2HD345TESIKKK35LMZDCQ confirmed in round 11711665.
Chain to app: 13374882
Waiting for confirmation...
Transaction BFSW3ORMD3STR62GDNYFKE3A2N6W3JCK5Y76WPUSHWVGYOB5NNCA confirmed in round 11711667.
Created new app:13374886
Waiting for confirmation...
Transaction ZXTK4S2WB27YA3LDT5CN365JTVTSU33ZKYCT5Q57PROHIXGWGCIA confirmed in round 11711669.
Chain to app: 13374884
Waiting for confirmation...
Transaction 74PRH3JJQTJ7LZHY6XYUDFL6DIR7KV3E7N2XUKSYOR65NM2CQ7HA confirmed in round 11711671.
Created new app:13374888
Waiting for confirmation...
Transaction KV6KPDJPYIJZNUZ3TVFGPUIDBHYHTBJ3TMGDW6T636QFV7D5NSUQ confirmed in round 11711673.
Chain to app: 13374886
Waiting for confirmation...
Transaction YIOD7MLS5QWBCZWQLJPV6VGTYQXC3L3J3OXXEQPOHJSDX7LBPKKA confirmed in round 11711675.
Created new app:13374890
Waiting for confirmation...
Transaction KYVLHYZ6RVINU2ZEYFHHIZEFWPKZXCKC2GQFFOZ4A5HLKBU7WHOA confirmed in round 11711677.
Chain to app: 13374888
Waiting for confirmation...
Transaction K76PCNU26JLHAUUZ52TW5JLJ7LCKEUPBKTCNIKZKXUG5ICV5XR5Q confirmed in round 11711679.
Created new app:13374894
Waiting for confirmation...
Transaction BFR56LJGJZ6Y4HE56XF2U5IX5S2MUJI3YY5YNRE4J4WIBDIZB3UA confirmed in round 11711681.
Chain to app: 13374890
Waiting for confirmation...
Transaction U4EG6PB2C3R5Z4FH5RYSI5BCX7V56U7HTWRCBALAPE2H4Q3DH4DQ confirmed in round 11711683.
Created new app:13374896
Waiting for confirmation...
Transaction LUXAY2ODE6J5SQW7VBHAXDPUFUKCI4RBTSULT75R3D6LREI2K24A confirmed in round 11711685.
Chain to app: 13374894
Waiting for confirmation...
Transaction O7RLZC6Q6JLKLEZALHF7YBLLIPTMC5U3OB7XOI5BCBNSHE7ZSUEQ confirmed in round 11711687.
Created new app:13374899
Waiting for confirmation...
Transaction NH6LY6UOVG6H5TWFSAIJK2W2HLYVNDBWMQEZ6XSJD6UGCGVYZEKQ confirmed in round 11711689.
Created new app:13374900
Waiting for confirmation...
Transaction Q3R5LSLQV732TDWZS4LQVB2DCFK6UTIBXNBTTM2F2VR4VEAEN57Q confirmed in round 11711691.
Chain to app: 13374899
Waiting for confirmation...
Transaction 3Y476POWNMD4BLAGIRIXZ62XVU23223SPN52NRVMXFUEHSZK337Q confirmed in round 11711693.
Created new app:13374902
Waiting for confirmation...
Transaction VFNX3MP6SMV7BSJWRUIH43TGNIF7GDQBAALF6Z5WJICKJ6WVB3EA confirmed in round 11711695.
Chain to app: 13374900
Waiting for confirmation...
Transaction T2ODFIYPB5TFBNG23LOVUWYJWSMMRET4UMD4MM4NWQRWS6HPQIIA confirmed in round 11711697.
Created new app:13374904
Waiting for confirmation...
Transaction LFE4XRD2ZQ6Z5QLHXAF4RO3FBF6JUO76PZJYW5DT7S6SNOPCQIEA confirmed in round 11711699.
Chain to app: 13374902
Waiting for confirmation...
Transaction JXSSWCJHMOHFX6O6RSBK6RU7KNMMFV37GK6BDJRLK6PXEG62X4BA confirmed in round 11711701.
Created new app:13374906
Waiting for confirmation...
Transaction XMAPQ44EJV5K3MFJTLMVRMNLNUC443T3QWZOYG7S5NZI3ESNS4FA confirmed in round 11711703.
Chain to app: 13374904
Waiting for confirmation...
Transaction O7FISXIUH2NZ4FPBY6TMXPTGT63IEJCN2K6QZNTZI5MAMCJ6SXMQ confirmed in round 11711705.
Created new app:13374908
Waiting for confirmation...
Transaction FGUBLQACBXRM2XKMTKSHXIQU5RGIYISGZEZJ3AL255NTOEKLFI3A confirmed in round 11711707.
Chain to app: 13374906
Waiting for confirmation...
Waiting for confirmation...
Transaction HGMHP73DFVAI2RBH677Z6NVXPGBLF7YISESZOIZRBSFYJGNWDFTQ confirmed in round 11711709.
Created new app:13374910
Waiting for confirmation...
Transaction 6KVAYLLP4WFEKMWODMTXVIERXYNUYASMSFDE6LGS7T7JYVO4ZKUQ confirmed in round 11711712.
Chain to app: 13374908
Waiting for confirmation...
Transaction JR7EVA2HQHPNEILLBSC5Y6SMBZARQG27DFGE4P2MQLI4BVBWUCTA confirmed in round 11711714.
Created new app:13374916
Waiting for confirmation...
Transaction Z5GCEZO63HKGLB4MS7NHITUYPPD24MKHFJVRUZJW6VF7R5G2HKIQ confirmed in round 11711716.
Chain to app: 13374910
Waiting for confirmation...
Transaction NRPHS32KBHC32H2AKUYA56WUJL3I7QPQ7CM2Q7CDFESGOWA23BDQ confirmed in round 11711718.
Created new app:13374918
Waiting for confirmation...
Transaction EJAV2TGT4XIRJ34HI2APEPANRZT6WQW22EG54EQIC4GCUOOEBEGA confirmed in round 11711720.
Chain to app: 13374916
Waiting for confirmation...
Transaction VFTK5GM5ILFBLQJUNLKEVKFL2R2LKY6GHXWVW3ZJ5LEDZ4FGGN7A confirmed in round 11711722.
Created new app:13374920
Waiting for confirmation...
Transaction SJLYO634XWD224YY3J7TWUXUME6H6HMB72OASF5R6H4OVBYLPWAQ confirmed in round 11711724.
Chain to app: 13374918
Waiting for confirmation...
Transaction SO6VD6BAGB2RKDF4APX3GMZNJV3FSIDKGOCZYG4SIWLMBQ7GTTTA confirmed in round 11711726.
Created new app:13374922
Waiting for confirmation...
Transaction E7TL6PZXUWAKHUH5JGW6UT6WDMT36AGK4AXLDHUTAM5L44ZNQVKQ confirmed in round 11711728.
Created new app:13374923
Waiting for confirmation...
Transaction MP6HZQUGGYSMVIL4ZAPCIZYREHM6MKDVKWREBCDXMF46GWWOO3GQ confirmed in round 11711730.
Chain to app: 13374922
Waiting for confirmation...
Transaction VWU37N427D7BW2N2WRE56VHOGDAZVFMVOPONUJRPPIBCHTCP3P5Q confirmed in round 11711732.
Created new app:13374925
Waiting for confirmation...
Transaction L2OO54FWOFW6K6V3SIDXB3R5ND2UDTIF7PDP6ISRASU6G27IARBQ confirmed in round 11711734.
Chain to app: 13374923
Waiting for confirmation...
Transaction ELV25Y62TDAX4XLACXWUJFUGMYAP2XVZ4TJFWMBYZBGIL3HEKESA confirmed in round 11711736.
Created new app:13374927
Waiting for confirmation...
Transaction QHQLVMVOXKDI5OQ7ZQKGKRE36TD6BCR27X327WWIRXPTS7OXS6GQ confirmed in round 11711738.
Chain to app: 13374925
Waiting for confirmation...
Transaction KWJGHJIOLKI7NX2UAO2RYM5U6AYK4B7LOQ5TKAO5J4SRBXNUHU4A confirmed in round 11711740.
Created new app:13374929
Waiting for confirmation...
Transaction HLPQ3DHBKWOTLS6Q7CM4ILFYPSI7AN36TZKVAW7P3HCLFL3G2W5A confirmed in round 11711742.
Chain to app: 13374927
Waiting for confirmation...
Transaction 2AXGIRQ7ENECH2JASSDYPHH2GWVMTWH5UOMKY5T7VCURZNAMJUYQ confirmed in round 11711744.
Created new app:13374932
Waiting for confirmation...
Transaction TTQYGIO4HPFTH74YRAEATJK5HAQ2KRMZCTBOWW6EIGES63QTYWEA confirmed in round 11711746.
Chain to app: 13374929
Waiting for confirmation...
Transaction KIUTOW4JYROXGQ2HPPGU5JLRHM5KCQY5BDMGCOR4KW3PHGCAFAPQ confirmed in round 11711748.
Created new app:13374934
Waiting for confirmation...
Transaction N3AW4AYCOP3ZAAIDTBCCOHA73PB4WS5GNZNJWPRJWYGDO7Y7J3CQ confirmed in round 11711750.
Chain to app: 13374932
Waiting for confirmation...
Transaction D6EB64XI2EULADHTNBCMW4G5PNNG6HBZJDCNUDPAMYTHTBD6LOKA confirmed in round 11711752.
Created new app:13374936
Waiting for confirmation...
Transaction YSOI263745PLZMOE6WWLI3NEAKFUNESSUTFWLSO7ZRHBKM6QOWTQ confirmed in round 11711754.
Chain to app: 13374934
Waiting for confirmation...
Transaction GYV2FRK2D7U45SDAMDIFXLZGVTI2HB325645Y3JQXUXJLM6O467A confirmed in round 11711756.
Created new app:13374939
Waiting for confirmation...
Transaction OWV5QYUMIOKXWWLEMRCXZDO5L2HQMZPM2473X7VGZERCGQA7QEUA confirmed in round 11711758.
Chain to app: 13374936
Waiting for confirmation...
Transaction RGFQZUOGABOYXJ7BG4BYZPJLWA4VXUFBLXZKIVC6L4KR7GQ6W3WQ confirmed in round 11711760.
Created new app:13374945
Waiting for confirmation...
Transaction AEFSXT6XB74GNG2N6G5V3XALGXTXK7DBJZIJBAJJEXOVPAYFD3FA confirmed in round 11711762.
Chain to app: 13374939
Waiting for confirmation...
Transaction OP6TQV2OZ4ZP4VOVISS74SBIXPZEM6IXTNI3QUEVWX4WSJ34JTPA confirmed in round 11711764.
Created new app:13374947
Waiting for confirmation...
Transaction CAXQBEOZUNRTWPD7AKH3YVC5X7EID5E5XR4W2TTODQWSXUMBMOJA confirmed in round 11711766.
Created new app:13374948
Waiting for confirmation...
Transaction IFKWZVHDHZ2QZB7Y6ND27WQSMY65BKBQZ4E6GNPJOCDLHMVSPHAA confirmed in round 11711768.
Chain to app: 13374947
Waiting for confirmation...
Transaction XINH6LTO7Q6CCCBNXHUMLFUIEUZTSQKZPC4YY3DCPXQTADCJL67Q confirmed in round 11711770.
Created new app:13374951
Waiting for confirmation...
Transaction DA264HIWVD4FE4NY4WMPGBMV6W5MQOIGU63TUAGH7T6QEJK5RF6Q confirmed in round 11711772.
Chain to app: 13374948
Waiting for confirmation...
Transaction CACQORAD7JPXYBBVDBLEKUWU276IJ266XC7PRDZ5J67V6IJKZXBQ confirmed in round 11711774.
Created new app:13374953
Waiting for confirmation...
Transaction VH4KESJFPZI3UI2JE7YTWLMSS2CEZSEM2G2HW7GVB5V7SWURHFBA confirmed in round 11711776.
Chain to app: 13374951
Waiting for confirmation...
Transaction GF522K3WQCX4TGXM2M2N3YHFRCZGEAFWT62ZSVJMVK2BJ3VXJ2RQ confirmed in round 11711778.
Created new app:13374955
Waiting for confirmation...
Transaction BCA22MKNWF6HG54YSWDZCT4DMFFRO4MTT5QZMFXDIRT4XHICYILA confirmed in round 11711780.
Chain to app: 13374953
Waiting for confirmation...
Transaction X2KAA3X2AD3ONSQEFBUC52ZH2F7LNFC4W2QRBOZILHED5V4ABOPA confirmed in round 11711782.
Created new app:13374960
Waiting for confirmation...
Transaction GEVXUFU52D2ASSR4JU6KB5PQ4AP4GH4TGQOY5KCYVOAAPYM5SLIA confirmed in round 11711784.
Chain to app: 13374955
Waiting for confirmation...
Transaction FJL3V2FIZ5LCOGKFEGUY2P47D4SSLUFGZQD2QWDBMKJD3VYZYENQ confirmed in round 11711786.
Created new app:13374962
Waiting for confirmation...
Transaction 2YZITE5BU6QGG5HDWEBZXQS2M3HUAAZWB3GUK3Z4JJNIBJL3UJAQ confirmed in round 11711788.
Chain to app: 13374960
Waiting for confirmation...
Transaction M4DB32GEBMN6E3FEMAIVH3WRNV42PTKMOL2VJXUPEVR4QNZLFVEQ confirmed in round 11711790.
Created new app:13374964
Waiting for confirmation...
Transaction K2JWZVNVUXQ7HTCMQJ557IAWKWQLP5LXV7VGCH4FYFKT63PN46JQ confirmed in round 11711792.
Chain to app: 13374962
Waiting for confirmation...
Transaction B7NEOLXRFS5ADAXXTNAEYNKPOVAK4QXVBAAGL5IND7TH2GSRX2HQ confirmed in round 11711794.
Created new app:13374966
Waiting for confirmation...
Transaction Z6QL7W3TH7I6TKJTMQWR7WHDIGSCUL77F7WWRSPDUXELOIH6WF6A confirmed in round 11711796.
Chain to app: 13374964
Waiting for confirmation...
Transaction VRIFDBQBJLHXMRMVPNKBH5TBNBKA6VMUO5YWORQUUWF5F5HLOC5Q confirmed in round 11711798.
Created new app:13374969
Waiting for confirmation...
Transaction H2NKGFKFRBVSEPHN37JIENMJL7KULQCUXHHYXP7BX6W3BDBFO72Q confirmed in round 11711800.
Chain to app: 13374966
The time cost of adding 5 contracts is: 857.7672092914581
Searching for category Category1
Searching for category Category1
Searching for category Category1
Searching for category Category1
Searching for category Category1
Searching for category Category1
Searching for category Category1
Searching for category Category1
Searching for category Category1
Searching for category Category1
Searching for category Category1
Searching for category Category1
Searching for category Category1
Searching for category Category1
Searching for category Category1
The searching results from multi-contracts of category Category1 are: 
B4264NAV2BALDQ66MD72VWE2BI7K3SJXZZZRVPZCR223DXLV4K6IFAXSAY
{'AdvertiserUrl': 'Url: B4264NAV2BALDQ66MD72VWE2BI7K3SJXZZZRVPZCR223DXLV4K6IFAXSAY'}
{'OptedAppId': 13374006}
TA4QCKOJSCRBLAPJ4N65UBL5DOS5IXZII22A2I3I7HYB6OTHKYUZT6EGIY
{'AdvertiserUrl': 'Url: TA4QCKOJSCRBLAPJ4N65UBL5DOS5IXZII22A2I3I7HYB6OTHKYUZT6EGIY'}
{'OptedAppId': 13374007}
43PBBZMBRBXLAN5JLFGNTWHDPSUMDETCQORJ36RVMR2BAUQJGACDZUGRNU
{'OptedAppId': 13374009}
{'AdvertiserUrl': 'Url: 43PBBZMBRBXLAN5JLFGNTWHDPSUMDETCQORJ36RVMR2BAUQJGACDZUGRNU'}
D4ODSWUA3XVV6WSPGUF5TESLH6LCDMOB57ZFFJISJP4PCLTXQTNJXX33LI
{'AdvertiserUrl': 'Url: D4ODSWUA3XVV6WSPGUF5TESLH6LCDMOB57ZFFJISJP4PCLTXQTNJXX33LI'}
{'OptedAppId': 13374011}
35HI6ZEBO2XEEJRIXT2BPX54NSN3CHI6UALXC2KH7HKTYW6SMJ2XV4ZUYE
{'AdvertiserUrl': 'Url: 35HI6ZEBO2XEEJRIXT2BPX54NSN3CHI6UALXC2KH7HKTYW6SMJ2XV4ZUYE'}
{'OptedAppId': 13374014}
4EWIKUE6CYJVVMHXTWQVJY463EUWEVWYLH34EEYDX6AGQC42BPNJ5RUEHM
{'OptedAppId': 13374017}
{'AdvertiserUrl': 'Url: 4EWIKUE6CYJVVMHXTWQVJY463EUWEVWYLH34EEYDX6AGQC42BPNJ5RUEHM'}
IJ76FHFJEZ6XP5OPUXQJSYI7YSBKKZM7SJYUYAT75W3KH6EVKV7LOQFFFE
{'OptedAppId': 13374019}
{'AdvertiserUrl': 'Url: IJ76FHFJEZ6XP5OPUXQJSYI7YSBKKZM7SJYUYAT75W3KH6EVKV7LOQFFFE'}
Z7L5ZGAYXK3RKWCNKYPDZKZKQOMCII3EMZ4ZTKMK6VKBBJDAOYIS72OVKA
{'AdvertiserUrl': 'Url: Z7L5ZGAYXK3RKWCNKYPDZKZKQOMCII3EMZ4ZTKMK6VKBBJDAOYIS72OVKA'}
{'OptedAppId': 13374021}
A66Q4QY2HRAUVED5UC3HXYC6UMJCQFPJ2TXHWHV5SJLI5UWYUB5XRSU5JA
{'AdvertiserUrl': 'Url: A66Q4QY2HRAUVED5UC3HXYC6UMJCQFPJ2TXHWHV5SJLI5UWYUB5XRSU5JA'}
{'OptedAppId': 13374023}
The time cost of searching is: 765.130521774292
The advertiser logins into account XZKTSQMWGFIL7SWXZORCANKD3YHFJRJD6HBDO56XBZLFHBUORFLD6GEN2I
The advertiser account is included in Category2 category
Money transferring transaction G7FQRBVHVLXFWBYEYRQCBGR5U2RXJUKD2HD64FU7RXZXBLHWNFSQ confirmed in round 11711980.
Searching blank area for category Category2
Searching blank area for category Category2
Waiting for confirmation...
Transaction HRVFX2KTOSYRF3ITSR4VZAMC64PZNYS2VZNQOFA6Z6XKQ3RDDO5Q confirmed in round 11712005.
Opted-in to app: 13374025
Waiting for confirmation...
Transaction HCJGEZXLQO75YJFFNZO3NAQHE7FDGTFFZCKIKJTVYKQG54RYGD5A confirmed in round 11712008.
Write to app: 13374025
The time cost of opting in1 advertisers is: -123.2582654953003
The advertiser logins into account JSS5XFX6PYT7FSETWPZS7Q35IGP77A4NITINR5EPPALJUXYXZH56OMT224
The advertiser account is included in Category4 category
Money transferring transaction AKZKL3LCBTOBUQ46JQUEFN4LHRXJDS2VQTNA2LW3FRAW3TFPXTXA confirmed in round 11712011.
Searching blank area for category Category4
Searching blank area for category Category4
Waiting for confirmation...
Transaction UQ4RJTG33ZO5V6NMMKNS4EBKVEWUC75SGKHCXK2RJLZPLF5O2QIQ confirmed in round 11712036.
Opted-in to app: 13374025
Waiting for confirmation...
Transaction HPDFPFGW7PJ4SMBPNDAI5PSVLD6XUWT5VGWUSX6QGCDL2NUEQCFA confirmed in round 11712038.
Write to app: 13374025
The time cost of opting in2 advertisers is: 5.336679220199585
The advertiser logins into account KQALN6U7S3SX2MYG5DRM3WL5IK3UBALPEY5O2H2FDX3S2UDKRNH2PIB5WQ
The advertiser account is included in Category0 category
Money transferring transaction 7CEVES3GYGWRXYYCOISBNLGYBXT2TRC4367QHCNHN6MTNM2QT74A confirmed in round 11712041.
Searching blank area for category Category0
Searching blank area for category Category0
Searching blank area for category Category0
Searching blank area for category Category0
Searching blank area for category Category0
Searching blank area for category Category0
Searching blank area for category Category0
Searching blank area for category Category0
Searching blank area for category Category0
Searching blank area for category Category0
Searching blank area for category Category0
Searching blank area for category Category0
Searching blank area for category Category0
Searching blank area for category Category0
Searching blank area for category Category0
The time cost of opting in3 advertisers is: 783.5151376724243
The advertiser logins into account PPPJV5QEUFMVCVTYNMOUZSKLZOJWN2VTDHWFMTMDA35NE5XJ5VVXLKDXJA
The advertiser account is included in Category3 category
Money transferring transaction XBLGQLKMUSTWBTH3MKRJYTI6P74C4TZY6DT7ZSNZBL45RVQYDJSQ confirmed in round 11712223.
Searching blank area for category Category3
Searching blank area for category Category3
Waiting for confirmation...
Transaction 4Y54NW75X52FEACVKBI2J7QSQ4MLJ7MDPPZC5TSLAIQV7N3YAUXA confirmed in round 11712249.
Opted-in to app: 13374025
Waiting for confirmation...
Transaction W7ZEMVDLJM2BPRAVQOJEAA6H2VSG5YPR2PC36UVTYBJWSLOGCA6A confirmed in round 11712251.
Write to app: 13374025
The time cost of opting in4 advertisers is: 914.3689317703247
The advertiser logins into account 66RYYXGIEWEWQLUW5MNOFIS26MRRVWN4RV2IAAJXUEB33WB3WJK5IOWLCQ
The advertiser account is included in Category4 category
Money transferring transaction OQVO3XF7V6ZBNURRGRG6HCH42UVBP3MVEAH64LOFUMRIBXGFGTNQ confirmed in round 11712254.
Searching blank area for category Category4
Searching blank area for category Category4
Searching blank area for category Category4
Waiting for confirmation...
Transaction 24HDG4YTK4TCGICJV6WEP6IZAXIQYDK7CPLDG7U7XJQOMCACH5NA confirmed in round 11712270.
Opted-in to app: 13374027
Waiting for confirmation...
Transaction SCKGTRT6RIS45TUD7VS7AU4E3PBURQMTWWIT5Y27IYGESGBXBMDA confirmed in round 11712272.
Write to app: 13374027
The time cost of opting in5 advertisers is: 1003.7005095481873
The advertiser logins into account 7ILMQQ44OXGE5G243GD5GIKZYQMVTJSUS7XR65XOL2QRXI2D4WGI72C6KI
The advertiser account is included in Category4 category
Money transferring transaction G6X6RFU4565QCKMSZAN5SE5NJRVO672OLT7HOZL3AVSPBKUP6XDA confirmed in round 11712275.
Searching blank area for category Category4
Searching blank area for category Category4
Searching blank area for category Category4
Waiting for confirmation...
Transaction 4VEFHRV2CNGKJANCK2L6ZEGE2EZDJBNDEQYKFSHAMNVEVRANZ77A confirmed in round 11712293.
Opted-in to app: 13374028
Waiting for confirmation...
Transaction S7A75ZM257KDOCOJCILFRDBSXRJ2DQ2KDLV6C4UAZFO6XRYZAZOQ confirmed in round 11712295.
Write to app: 13374028
The time cost of opting in6 advertisers is: 1101.6097259521484
The advertiser logins into account ANSBTUI2AK552HKTK3KHX4QMYAVL2WFVFCHHAS6UADNGO2QKTRC2EBAP64
The advertiser account is included in Category0 category
Money transferring transaction RGCOA2UM6KZGCP26IMYQ3CBWICCQVP3GLC5CTWLYLJY5X6DSO3WQ confirmed in round 11712298.
Searching blank area for category Category0
Searching blank area for category Category0
Searching blank area for category Category0
Searching blank area for category Category0
Searching blank area for category Category0
Searching blank area for category Category0
Searching blank area for category Category0
Searching blank area for category Category0
Searching blank area for category Category0
Searching blank area for category Category0
Searching blank area for category Category0
Searching blank area for category Category0
Searching blank area for category Category0
Searching blank area for category Category0
Searching blank area for category Category0
The time cost of opting in7 advertisers is: 1879.5489568710327
The advertiser logins into account F6NL26H5OKH36BBWMLVCNVAPJGGJS62OPHU3DDN74LKUCYAOK3BXSBVBWA
The advertiser account is included in Category11 category
Money transferring transaction FQOITPHUAHWL7NJ2QJYTIUE4LWCBCQO2S2MBBJSRRYHTLV4WXO6Q confirmed in round 11712480.
Searching blank area for category Category11
Searching blank area for category Category11
Waiting for confirmation...
Transaction LKVGADR5TO2QKZR3H3WZBL3EFMWVLZP5F6Y6S4EX6Y4UIKCYW7GQ confirmed in round 11712503.
Opted-in to app: 13374023
Waiting for confirmation...
Transaction IYT45MI4C34PUU7H2ESUGEW6EPUBKLVERSZBFMNAVNPJIHNPDTZQ confirmed in round 11712505.
Write to app: 13374023
The time cost of opting in8 advertisers is: 2000.9117484092712
The advertiser logins into account 3L7WRGXIBFLLVTZUJ6AZ7BCLRY3PNKX455GYV2BTM7V3GGRUFDRBXFZCKI
The advertiser account is included in Category5 category
Money transferring transaction 6CVCSL5PWLYLJ6XY23YFUIPHHLR3P2N3ID4FAH2VXEAKOJG6GL2A confirmed in round 11712508.
Searching blank area for category Category5
Searching blank area for category Category5
Waiting for confirmation...
Transaction K5BWODT4RNPL2BWIRQGTBZGTHJTAJ6CYO2IQ5546CYJLNXJP2FAA confirmed in round 11712531.
Opted-in to app: 13374023
Waiting for confirmation...
Transaction QK7JDI53RYF6ABF6JXENG4AWSQPI6HVVCYHGK2DFQMYJQTWRTIZA confirmed in round 11712533.
Write to app: 13374023
The time cost of opting in9 advertisers is: 2120.6494903564453
The advertiser logins into account RODNI52NPHDTSG7IPIK37CKEDMPXISM3P6D2PGMAXM7IRUEYD6KOHXBCHI
The advertiser account is included in Category4 category
Money transferring transaction ZHMNCOQDBQ2MUXAIRWYDWR6BBKKIRQVTFGHYSUZSV2K46SYZGFIQ confirmed in round 11712536.
Searching blank area for category Category4
Searching blank area for category Category4
Searching blank area for category Category4
Waiting for confirmation...
Transaction YCZUETEGUSV3H4DPDSQ4Z734ZXZXAA5VNLYUMMLAMYLQNIDNOD6Q confirmed in round 11712557.
Opted-in to app: 13374031
Waiting for confirmation...
Transaction QIMYTG5DL7LCPGHRUG5BSWNWWA7QN5RUZYK4K2QVSNYSOUVJ7B5A confirmed in round 11712559.
Write to app: 13374031
The time cost of opting in10 advertisers is: 2231.0712854862213
The advertiser logins into account U24EWKB7I2SP2B4SBAW56YQPH5REVMLSBKSFGNECULHG6CNFF6ZUEA7R2Y
The advertiser account is included in Category6 category
Money transferring transaction P4YGGDS2IEOCRHSI63Q45MEP3DVIXXFY65RWKM4WC767QTFIL7CA confirmed in round 11712562.
Searching blank area for category Category6
Searching blank area for category Category6
Waiting for confirmation...
Transaction KFTOTIEJN3PBYMN3O4PMFY6OI4TT2WRBMA4BCIF2I2KQMLSS6YEA confirmed in round 11712585.
Opted-in to app: 13374023
Waiting for confirmation...
Transaction LHUE4U5443PO6SBCOIYVEAPDCTO6VS5VVWZ5ORT76IXAKECDS7OQ confirmed in round 11712587.
Write to app: 13374023
The time cost of opting in11 advertisers is: 2350.781270265579
The advertiser logins into account 5NAJRY3F47BYPEEAH2Z3VLN5NFUIQPIDBVT7VZSEC4OVEJLARCVMR7WRZ4
The advertiser account is included in Category3 category
Money transferring transaction DMCR7W5HWKFQ7BPQWC5QTVJ76WM4HNC6FD6GFOST55NKNOCUYDWQ confirmed in round 11712590.
Searching blank area for category Category3
Searching blank area for category Category3
Searching blank area for category Category3
Waiting for confirmation...
Transaction EA4IUB3XTBER7TQBNLM2G22RBJEXQF5GOQNQVNQLBZIADNCNVKBQ confirmed in round 11712606.
Opted-in to app: 13374027
Waiting for confirmation...
Transaction WSIK4PPZQNT3XWJEMW3RTJUYROAHG5J3AANJKRMOMTR4RDM5JDJQ confirmed in round 11712608.
Write to app: 13374027
The time cost of opting in12 advertisers is: 2440.8506355285645
The advertiser logins into account TU2ETSGF3UKIDRYSVYRPF5SZFUXFMDKPLQZQYHCFIDOA6PD4II54MOLU2U
The advertiser account is included in Category1 category
Money transferring transaction UDSSCHQO7HCYF23GMZ6XOOJKPQNY5RSHE4QKOUD5CNNXWTBTXCLA confirmed in round 11712611.
Searching blank area for category Category1
Searching blank area for category Category1
Waiting for confirmation...
Transaction KUM474WMJFVGQBSP6OLNJ57RYJE4E42EWBHJZNLLYJIOPGORLQSA confirmed in round 11712636.
Opted-in to app: 13374025
Waiting for confirmation...
Transaction RD7PAS7VQPU446OFN43PKYORTJCYIFA6MFGEGBJTXQSKH7UOVMVA confirmed in round 11712638.
Write to app: 13374025
The time cost of opting in13 advertisers is: 2569.4700009822845
The advertiser logins into account ASCBHHKPFMA3AUSQSH7JKVFXBRCLEG4OA2LDSFRVHETETNSEVJNMKJ4RFI
The advertiser account is included in Category10 category
Money transferring transaction XDPIUURZYLLROZ7DGQQREOMZ3EMAT3QX7W4YYCQQ5VMDV2EOY2LQ confirmed in round 11712641.
Searching blank area for category Category10
Searching blank area for category Category10
Waiting for confirmation...
Transaction C4DWT2LXIJLL6OEQQY7GGSNSUXSP3JY4M7FACICBYAE6SIXL4FUQ confirmed in round 11712664.
Opted-in to app: 13374023
Waiting for confirmation...
Transaction 2PPKC65VAUELDDEEMHASZZ3DIY363TBDP33XKGFFUCW45STK5OHQ confirmed in round 11712666.
Write to app: 13374023
The time cost of opting in14 advertisers is: 2690.119985103607
The advertiser logins into account TSHL72H5WUNZBQ6KZU6T2NK5DC5X6HPZUPTKE7UXQGRQ4VKY7UYY7FQ6ZI
The advertiser account is included in Category2 category
Money transferring transaction DFC4GOU67VIKKE5HOZZZ2QLNXBG5KS2XDXC7VJOBOA7QJUIC7MBA confirmed in round 11712669.
Searching blank area for category Category2
Searching blank area for category Category2
Searching blank area for category Category2
Waiting for confirmation...
Transaction XCGX4FMVR554ICJZ76OK3MVZQYNOKT3HXTCEUD7RMWZEBCPIXKBA confirmed in round 11712685.
Opted-in to app: 13374027
Waiting for confirmation...
Transaction 6EI736VYA334OBV64G3ONQHC3RDW2EBIYHLTKKD4IKIOLE2XBAVA confirmed in round 11712687.
Write to app: 13374027
The time cost of opting in15 advertisers is: 2780.7203764915466
The advertiser logins into account J2NRCIIZNMQRKQWAJTOJSB6ACHWGWJO436XUPJTTM3GTG5BX4JPYPYTY74
The advertiser account is included in Category7 category
Money transferring transaction L23BLB7A3P3OBOUWCBYETKXFADA4HSQHRXDNYZ6S2O7D2EUSM4JQ confirmed in round 11712690.
Searching blank area for category Category7
Searching blank area for category Category7
Waiting for confirmation...
Transaction YK3UNEPAYWTI2IPWQ3OGRLTQ33MF6DVGB6OVC5W3NNZOHNVE7S6Q confirmed in round 11712713.
Opted-in to app: 13374023
Waiting for confirmation...
Transaction DPZRHEKJ66P2PDBJUK2C3KBYVQE24DQJWMDIUCCDECKIXGDA2IKA confirmed in round 11712715.
Write to app: 13374023
The time cost of opting in16 advertisers is: 2901.3057532310486
The advertiser logins into account VQJEQSAMLMNQCIGZBLKA6IBZZGSRBT54KI5KYC43CCTOG4KZGZJZIPQMIQ
The advertiser account is included in Category2 category
Money transferring transaction TMHXJQFTW6UFWHOB4ARTM57OGJWRC757NAIQ4BSTMEBNJS5BCSVQ confirmed in round 11712718.
Searching blank area for category Category2
Searching blank area for category Category2
Searching blank area for category Category2
Waiting for confirmation...
Transaction ATQPVJ6YKXYNXZHMLQGBDQHMI6KGSSWEHPYZO7A4WJ2HHMV374SA confirmed in round 11712736.
Opted-in to app: 13374028
Waiting for confirmation...
Transaction 2CGNHMZNA2Q2RXNFLN2MP5NCWLXWX4PCI6IFMQDTB77DUPQKSWWQ confirmed in round 11712738.
Write to app: 13374028
The time cost of opting in17 advertisers is: 3000.22171998024
The advertiser logins into account NGE4QH57KLCCP2DDQWU6USP477KBFGC2N7SF7LINPOAKJO2BKZEPXDHSOM
The advertiser account is included in Category6 category
Money transferring transaction 5VMTIVSOZ7XL57PTULVV7Z6PWHPIGNJYCZEY55YRL5PCAVOFOROA confirmed in round 11712741.
Searching blank area for category Category6
Searching blank area for category Category6
Waiting for confirmation...
Transaction VF7DPHG7HN4ZSSPZCWFTTHUAKM6W5CB37A7E5KMVSCLSKC2VE66A confirmed in round 11712766.
Opted-in to app: 13374025
Waiting for confirmation...
Transaction P2FORLFQVGLJEYGLOS73LO6QEWZJPQYFXJWMX7U6YVODFL5VTCOA confirmed in round 11712768.
Write to app: 13374025
The time cost of opting in18 advertisers is: 3129.4391736984253
The advertiser logins into account RBNWW3X4KRA5E35ZARQUTJ7KIZQAZ7VV74GW7LBVDHBRZ5DSMAY7E3WMMM
The advertiser account is included in Category5 category
Money transferring transaction KH6A72CSUNTX5FTEZF6GRRYERGWTUB2YLNOHKMQR2FQL2CLBU4TQ confirmed in round 11712771.
Searching blank area for category Category5
Searching blank area for category Category5
Waiting for confirmation...
Transaction BFIJXXUMQIZEUF7II5NRRDCLFSNYGYBBI4IHHTSOCAZUG2IXTYHA confirmed in round 11712796.
Opted-in to app: 13374025
Waiting for confirmation...
Transaction 75PHNZRIELDT44AG6XEDJTSCDFMDJM6BPINURA7YLC7LY6XRRDEQ confirmed in round 11712798.
Write to app: 13374025
The time cost of opting in19 advertisers is: 3258.8538513183594
The advertiser logins into account IDNL5WDOVTU33UBJIGMWKCCKMPRMIFEHI3SOSNCFMAGVOHY2C4M27V6X7M
The advertiser account is included in Category2 category
Money transferring transaction UOSV7TNKNB3474GTHCTK5F6A25W4HGCUEVQQ2SYJ77PQCMYEU3AA confirmed in round 11712801.
Searching blank area for category Category2
Searching blank area for category Category2
Searching blank area for category Category2
Waiting for confirmation...
Transaction MG2FUPQALZT2V2P5Y2JTW665E4NTNJ3R4H4B4GRBQAU4TBGNHYPQ confirmed in round 11712822.
Opted-in to app: 13374031
Waiting for confirmation...
Transaction N2W54TXOQJAIZCA3SZV73UHXUWFFYSN6LRDQPSJ4I4L7WBU2NTFA confirmed in round 11712824.
Write to app: 13374031
The time cost of opting in20 advertisers is: 3370.8077993392944
The advertiser logins into account 4ASZ372BFTH5JBNXFJHFZM7T4FBFGUFPRKV2UHEL6LLKKK2GCZR7DW2SPM
The advertiser account is included in Category11 category
Money transferring transaction 32XDUO5CGSZ2XCKS5PUXEOF46DG4E4CMPMR7WBFHNG6QMOGLMGBA confirmed in round 11712827.
Searching blank area for category Category11
Searching blank area for category Category11
Waiting for confirmation...
Transaction WZ5FNIFMZ632M7CUE7W2M4NZ5GBODG63U6UTTMNOFNS7RPG2IPEQ confirmed in round 11712852.
Opted-in to app: 13374025
Waiting for confirmation...
Transaction 3S2SZA4QRR6AGDXAKLQ7YRUGJY3O4E4CMOLUWQ25JNS4UVWEY7WA confirmed in round 11712854.
Write to app: 13374025
The time cost of opting in21 advertisers is: 3499.802839040756
The advertiser logins into account E3OJWUOAWLEL2JTFWHF2ADKWCKSQBQYSMTXJCO5HFC7B5SACYBNSTP5TO4
The advertiser account is included in Category5 category
Money transferring transaction 2BQLGLXRN5VVQH4BINJ2GGV4VJIVY4I2OPD67M25JONY4RPP5JIA confirmed in round 11712857.
Searching blank area for category Category5
Searching blank area for category Category5
Searching blank area for category Category5
Waiting for confirmation...
Transaction X4LSZ44LZOBHSLEAA7J2KVRGTWOV5BSOLXL7UFSNTHSNHGYRZYSA confirmed in round 11712873.
Opted-in to app: 13374027
Waiting for confirmation...
Transaction USJ5TYEPTZL4TCNGGYTE6MBWN77JT7B3BWLS6ZLMPMKIX2FCG66A confirmed in round 11712875.
Write to app: 13374027
The time cost of opting in22 advertisers is: 3590.173597097397
The advertiser logins into account OKVIGV6MC6I2ULRUBF2OPOPOROGOC5EX4AFJAFVHVNTWMFP3RJM3S6EKGM
The advertiser account is included in Category10 category
Money transferring transaction B273QQNZ5LGP3UNBAVMLD3GW2YT2HPRVTBVEGMPCSIDH6VSGGNDA confirmed in round 11712878.
Searching blank area for category Category10
Searching blank area for category Category10
Waiting for confirmation...
Transaction XHW7BIJ4OT4H5CXASZEGCQO6HZLZPP3STLZJX665IF27LFZG7R4A confirmed in round 11712903.
Opted-in to app: 13374025
Waiting for confirmation...
Transaction EXA4GWB3JMT3OGUQ6NW3NBRAEJPSO7RELDJJLA556BSJ3TXKKLNQ confirmed in round 11712905.
Write to app: 13374025
The time cost of opting in23 advertisers is: 3719.141341686249
The advertiser logins into account BM55IHA3OKBAVDYK64SAX7R3DKYS4RYZHSUYIMFXNZS65A3R433A67VEJM
The advertiser account is included in Category8 category
Money transferring transaction 6UFMYUASEF3MFXA5UTRM3UO5FQMSSJ3DK6T3LEZB3OZS72JP2J2Q confirmed in round 11712908.
Searching blank area for category Category8
Searching blank area for category Category8
Waiting for confirmation...
Transaction MJ2UOM3UQCCKOZRUN6TEAHY4EJ54M5JWH7KBCCOI7EG7KF6AH3PQ confirmed in round 11712931.
Opted-in to app: 13374023
Waiting for confirmation...
Transaction YIGYMILO3XB54OFF7HCWG3SI27RJ4ON6YOEYLNQRBXRWCZL2OZZQ confirmed in round 11712933.
Write to app: 13374023
The time cost of opting in24 advertisers is: 3838.9873340129852
The advertiser logins into account ERQIPSZJQGQUCFR4RNKYP6GYNL3YVRYWMBN35KRXMZ7YEL4XRIMSSSZDTE
The advertiser account is included in Category0 category
Money transferring transaction D5THD7UNSSRLE4M2MZILIZCHMALJXFXOFZWCUHPVQ7YFTCFB64RQ confirmed in round 11712936.
Searching blank area for category Category0
Searching blank area for category Category0
Searching blank area for category Category0
Searching blank area for category Category0
Searching blank area for category Category0
Searching blank area for category Category0
Searching blank area for category Category0
Searching blank area for category Category0
Searching blank area for category Category0
Searching blank area for category Category0
Searching blank area for category Category0
Searching blank area for category Category0
Searching blank area for category Category0
Searching blank area for category Category0
Searching blank area for category Category0
The time cost of opting in25 advertisers is: 4616.1303679943085
The advertiser logins into account OIBUAL226CYFRGHENF3U5FEHY6WTKLNSAJQTVAHYEK67TS6YUWB2PTATSM
The advertiser account is included in Category11 category
Money transferring transaction HY37JGP5I7XIHODGIPPALLDPFQMNHINRW65ISRDVGALZLHNV3CHQ confirmed in round 11713118.
Searching blank area for category Category11
Searching blank area for category Category11
Searching blank area for category Category11
Waiting for confirmation...
Transaction BMKTWQJZ6CP6XHS3NXFWGVJLEFD6GXYWWSX55SNP5R72OY6CHVLA confirmed in round 11713134.
Opted-in to app: 13374027
Waiting for confirmation...
Transaction R2GYJLSQGEQMKYOBACRGYAPZDGQ4AZSRQXXV6T2O3RRVVNIN6RHQ confirmed in round 11713136.
Write to app: 13374027
The time cost of opting in26 advertisers is: 4704.989366769791
The advertiser logins into account L5HW7JH36WKCMYQI7KWK7CJ6WPPJN6R5O2ZXMRGROE5NVRTDRZ5JU72JOI
The advertiser account is included in Category8 category
Money transferring transaction I63OAWTIHOWZE3QK4PQ4S6SWUCWXSJ5UREJ7NEKDMW5NHGKFMQAA confirmed in round 11713139.
Searching blank area for category Category8
Searching blank area for category Category8
Waiting for confirmation...
Transaction TRJQ5OCOLKLD6CGGO5OFS2QAZTASSZS4MQZKJZ3E2VWJMDANC3PA confirmed in round 11713165.
Opted-in to app: 13374025
Waiting for confirmation...
Transaction L7P76SZVBD7PULHOTGIU3GP6IFCLPT2QMVDLHHZTG4UUMRFWLEPQ confirmed in round 11713167.
Write to app: 13374025
The time cost of opting in27 advertisers is: 4836.388368844986
The advertiser logins into account HLWZTICPPOMYBHDSEJMJSHIMJCXKH7KT6FW7OLO35OEV3UYRNRT2ARYH6M
The advertiser account is included in Category3 category
Money transferring transaction NUEU6C4BJYGBHDL7LJIYT5C77W2BZYZLLW5KNMCTH3BU6K64URNA confirmed in round 11713170.
Searching blank area for category Category3
Searching blank area for category Category3
Searching blank area for category Category3
Waiting for confirmation...
Transaction PVZYIP2FJLVF3LXJL2IQ3DV2EN526VVMJI7QLLHNDGYXMO2R2VWQ confirmed in round 11713188.
Opted-in to app: 13374028
Waiting for confirmation...
Transaction XDN2ZKAZUDV5ZK63I6BD6IHAMC3WRBPWAXI25QNXYEGRNCGHZESA confirmed in round 11713190.
Write to app: 13374028
The time cost of opting in28 advertisers is: 4934.406334877014
The advertiser logins into account JNT6A5FYZETYVYQJ7OVQBAE7HEQJQSJTNLUSZSY7YDHZ55MOFQSV6GPNSA
The advertiser account is included in Category3 category
Money transferring transaction FZMEOLXYH4BQI5XXG43IXYG4GR5GIIIGZ4TAJ3573ZVCOAZ5QC5A confirmed in round 11713193.
Searching blank area for category Category3
Searching blank area for category Category3
Searching blank area for category Category3
Waiting for confirmation...
Transaction MIYQYQG5ARI2JBZ5FXTUVY6PJQU2DOOWNPAOIDVLVOXQ2JOXP3LQ confirmed in round 11713214.
Opted-in to app: 13374031
Waiting for confirmation...
Transaction 2O5NYQPIKVICPVIFPPRWZLFJESX3PT36TT2ERKHERDCNHQHNE7SQ confirmed in round 11713216.
Write to app: 13374031
The time cost of opting in29 advertisers is: 5045.441362857819
The advertiser logins into account Q5HEW2WTUXCQWBEVS7PIFYBI4ISVEVJVUGWPYHYDUMEAYXRNICONDNWSME
The advertiser account is included in Category1 category
Money transferring transaction XOGWLTGVGODG57GYZ4DBKTJ3HEZYNLZP2PYQ3EHR6YVHT56W62RA confirmed in round 11713219.
Searching blank area for category Category1
Searching blank area for category Category1
Searching blank area for category Category1
Waiting for confirmation...
Transaction GO4BQZJIAKODKK6XFGOTR262EAZOZPGJECLXGRJJE4IBJO5R2GHQ confirmed in round 11713235.
Opted-in to app: 13374027
Waiting for confirmation...
Transaction QMB7ILOWTGBTE3WZONX4LNEJ2LPXXMH4AMJ2M4F7RWJ6GWN4VM6Q confirmed in round 11713237.
Write to app: 13374027
The time cost of opting in30 advertisers is: 5135.539367198944
The advertiser logins into account VQNQ2AGWHYJEFH7GP4COX7KQCAYPGALNOV4UKALMIRHMZC67DSMCAT47JQ
The advertiser account is included in Category10 category
Money transferring transaction JNADVAJDNJWQMD2IBX5G4TJNCJRUFXG6XMM3EJLZQKYZIYBSAC6Q confirmed in round 11713240.
Searching blank area for category Category10
Searching blank area for category Category10
Searching blank area for category Category10
Waiting for confirmation...
Transaction 22MQV6QZTPTLFFMXPI2KMNLVR63CEJN6BNAXKHQ5NGEYJMFBLDJA confirmed in round 11713256.
Opted-in to app: 13374027
Waiting for confirmation...
Transaction 2RXWJEJJIHIZBLAOYU5SHVV7PZMR6M7EHFQRCCZPH25QKRP7SPYA confirmed in round 11713258.
Write to app: 13374027
The time cost of opting in31 advertisers is: 5225.817363500595
The advertiser logins into account DHQNMJVPVM2TEMJEOATRWPP5AH53CEJDASOUMC7KSLFNUYKVGZ76OFPVMI
The advertiser account is included in Category9 category
Money transferring transaction X2HJXDOPYGDN3FOVXAALTKBVE67CZVHYJTLWX57ZW2HAKI5YUD2A confirmed in round 11713261.
Searching blank area for category Category9
Searching blank area for category Category9
Waiting for confirmation...
Transaction BHAPAWVMXEBMABUW527NOBYLSV4BUCSDBQHB3JX7REFGICN4CTAQ confirmed in round 11713284.
Opted-in to app: 13374023
Waiting for confirmation...
Transaction X6ZNT6R2LH3ELXW5JAEDTVMJBN6BSG4FXAOW3V2QGVHUSWVAYZUQ confirmed in round 11713286.
Write to app: 13374023
The time cost of opting in32 advertisers is: 5345.7863647937775
The advertiser logins into account NFPH3IWIEG7VAJJB4ZS6KEBKDSFS5LSDWVKUD2F5BOQUPQUOYFUFCM22OI
The advertiser account is included in Category9 category
Money transferring transaction MPU442YZIYRKRY7UPV346QGM46UWLYDP2NHFR5Y22BNWLARTK6ZA confirmed in round 11713289.
Searching blank area for category Category9
Searching blank area for category Category9
Waiting for confirmation...
Transaction WS44FDBBB5HBGHGUHGRWVJ363PMGSQFTUYQNNOB2MNYOLUVAPBFA confirmed in round 11713314.
Opted-in to app: 13374025
Waiting for confirmation...
Transaction 5GQJVI6XXJTT7TEDYMDKAZ4JNEP7AEXR4G5VNPQNRCXCYNZWKUCA confirmed in round 11713316.
Write to app: 13374025
The time cost of opting in33 advertisers is: 5474.757365465164
The advertiser logins into account TWPJQGFSUXNQ7TKQ262WMUTUICL5JYCTASBZM6CILTJ4NB2WSNY3ENRHM4
The advertiser account is included in Category7 category
Money transferring transaction SF2WJFAVVKX4Z7HWM52FORMCUR7EXCHSK5XXJHYMTLXNZ5JV44MA confirmed in round 11713319.
Searching blank area for category Category7
Searching blank area for category Category7
Waiting for confirmation...
Transaction 4GEGEVVKLGZDIXZ5HEQLWNALQHPU2ZR2NI2MLWDVMPACFIA23LXQ confirmed in round 11713344.
Opted-in to app: 13374025
Waiting for confirmation...
Transaction NEP2LHBGBTBL4WCRZNTDUD5XUJGG4LV3MYRXH45PE3ZAUKSJ6B3Q confirmed in round 11713346.
Write to app: 13374025
The time cost of opting in34 advertisers is: 5603.9473304748535
The advertiser logins into account I7DYIEO2SYVFG46UV7IULKJIBHJIXK5ERPCLY6AO7I5UEJRZZ2KHMZUIYU
The advertiser account is included in Category5 category
Money transferring transaction XBA65IXTS4EWO46ENPJIKC3V6HAXM3Z5GDLAY6VTQ43NTXH2SFKA confirmed in round 11713349.
Searching blank area for category Category5
Searching blank area for category Category5
Searching blank area for category Category5
Waiting for confirmation...
Transaction HNSP6CCGKERK4FBEME63T6AU4HXWDPNCKU6KA5QNOG73RTLQWCYQ confirmed in round 11713367.
Opted-in to app: 13374028
Waiting for confirmation...
Transaction 3QYZDBFDDYXHI2VVOUELWTELK3T7OFYPG7GWLRCMAVV6E77B5UMA confirmed in round 11713369.
Write to app: 13374028
The time cost of opting in35 advertisers is: 5702.385331869125
The advertiser logins into account YUGR5ENUEJUDEOA2EEIJ6GH2OMNVPRUVZ537ZQIWLATYZPYI3EF7HWHAHQ
The advertiser account is included in Category9 category
Money transferring transaction TRRYWN66FQ6CJJUDYJHDCDBKC52JYDSOG4DM7AKYI4U3VL5CTS5Q confirmed in round 11713372.
Searching blank area for category Category9
Searching blank area for category Category9
Searching blank area for category Category9
Waiting for confirmation...
Transaction IGS4NQH4QGHG44FA6PJF6Z5SNZ6HNXBYEGFOWZBIHLYJSQKIFWFQ confirmed in round 11713388.
Opted-in to app: 13374027
Waiting for confirmation...
Transaction ZZYTHNGELJWUNR2AUPCC34FPPTBFIZZXQIUFQMJF64P6NKNT7A7A confirmed in round 11713390.
Write to app: 13374027
The time cost of opting in36 advertisers is: 5791.458366394043
The advertiser logins into account OTAB7EBQMKXNXZPQAYOC273LYUB3KW2KM5OZKHQBWDQTF5K7L3V5J64E3I
The advertiser account is included in Category6 category
Money transferring transaction SMAFLUET7SVYUNHIPX3DCEN66JOBHFR3PA3K5LM2WEVWUUWS4GGQ confirmed in round 11713393.
Searching blank area for category Category6
Searching blank area for category Category6
Searching blank area for category Category6
Waiting for confirmation...
Transaction B5AEOKP7WF6EQL4TJX7L6ICJRQ2ICKKBX6XOQWX72GQMT7UEQLKA confirmed in round 11713409.
Opted-in to app: 13374027
Waiting for confirmation...
Transaction PO76SMYFU6ZCFJV3ZBC7J4OZZUMJCF2DOPQCBX7GIKYYPYNVRAPA confirmed in round 11713411.
Write to app: 13374027
The time cost of opting in37 advertisers is: 5880.667384386063
The advertiser logins into account 6LSFOHVLYBCCUNTIY6MZLJ4AB7OCXY5JQB72GXOVJ7NJMOBSBDF2Z6DFLY
The advertiser account is included in Category8 category
Money transferring transaction ZLDMMZKJVKPDYK4NCTIHBQYDP6WT4MLH2VQI6OREZJZU7HZUFNVA confirmed in round 11713414.
Searching blank area for category Category8
Searching blank area for category Category8
Searching blank area for category Category8
Waiting for confirmation...
Transaction UI4UZY2BBI3HENCUGG25CMAZ4CCNQ2JFPREKLHJOM56OQEQ7BBGQ confirmed in round 11713430.
Opted-in to app: 13374027
Waiting for confirmation...
Transaction SH45LS6H6O32LWLE5SZIW35FDYQH3FFRU2R45UFJRA4CJWL6UOEQ confirmed in round 11713432.
Write to app: 13374027
The time cost of opting in38 advertisers is: 5969.7857892513275
The advertiser logins into account BA35ZKTQYBNDAPYQHAGLGETDFSOI7HR7ZAVKS6PYL7PDHCERQOOGEOCSXU
The advertiser account is included in Category1 category
Money transferring transaction 3R5TNNGKOWVYYYPEZDJRUM67GPYUKVBDQM5OM7OXUHDVI2V3MB2Q confirmed in round 11713435.
Searching blank area for category Category1
Searching blank area for category Category1
Searching blank area for category Category1
Waiting for confirmation...
Transaction JRET4MPDZEHX3DUQISIAHQY6LQ3FXCFVYK23NMVFPCBLMORWDHUQ confirmed in round 11713453.
Opted-in to app: 13374028
Waiting for confirmation...
Transaction GVFJXXBQAXUNZJ6HEZN2ENDDNFZTT6LE7WI7CC3IMC6CJBSNULLQ confirmed in round 11713455.
Write to app: 13374028
The time cost of opting in39 advertisers is: 6067.3291664123535
The advertiser logins into account 27XAURCQGZS6JPSZTUDWSNKT6A6KNJGNYVEKQ5NGUVPCUS2TZCJW57FIP4
The advertiser account is included in Category8 category
Money transferring transaction BYE3QZ7I3YBSZJEAPPGQLQCF66BHDSGQEKDTZKT5SW5S6C2ZXSLA confirmed in round 11713458.
Searching blank area for category Category8
Searching blank area for category Category8
Searching blank area for category Category8
Waiting for confirmation...
Waiting for confirmation...
Transaction Q5M3IXAZQXFR4EYWLTHESGVDKZD3E5R4L6R6HKGZIMARLG74ONFA confirmed in round 11713477.
Opted-in to app: 13374028
Waiting for confirmation...
Transaction IN6Q24FQ7UXOMW6XK3X7OWIDEDQF7H5PQMXJKI5LKMC53TXZ4HBA confirmed in round 11713479.
Write to app: 13374028
The time cost of opting in40 advertisers is: 6169.326226472855
The advertiser logins into account FYTCP3F3Q3YX64GYNP3C5H2S3SRYFJMFSHZENPE6VAJBAVY76BSGVEGITE
The advertiser account is included in Category11 category
Money transferring transaction BOV3QB2SWFZGXKV4KTKIJTFBLN2VBBVUO4JOVKLBYG3XSEZKAN3Q confirmed in round 11713482.
Searching blank area for category Category11
Searching blank area for category Category11
Searching blank area for category Category11
Waiting for confirmation...
Transaction HPDBDOSSASR7EDF36JFW6YFRU5MKTE3A77EC5UFCKUXJSQQDYOGQ confirmed in round 11713501.
Opted-in to app: 13374028
Waiting for confirmation...
Transaction TQ4S56F5FXNPHKVEH4CGZWFSNEPVLLXQEYFG7OZRPVPH2ZKPCOLQ confirmed in round 11713503.
Write to app: 13374028
The time cost of opting in41 advertisers is: 6270.936455965042
The advertiser logins into account G73ARKF2LQGI5E7Q7B6XYLUGMCWG4VHXULQPEIXHAA3PWOZXN2CQTS7EDQ
The advertiser account is included in Category5 category
Money transferring transaction BRLUKX5AR73VR7WJCFN36JZ3JDTMDUUR7MVC4UEVOTSGT247XFFQ confirmed in round 11713506.
Searching blank area for category Category5
Searching blank area for category Category5
Searching blank area for category Category5
Waiting for confirmation...
Transaction IVJXCMEUKM6J3CQFTA446MYFP633HLTLT3AXBYXGM6JWPVCAFWXA confirmed in round 11713527.
Opted-in to app: 13374031
Waiting for confirmation...
Transaction UCRK4SSTMWXDYE7RV36X6SRN3H2LAYFVHGNAULBQDO6ETV6POZIA confirmed in round 11713529.
Write to app: 13374031
The time cost of opting in42 advertisers is: 6381.284846305847
The advertiser logins into account FYO5XHMPPEJLRNEKHOZA5BCQJAOI75WLX7FRDRH7DGJDQPD3DSUWYT7KXU
The advertiser account is included in Category10 category
Money transferring transaction YZ7WTZ6UBK6DPTW7CSPQ3I57THQM6TVTH2KASDYHUM5VGK3TKAUA confirmed in round 11713532.
Searching blank area for category Category10
Searching blank area for category Category10
Searching blank area for category Category10
Waiting for confirmation...
Transaction 2MCOFRKMLRWA6OIYN6ABWZ6GSYLZOQBHYMKHAALS47IGWONL3BJQ confirmed in round 11713551.
Opted-in to app: 13374028
Waiting for confirmation...
Transaction DQOMFCJRYZENIMV4UMRP3L622D3PDI2AWHSPOWU5XVW573OHJJRQ confirmed in round 11713553.
Write to app: 13374028
The time cost of opting in43 advertisers is: 6483.231448888779
The advertiser logins into account CTIW6BBUCJ3S5Z6HQ4SHF46XFPVPC6FHLQLT5EH2QVPMB6GRHOXK5PZRUU
The advertiser account is included in Category9 category
Money transferring transaction ZJVTWBAHA25ZXISQ6VZFCJBUVHO43O6RSQH4POSBFDT4FR2WJHMA confirmed in round 11713556.
Searching blank area for category Category9
Searching blank area for category Category9
Searching blank area for category Category9
Waiting for confirmation...
Transaction IO3MJSUPT47JXOIOVZYRPHJVIEWSOUQMZ2WLZLSNZ5SPH6BXFZSA confirmed in round 11713574.
Opted-in to app: 13374028
Waiting for confirmation...
Transaction 54MWZ24YXJLHANPWFZKVVW6MFC4SSV7IBQY2BY4WOVWDNDFLBSNQ confirmed in round 11713576.
Write to app: 13374028
The time cost of opting in44 advertisers is: 6581.051561355591
The advertiser logins into account 475MFPR2A2O6BBYZYLFX6ZPX4FW747HI5UJVWHTZX6DRUG5FN6UMXRONJY
The advertiser account is included in Category6 category
Money transferring transaction PMPTTDTYVBF5BWYLCG6EYKEDPHI2RPO7EXXJBLQ3M3ESYKJKALBA confirmed in round 11713579.
Searching blank area for category Category6
Searching blank area for category Category6
Searching blank area for category Category6
Waiting for confirmation...
Transaction XSDRX2WI37JM2N2KMBOTGBIE7R3UTORF7C7HXEDRVG2NNURWLCOA confirmed in round 11713598.
Opted-in to app: 13374028
Waiting for confirmation...
Transaction YBZFBUCUZNIBUMAYWEWBT4Q2JAKFABDLDLT4KRRPLPHDKTZZA5TA confirmed in round 11713600.
Write to app: 13374028
The time cost of opting in45 advertisers is: 6683.4152290821075
The advertiser logins into account DJWLMXKSAEL3732DDMPKIPRWRJBMQNQAELLH736NZJ2UWM56KUL3ACIJ3U
The advertiser account is included in Category7 category
Money transferring transaction NGNYRNHXAKCNDFUDXWN5ZN6AILOFOBAGVAMCCQWSPEMK3DHDFP7Q confirmed in round 11713603.
Searching blank area for category Category7
Searching blank area for category Category7
Searching blank area for category Category7
Waiting for confirmation...
Transaction 6O2LMAKN2EA5C2645KW7FXVIRHSLFASFDGSJSWSP5SVDBQHNEHLQ confirmed in round 11713619.
Opted-in to app: 13374027
Waiting for confirmation...
Transaction ZBYCVPS27ME6TWCVW33XOB4O64QPGHH3O2GW6WDBF5YUXT7EA6BQ confirmed in round 11713621.
Write to app: 13374027
The time cost of opting in46 advertisers is: 6773.419191122055
The advertiser logins into account 755ICNXT3XUF5FB3HZ2YGDQRRBUNKRUVJP2QF5Q2B6GCWZ66WBF4EZKJO4
The advertiser account is included in Category1 category
Money transferring transaction ZGCVKOA7PR2CB54NU55O57WN3L6CAGKXAJ5YJZCMZSSRWQNPPHPQ confirmed in round 11713624.
Searching blank area for category Category1
Searching blank area for category Category1
Searching blank area for category Category1
Waiting for confirmation...
Transaction JKLAQKR4735E2IJAGQHGWHDORRUBDPFQ7Q7CQFBTDWK7UI3NXIZQ confirmed in round 11713645.
Opted-in to app: 13374031
Waiting for confirmation...
Transaction UCM7QPES3CBUPYY6TGE3NFGULOBMHPU4GBEIXRJY3KFC72TC6XDA confirmed in round 11713647.
Write to app: 13374031
The time cost of opting in47 advertisers is: 6884.5457491874695
The advertiser logins into account 334ANJKVMZZ5BHOZFAKG7JA5EEVMAKXI2IEIQ3RVQ2NWPGP2YUH4I42VBY
The advertiser account is included in Category0 category
Money transferring transaction W4FVPNOQ72AW7H3DORS2HH4MHORKPBCYD64URRRG37CJR2XEP3OA confirmed in round 11713650.
Searching blank area for category Category0
Searching blank area for category Category0
Searching blank area for category Category0
Searching blank area for category Category0
Searching blank area for category Category0
Searching blank area for category Category0
Searching blank area for category Category0
Searching blank area for category Category0
Searching blank area for category Category0
Searching blank area for category Category0
Searching blank area for category Category0
Searching blank area for category Category0
Searching blank area for category Category0
Searching blank area for category Category0
Searching blank area for category Category0
The time cost of opting in48 advertisers is: 7663.1030349731445
The advertiser logins into account ESMRP6RZ7XIYZJFMW2S3VQLYPGGVIL74A7AWL5SR6RHAKSWALGOXOCXRGY
The advertiser account is included in Category7 category
Money transferring transaction KJFY7BCIHEKJPCR4KNVNDXJOFHLLFURPKLUJESKMCESU3UG3G4PQ confirmed in round 11713833.
Searching blank area for category Category7
Searching blank area for category Category7
Searching blank area for category Category7
Waiting for confirmation...
Transaction RCAAQ72V4IANCYI45QHVBA6TT2XAGG4RDQJKCA54MK5ZUHL7TZTQ confirmed in round 11713852.
Opted-in to app: 13374028
Waiting for confirmation...
Transaction 6H4PRIEUWI4KGTFUKKP3AMOF4DGKZKRKHC3EAYCRE7IURQU3HS2A confirmed in round 11713854.
Write to app: 13374028
The time cost of opting in49 advertisers is: 7765.519164323807
The advertiser logins into account GZLVOKLGMUAUWQCNECDUGBGR6NP73JTFZKOT5AEQNERV53XF4HXXLSZXKQ
The advertiser account is included in Category4 category
Money transferring transaction 3ONO5ISP5C7LNQWM7OJZ3REI3FNUCVQTBDASK5SXIFI4ZGIN5WEQ confirmed in round 11713857.
Searching blank area for category Category4
Searching blank area for category Category4
Searching blank area for category Category4
Waiting for confirmation...
Transaction BYXPDSXH2IQ5LMADGFBQI5I775FCEKZWL27UJM7UEJQ3CB6E2RWQ confirmed in round 11713880.
Opted-in to app: 13374033
Waiting for confirmation...
Transaction ZG7U6DC7WSW65TITOEOFE672G2J55I4J4EHRQNR2DP6V7LR2NX7Q confirmed in round 11713882.
Write to app: 13374033
The time cost of opting in50 advertisers is: 7884.1848685741425
Searching for category Category1
Searching for category Category1
Searching for category Category1
Searching for category Category1
Searching for category Category1
Searching for category Category1
Searching for category Category1
Searching for category Category1
Searching for category Category1
Searching for category Category1
Searching for category Category1
Searching for category Category1
Searching for category Category1
Searching for category Category1
Searching for category Category1
The searching results from multi-contracts of category Category1 are: 
B4264NAV2BALDQ66MD72VWE2BI7K3SJXZZZRVPZCR223DXLV4K6IFAXSAY
{'AdvertiserUrl': 'Url: B4264NAV2BALDQ66MD72VWE2BI7K3SJXZZZRVPZCR223DXLV4K6IFAXSAY'}
{'OptedAppId': 13374006}
TA4QCKOJSCRBLAPJ4N65UBL5DOS5IXZII22A2I3I7HYB6OTHKYUZT6EGIY
{'AdvertiserUrl': 'Url: TA4QCKOJSCRBLAPJ4N65UBL5DOS5IXZII22A2I3I7HYB6OTHKYUZT6EGIY'}
{'OptedAppId': 13374007}
43PBBZMBRBXLAN5JLFGNTWHDPSUMDETCQORJ36RVMR2BAUQJGACDZUGRNU
{'AdvertiserUrl': 'Url: 43PBBZMBRBXLAN5JLFGNTWHDPSUMDETCQORJ36RVMR2BAUQJGACDZUGRNU'}
{'OptedAppId': 13374009}
D4ODSWUA3XVV6WSPGUF5TESLH6LCDMOB57ZFFJISJP4PCLTXQTNJXX33LI
{'AdvertiserUrl': 'Url: D4ODSWUA3XVV6WSPGUF5TESLH6LCDMOB57ZFFJISJP4PCLTXQTNJXX33LI'}
{'OptedAppId': 13374011}
35HI6ZEBO2XEEJRIXT2BPX54NSN3CHI6UALXC2KH7HKTYW6SMJ2XV4ZUYE
{'AdvertiserUrl': 'Url: 35HI6ZEBO2XEEJRIXT2BPX54NSN3CHI6UALXC2KH7HKTYW6SMJ2XV4ZUYE'}
{'OptedAppId': 13374014}
4EWIKUE6CYJVVMHXTWQVJY463EUWEVWYLH34EEYDX6AGQC42BPNJ5RUEHM
{'OptedAppId': 13374017}
{'AdvertiserUrl': 'Url: 4EWIKUE6CYJVVMHXTWQVJY463EUWEVWYLH34EEYDX6AGQC42BPNJ5RUEHM'}
IJ76FHFJEZ6XP5OPUXQJSYI7YSBKKZM7SJYUYAT75W3KH6EVKV7LOQFFFE
{'AdvertiserUrl': 'Url: IJ76FHFJEZ6XP5OPUXQJSYI7YSBKKZM7SJYUYAT75W3KH6EVKV7LOQFFFE'}
{'OptedAppId': 13374019}
Z7L5ZGAYXK3RKWCNKYPDZKZKQOMCII3EMZ4ZTKMK6VKBBJDAOYIS72OVKA
{'AdvertiserUrl': 'Url: Z7L5ZGAYXK3RKWCNKYPDZKZKQOMCII3EMZ4ZTKMK6VKBBJDAOYIS72OVKA'}
{'OptedAppId': 13374021}
A66Q4QY2HRAUVED5UC3HXYC6UMJCQFPJ2TXHWHV5SJLI5UWYUB5XRSU5JA
{'AdvertiserUrl': 'Url: A66Q4QY2HRAUVED5UC3HXYC6UMJCQFPJ2TXHWHV5SJLI5UWYUB5XRSU5JA'}
{'OptedAppId': 13374023}
TU2ETSGF3UKIDRYSVYRPF5SZFUXFMDKPLQZQYHCFIDOA6PD4II54MOLU2U
{'OptedAppId': 13374025}
{'AdvertiserUrl': 'Url: TU2ETSGF3UKIDRYSVYRPF5SZFUXFMDKPLQZQYHCFIDOA6PD4II54MOLU2U'}
Q5HEW2WTUXCQWBEVS7PIFYBI4ISVEVJVUGWPYHYDUMEAYXRNICONDNWSME
{'OptedAppId': 13374027}
{'AdvertiserUrl': 'Url: Q5HEW2WTUXCQWBEVS7PIFYBI4ISVEVJVUGWPYHYDUMEAYXRNICONDNWSME'}
BA35ZKTQYBNDAPYQHAGLGETDFSOI7HR7ZAVKS6PYL7PDHCERQOOGEOCSXU
{'AdvertiserUrl': 'Url: BA35ZKTQYBNDAPYQHAGLGETDFSOI7HR7ZAVKS6PYL7PDHCERQOOGEOCSXU'}
{'OptedAppId': 13374028}
755ICNXT3XUF5FB3HZ2YGDQRRBUNKRUVJP2QF5Q2B6GCWZ66WBF4EZKJO4
{'OptedAppId': 13374031}
{'AdvertiserUrl': 'Url: 755ICNXT3XUF5FB3HZ2YGDQRRBUNKRUVJP2QF5Q2B6GCWZ66WBF4EZKJO4'}
The time cost of searching is: 767.0828590393066
The user logins into account 3PVQVDVLVNRQ2LMFORLT6VPZH53S45B7UQPRD64CNQJ4CQAAOKQTVIUFPE
The advertiser logins into account U2VHSZL3LNGATL3IBCXFCPBTYSXYZBW2J4OGMPLTA4NA2CB4PR7AW7C77E
The advertiser logins into account 2OFJ4LGT366KOJLQ6IBRW5TCHOY2NII44DGWMTNTE6LRCI6NBL2HSQD2GE
Money transferring transaction YAESJ53KVVJKRVCZIVSSTDYKFKBLMMORHTDQY64ZRUUJQU6WVXJA confirmed in round 11721177.
The advertiser logins into account WRJHG6O6ZNPGN47XSMXFQGPMH6MA7R7GAYZZORVS2CRCZ6VCO2YGKFWI6Y
Money transferring transaction MSZBJJLL4IQRHLXRNLK2O7VAQZK7TSRHIKL567HMAXF5M3TQIZ5Q confirmed in round 11721180.
The advertiser logins into account LHCR6D7LPI5VGZQSEPVPFY47H7C6FZTDFZWWMV5DN3QJR63GOCYS7WMJYA
Money transferring transaction JKTICFPT4TL6QVSVBXOJ7XMDVFHI25ZBPOJCJ44HSLIU2QXLFZDQ confirmed in round 11721183.
The advertiser logins into account CVPFPBP2CN4Q7UFEZXXGRWAFDSDZNAB53LXTB7DC2WE2RN6HESGQGPJS4I
Money transferring transaction W5ZPWQTHEVMEJQADLDXDHOFYLWKJSQU5MQZNQP23KGWFPWZAW3LQ confirmed in round 11721186.
The advertiser logins into account LO3HHCJLQLXLZINZLYD7UNST4ZY2VEKSOHE5WNAMZSZECYAGXTQKRM7MIM
Money transferring transaction THMZ5IAZWCLEBWMQGK7S7ATW5A2Z7QNY6FHNWBZ22G4AVXFHNUJA confirmed in round 11721189.
Waiting for confirmation...
Transaction YJ3AU3KFYQAVPFA5AKTDYJI2LFZRARYYMMOVMK7TOKDK4RFSASOA confirmed in round 11721192.
Created new app:13377169
Waiting for confirmation...
Transaction SRUYIOIXMC4QV74NM5L7NTNYKPIKJQHWA5SBTJBKEBJML4GBWAKA confirmed in round 11721194.
Created new app:13377171
Waiting for confirmation...
Transaction 7YSSGACRYAFHUOAPOBVCRFI52UBO6NTJ72HTCYP5H2AAWG3ASB2A confirmed in round 11721196.
Chain to app: 13377169
Waiting for confirmation...
Transaction NM3BD3WOS6I3YDWP4FEJFTKBPBP7XOVO7OK4T3WJGGCRPNLR3GUA confirmed in round 11721198.
Created new app:13377173
Waiting for confirmation...
Transaction GTKUKQY2D6V6EWCBVE2AMGMQGPCNPOY2K4JVKDZCHGMDSQFC2ZOA confirmed in round 11721200.
Chain to app: 13377171
Waiting for confirmation...
Transaction QIVJIQSVPKUAW3N4C5CTJG3F77RJ4JL4ODQCOCHWZROOCMJSA63Q confirmed in round 11721202.
Created new app:13377175
Waiting for confirmation...
Transaction N5CDXOTE7IBV4EMXIVSBBYNQM6KCAJNX7CZGAX42OB5M4GNSWUQQ confirmed in round 11721204.
Chain to app: 13377173
Waiting for confirmation...
Transaction TJ6EFFMRQPGTYLUOD2LINJKURBV64LV2DK3CMOISSCTWVGKPJD6A confirmed in round 11721206.
Created new app:13377177
Waiting for confirmation...
Transaction 3UHJQPU3HGCDXGFUHXZHUIZZ2UYJSQAXCNJW2HMW2TOR5OCOYLHA confirmed in round 11721208.
Chain to app: 13377175
Waiting for confirmation...
Transaction YPJG6G2MEXCNXSGKHEVIBOOEWRPQ722XNGU5W7WUODVXCPNUQRTQ confirmed in round 11721210.
Created new app:13377179
Waiting for confirmation...
Transaction 7URAL36OKHI2GIB2V3ALYNYY62OCPR5XCK42AFSQL3YEXLBOXOUQ confirmed in round 11721212.
Chain to app: 13377177
Waiting for confirmation...
Transaction KPDUKIASF7HGRBH3KXR6PJGSR7RSCRNQQ2Q3YZ24LAC3I6B6FZ6Q confirmed in round 11721214.
Created new app:13377181
Waiting for confirmation...
Transaction MD6FLG43DGYMN3MH3FDOUVO3BPCRLHCNP7REUNNSFYVLBNN2YR5A confirmed in round 11721216.
Chain to app: 13377179
Waiting for confirmation...
Transaction 3XNWMRMAZ33VGZ4V3MGU4UGFHOVJNRT5T2BHJO4AH7XW63ZOJRPQ confirmed in round 11721218.
Created new app:13377183
Waiting for confirmation...
Transaction 6KILJ5BQBPQS2OWM3E6QLVVAWBVK2WOF7HNQNGLP4NKJMX5NJXFQ confirmed in round 11721220.
Chain to app: 13377181
Waiting for confirmation...
Transaction MOUZEP2JSZMHEBZ7M2APRJU76MQT7AKQGYVMPS7H6T4RJQZ5QEFA confirmed in round 11721222.
Created new app:13377186
Waiting for confirmation...
Transaction BFCHJVPIOKED4HVXW5ANTJCQXS5DHG3SBJKA3QRCO3RA4CUNLCFA confirmed in round 11721224.
Chain to app: 13377183
Waiting for confirmation...
Transaction XA7IDKLGCJHQKR7ORF7WHTQ5AIPPYVMQ3RLQ5DDXNBQYRIONSZQQ confirmed in round 11721226.
Created new app:13377188
Waiting for confirmation...
Transaction FFEVKXIX337LZXPJJIEP5ZQ4ROEY5BIR2VWPUPE34KCWIMBLZP4A confirmed in round 11721228.
Chain to app: 13377186
Waiting for confirmation...
Transaction LBMA5SVOGGFTRUQZUVV5KKMCXKJI7MD5XB7JVGHBXF4PGIZIBOVA confirmed in round 11721230.
Created new app:13377192
Waiting for confirmation...
Transaction 7ZTOMGJ2ABXX2SKPLPUSJ27SUHYBN7DYLRD6DQ2YKAWP53FGK3SQ confirmed in round 11721232.
Created new app:13377195
Waiting for confirmation...
Transaction GSTCCRLUCR5O2543R7ZCFKRSRQ7RLSFGYNYV4DIW3V65OURW323A confirmed in round 11721234.
Chain to app: 13377192
Waiting for confirmation...
Transaction RBNQKRUUNYWW7LCXC6AVND5IJQOCTF6T3RK4UWW3KTWDRMYP6SPQ confirmed in round 11721236.
Created new app:13377201
Waiting for confirmation...
Transaction BNMVNGVLJAMVH2VJZGM3YNV643Q55KQ7RZZZON2CKAYHTDZZFCLQ confirmed in round 11721238.
Chain to app: 13377195
Waiting for confirmation...
Transaction S7BBL6ENP2B7ZQ44ULWSGUHQY5LWJL7WZ4J7CXGGN73YAKV2FSIQ confirmed in round 11721240.
Created new app:13377203
Waiting for confirmation...
Transaction 4AKX5HK2DEURKJ7XDLZUADXL4QJCTRVZLODNJD6RDF274RXA5YVA confirmed in round 11721242.
Chain to app: 13377201
Waiting for confirmation...
Transaction MSZBHQUUHH4CKKD4LZOAFCVESBQBR5C4JSSEIU24PVVSDKHOKACA confirmed in round 11721244.
Created new app:13377205
Waiting for confirmation...
Transaction RMGRV6UILYPHJRFXLRYS373HQDZERKLVFDNNMPQVVMINEVTXM3AQ confirmed in round 11721246.
Chain to app: 13377203
Waiting for confirmation...
Transaction IMKIMUI4EFMDWRVQTOUPLYPMVM52OO4OZENDQQXTBL5STTEP2XCQ confirmed in round 11721248.
Created new app:13377210
Waiting for confirmation...
Transaction QVTXJKTWDV6N2XWUDZDL2LFFRPZPA6SMMEWH5RJCJNLJEQNIAWSQ confirmed in round 11721250.
Chain to app: 13377205
Waiting for confirmation...
Transaction DCJMT7SVIB3H3FED7ISONOPXIMZQUKAVBMECRX5U4A5QTYBYAWTA confirmed in round 11721252.
Created new app:13377213
Waiting for confirmation...
Transaction 26D6NJPT3XXHOBGYZRWNYF5LFWZ6IWTIL2MPBTZZC355S7AK5CJA confirmed in round 11721254.
Chain to app: 13377210
Waiting for confirmation...
Transaction OJ767FGZ2TAJNOTIYDHTTU65IQHCAAHWVETGS7SKLGAZBLKWQEKA confirmed in round 11721256.
Created new app:13377215
Waiting for confirmation...
Transaction ZLHERX4RW2D3W65PZP34IX77PQKQCLBU4MAOZHCANUAMIJNIK4VA confirmed in round 11721258.
Chain to app: 13377213
Waiting for confirmation...
Transaction O64AEKBO4GFIKN2FG3LEQTABQVIQKUVGEXIPDGBH6E7TGJLPO6YA confirmed in round 11721260.
Created new app:13377217
Waiting for confirmation...
Transaction QOLETDM4U5FNS6FEXYWUMR465CZ4DL4CEWKBQOXUF7HNAX2WSSAA confirmed in round 11721262.
Chain to app: 13377215
Waiting for confirmation...
Transaction 6N7A3VKPJIIE3FGMSCYUN3I66VO6UMD5SJD4XZICSMBDZLXRAOSQ confirmed in round 11721264.
Created new app:13377222
Waiting for confirmation...
Transaction IJSG3WXLQ6L77CQADMAD4FBTIMULPJD6QMVT5VQVETSGT6OZ4SVQ confirmed in round 11721266.
Chain to app: 13377217
Waiting for confirmation...
Transaction C7Y45Q7TTE63UWAKYHASNZ4AVBNLUGKF4D34LO5JTW573EARNXQQ confirmed in round 11721268.
Created new app:13377224
Waiting for confirmation...
Transaction 3WRYNPWORR2YHDYL64QYXKJREB6EDIVGRDDOIWMKG7C22KGD6HRQ confirmed in round 11721270.
Created new app:13377225
Waiting for confirmation...
Transaction ZBYRMQP3R6BOR5IPWXE4VG7J5LQWCNVXQH3H4IPDFDARXMALQ5AA confirmed in round 11721272.
Chain to app: 13377224
Waiting for confirmation...
Transaction LBJRNU35QF4D23Z4V5YDERTSGPWDTD3ENSIXJTHQLEHL54T6X3LQ confirmed in round 11721274.
Created new app:13377227
Waiting for confirmation...
Transaction V7J4TT4S3RGLY3VIHZEVNCSCINUVNMAQSANM6URFUJOFFXJH2SNA confirmed in round 11721276.
Chain to app: 13377225
Waiting for confirmation...
Transaction KKRBQWXUB5KVTY6EFTEEGLHFQLIO4K637NERBWDKCIJHYHYCR26Q confirmed in round 11721278.
Created new app:13377230
Waiting for confirmation...
Transaction MFSXZFN5KACD5T7H62RZXJTGA6YGPJ5JGWXQHYXW3MZZFS3A3USQ confirmed in round 11721280.
Chain to app: 13377227
Waiting for confirmation...
Transaction RAGLM532VBAGLQVQGFOJW7D3TCAZSGAFDOLGZ6ECR3J4OKX3UMSQ confirmed in round 11721282.
Created new app:13377236
Waiting for confirmation...
Transaction VAZBUL3BIQXEURPWGT7DUAPWJ4TZB77VMXHNXVQKXXVQHWGKPM4A confirmed in round 11721284.
Chain to app: 13377230
Waiting for confirmation...
Transaction BADVT5YQRH4G3KOJG2ZMOIYJMOXX66LDA3ONOPSCBTTKWP42HWLA confirmed in round 11721286.
Created new app:13377241
Waiting for confirmation...
Transaction BCCICPIO5ADBQYYPV7FLV75PBNOWBQDQ62D6XBJFDYU34MEN4LNQ confirmed in round 11721288.
Chain to app: 13377236
Waiting for confirmation...
Transaction PBDO6P3QPNJXKM3276BPHOIR54YASQFYZNYXP2LGNLKE6VX3NHVA confirmed in round 11721290.
Created new app:13377247
Waiting for confirmation...
Transaction EJTVORAFMBKH5HRAKH5PZCB32Z5YSGVDT4RYCM6PR3ELBSX5SJHA confirmed in round 11721292.
Chain to app: 13377241
Waiting for confirmation...
Transaction 5LDACOAWRESPGMZXZJWHDOFOFOJLGQRRDVQUDACSWCAN54J4BT2A confirmed in round 11721294.
Created new app:13377250
Waiting for confirmation...
Transaction JMPTTRBEEWOEPBWPXUBEUWB6OHZXAPWW7VDPZ3SPYQBEVHWZJKBQ confirmed in round 11721296.
Chain to app: 13377247
Waiting for confirmation...
Transaction TQTGVC7P5UIGJQNFECSLHAHFNLNC4HRBHLYQBFY4TR4BGW4R3MKQ confirmed in round 11721298.
Created new app:13377252
Waiting for confirmation...
Transaction 7XBNCBCOHFIMT6GLRKNBZYH4CBVS2O43HV7GRE73N7KND6OL3CMA confirmed in round 11721300.
Chain to app: 13377250
Waiting for confirmation...
Transaction ML2SFJLIH57VSDGKEGXPJE2QB52XZACXF4WSFXMYU2Y2R3J2WT2Q confirmed in round 11721302.
Created new app:13377254
Waiting for confirmation...
Transaction GQKDIQWT4VEGTTEJLPXMG3QRXBNF4YRICPIOXGZQTTH453SIK77Q confirmed in round 11721304.
Chain to app: 13377252
Waiting for confirmation...
Transaction MD4QIZOZS6R3NMH4HNBYR6HQHLW7VLBDL7OBJLFQWOQB7ENKIOUQ confirmed in round 11721306.
Created new app:13377256
Waiting for confirmation...
Transaction PTM2ZMETD5XMYOQTRCD63AZ36STPPHUDWS4OUM3O2DU4C7DNCFGA confirmed in round 11721308.
Created new app:13377260
Waiting for confirmation...
Transaction LRDOH7LIWHTX4MDAKDLVCBWCZSODVSJUHJZTPQNWE2MGNY2KBFNQ confirmed in round 11721310.
Chain to app: 13377256
Waiting for confirmation...
Transaction 5IE4NZ72KAGSCH3WNWAQ3L4QKCLPQODR4IHLTOTN6UMK76QPVLGQ confirmed in round 11721312.
Created new app:13377267
Waiting for confirmation...
Transaction NOBYINSZWHIOHSNBIYH73KEENEUX77AFKSMSH5VKESVRMK6KWQAQ confirmed in round 11721314.
Chain to app: 13377260
Waiting for confirmation...
Transaction EUDDEPCJTJDS4XRQZ2BVWYXUMDLSOVX7LISIU5OVQJF3OLV6KIUA confirmed in round 11721316.
Created new app:13377272
Waiting for confirmation...
Transaction H3K2TU2SLEJA7QF7ECUAL2Q3RNAHFK2WTPFSPC4WCOQ6MGMJEQAA confirmed in round 11721318.
Chain to app: 13377267
Waiting for confirmation...
Transaction HFSC346XK5Q7GIBCN7LUXIQJS5A4INSULNUK4N7LFGXFNTO7VWVA confirmed in round 11721320.
Created new app:13377276
Waiting for confirmation...
Transaction XS57ZTTQRYZPSTE252JNPGZPJJB23AZJ6LGFYPCA4TXRDSEUUMAA confirmed in round 11721322.
Chain to app: 13377272
Waiting for confirmation...
Transaction END3XEPZ7IM3KGZKAS2RVZL6NNRZJA3R3OQGI4BS6XOJD5BIPP3Q confirmed in round 11721324.
Created new app:13377281
Waiting for confirmation...
Transaction 2WGOLQBTCB4RAP3PWWDIGLZKMWVI53ZVTJLBHZHO6T24ENBDBB5A confirmed in round 11721326.
Chain to app: 13377276
Waiting for confirmation...
Transaction EF6UGYMCX7NFKXQTLOU6C7IJ7WRJQPUWNYXSLFRAUABRFHW6VNSA confirmed in round 11721328.
Created new app:13377283
Waiting for confirmation...
Transaction 5IHH6J3I377BQT5ZG7MNSJP4IFX2O2HKAVPRE7LXWQ5NQ5LCUR3Q confirmed in round 11721330.
Chain to app: 13377281
Waiting for confirmation...
Transaction LPXTIHEC7BLB7IMIJ5YNJSMRAVQ3AANRAPHSHP5K2VMD5ETOPTAA confirmed in round 11721332.
Created new app:13377285
Waiting for confirmation...
Transaction THCQ4FTXTU54KRCS7E2OYP5L2GAPJ3HXBUMQBRHQY3BT3RTZQZRQ confirmed in round 11721334.
Chain to app: 13377283
Waiting for confirmation...
Transaction VJOV6TOJSJUIQBQL243ORKEDYPFCEPTS5J73QXCKJLKALW26UNPQ confirmed in round 11721336.
Created new app:13377291
Waiting for confirmation...
Transaction 5K6QKKGGATRJP5FBP7IU3I2EKKI7YF5KLUYPN2JZ4L6TTJCY7VNA confirmed in round 11721338.
Chain to app: 13377285
Waiting for confirmation...
Transaction W5OPZGFHCV3KOPQ6EFGAV6D7UYMDWH237BULQYEVZAC5OYEWSNPQ confirmed in round 11721340.
Created new app:13377293
Waiting for confirmation...
Transaction OKV74DBILCI5LHCDZ3XGRHDLIVLQTIEYAY2XN6HAA7GEGKO2G2XQ confirmed in round 11721342.
Chain to app: 13377291
Waiting for confirmation...
Transaction ESBQ6CBRL2NTFFDEYRW4OANMYAVUO7IMZ4DYH5GOKAAS7L6W2CPQ confirmed in round 11721344.
Created new app:13377295
Waiting for confirmation...
Transaction CVSQVCC34JIHVXDTVTHZWDXVQBIJKAY3RNZ7GW5MO64NEGAUJH5Q confirmed in round 11721346.
Created new app:13377296
Waiting for confirmation...
Transaction J3WBOAKCH3PWEJQZUMVSGXNFZPIA4Y7KKCBBEFCATT32REUBQ2DQ confirmed in round 11721348.
Chain to app: 13377295
Waiting for confirmation...
Transaction 3MQJZV2BDAGDU4UUECFEXGSUPFRWU23I2F2WHICVKRBSMUKEFKJQ confirmed in round 11721350.
Created new app:13377298
Waiting for confirmation...
Transaction XCS4UVSJ6JP6NXKITWMFJFAYPO54LYOLPJSBPTJ2OJHNVZCW5N7Q confirmed in round 11721352.
Chain to app: 13377296
Waiting for confirmation...
Transaction OHLZ4DMOZOLXEJOUJ3UV35HXMM7CCUP6AANJQBB27QFZLZEG4XVA confirmed in round 11721354.
Created new app:13377300
Waiting for confirmation...
Transaction CCAQFVHEWM2JUJERVUHM7EMFP4237FO7Z5MA7SKHTBMYBXGFEMLA confirmed in round 11721356.
Chain to app: 13377298
Waiting for confirmation...
Transaction 52BLAG7GHMFNVEHAK4O2KOEH3HLXG66VPEAGG2FQZWGXHAF3CDAA confirmed in round 11721358.
Created new app:13377302
Waiting for confirmation...
Transaction QDPGVQY7STXBAGB7J735DVAMATC4DFRYGXBWP7QKI4JEWEIYM6EA confirmed in round 11721360.
Chain to app: 13377300
Waiting for confirmation...
Transaction L7JECYDB2BVMQ6QKRQPRF4KZKGPZYFKAFSFSBWF7GLKPGTEPJO3A confirmed in round 11721362.
Created new app:13377304
Waiting for confirmation...
Transaction FXIA5KLUYNKEZGDQFYGE3TD64CWZUWZ3AT4J66EJPY7RYOBPXAAQ confirmed in round 11721364.
Chain to app: 13377302
Waiting for confirmation...
Transaction ZD5P3NBEGVOY67O2MLG5KE23ZC2VEFLXPHE7QBXMZC32MYYQBU3A confirmed in round 11721366.
Created new app:13377307
Waiting for confirmation...
Transaction UUWTBEG7V4PXWJYLDFMODEWLMTT3AC3YKE24LMGYYUK5W2URFS2Q confirmed in round 11721368.
Chain to app: 13377304
Waiting for confirmation...
Transaction QDAZWEQ6CYVCOE3I5GPJGEU4RVW5MYNP4XELMUG42DRRPLHH4AZA confirmed in round 11721370.
Created new app:13377309
Waiting for confirmation...
Transaction WQ5HFOE7IP3OHMMAPZLGFY6I6LSA7S5ZUVZNH24MAYL4ZSJBWUYQ confirmed in round 11721372.
Chain to app: 13377307
Waiting for confirmation...
Transaction OWNCLAO4IMATKQY3RW2FXU3JBX3C4BYOEFAZLMUX2ZSHTR5HIIYA confirmed in round 11721374.
Created new app:13377311
Waiting for confirmation...
Transaction 3F36IE5ZCUEBMVQXJHBVOPZ6IAZFMNOP6VLK6T4PJ56SX2ZNZRUQ confirmed in round 11721376.
Chain to app: 13377309
Waiting for confirmation...
Transaction NXJBJU3JBXD2B2VQMATMRLQ7N5L72R3MAFXFYCJRGK4XH4ITV2WA confirmed in round 11721378.
Created new app:13377314
Waiting for confirmation...
Transaction 4I3PDZ5VM5WMOUTUFYJQQE5EXRVFQ7MS2UOQRQUKDDNGOY6C63GA confirmed in round 11721380.
Chain to app: 13377311
The time cost of adding 5 contracts is: 847.8712418079376
Searching for category Category1
The user logins into account IARLEYK25BHGRVY5UI4ZWUCRSPS32WVFOCOYVW53WY42NNTNYWQELUMUZ4
The advertiser logins into account U2VHSZL3LNGATL3IBCXFCPBTYSXYZBW2J4OGMPLTA4NA2CB4PR7AW7C77E
